=== Entering /home/fedora/btrfs-progs/tests/misc-tests/001-btrfstune-features
$TEST_DEV not given, use /home/fedora/btrfs-progs/test/test.img as fallback
############### root_helper /home/fedora/btrfs-progs/mkfs.btrfs -f -O ^extref /home/fedora/btrfs-progs/tests/test.img
btrfs-progs v4.14-52-g0c8fe06e
See http://btrfs.wiki.kernel.org for more information.

Label:              (null)
UUID:               a8ae0b84-3cf0-4704-a1e8-1565aae30dbc
Node size:          16384
Sector size:        4096
Filesystem size:    2.00GiB
Block group profiles:
  Data:             single            8.00MiB
  Metadata:         DUP             102.38MiB
  System:           DUP               8.00MiB
SSD detected:       no
Incompat features:  skinny-metadata
Number of devices:  1
Devices:
   ID        SIZE  PATH
    1     2.00GiB  /home/fedora/btrfs-progs/tests/test.img

############### /home/fedora/btrfs-progs/btrfs inspect-internal dump-super /home/fedora/btrfs-progs/tests/test.img
superblock: bytenr=65536, device=/home/fedora/btrfs-progs/tests/test.img
---------------------------------------------------------
csum_type		0 (crc32c)
csum_size		4
csum			0x1087cb4c [match]
bytenr			65536
flags			0x1
			( WRITTEN )
magic			_BHRfS_M [match]
fsid			a8ae0b84-3cf0-4704-a1e8-1565aae30dbc
label			
generation		5
root			29491200
sys_array_size		129
chunk_root_generation	5
root_level		0
chunk_root		20987904
chunk_root_level	0
log_root		0
log_root_transid	0
log_root_level		0
total_bytes		2147483648
bytes_used		114688
sectorsize		4096
nodesize		16384
leafsize (deprecated)		16384
stripesize		4096
root_dir		6
num_devices		1
compat_flags		0x0
compat_ro_flags		0x0
incompat_flags		0x101
			( MIXED_BACKREF |
			  SKINNY_METADATA )
cache_generation	18446744073709551615
uuid_tree_generation	0
dev_item.uuid		f4f2cd98-ee17-43a8-ba8d-e21806833bf8
dev_item.fsid		a8ae0b84-3cf0-4704-a1e8-1565aae30dbc [match]
dev_item.type		0
dev_item.total_bytes	2147483648
dev_item.bytes_used	239861760
dev_item.io_align	4096
dev_item.io_width	4096
dev_item.sector_size	4096
dev_item.devid		1
dev_item.dev_group	0
dev_item.seek_speed	0
dev_item.bandwidth	0
dev_item.generation	0

############### /home/fedora/btrfs-progs/btrfstune -r /home/fedora/btrfs-progs/tests/test.img
############### /home/fedora/btrfs-progs/btrfs inspect-internal dump-super /home/fedora/btrfs-progs/tests/test.img
superblock: bytenr=65536, device=/home/fedora/btrfs-progs/tests/test.img
---------------------------------------------------------
csum_type		0 (crc32c)
csum_size		4
csum			0xdfd50ca5 [match]
bytenr			65536
flags			0x1
			( WRITTEN )
magic			_BHRfS_M [match]
fsid			a8ae0b84-3cf0-4704-a1e8-1565aae30dbc
label			
generation		6
root			29376512
sys_array_size		129
chunk_root_generation	5
root_level		0
chunk_root		20987904
chunk_root_level	0
log_root		0
log_root_transid	0
log_root_level		0
total_bytes		2147483648
bytes_used		114688
sectorsize		4096
nodesize		16384
leafsize (deprecated)		16384
stripesize		4096
root_dir		6
num_devices		1
compat_flags		0x0
compat_ro_flags		0x0
incompat_flags		0x141
			( MIXED_BACKREF |
			  EXTENDED_IREF |
			  SKINNY_METADATA )
cache_generation	18446744073709551615
uuid_tree_generation	0
dev_item.uuid		f4f2cd98-ee17-43a8-ba8d-e21806833bf8
dev_item.fsid		a8ae0b84-3cf0-4704-a1e8-1565aae30dbc [match]
dev_item.type		0
dev_item.total_bytes	2147483648
dev_item.bytes_used	239861760
dev_item.io_align	4096
dev_item.io_width	4096
dev_item.sector_size	4096
dev_item.devid		1
dev_item.dev_group	0
dev_item.seek_speed	0
dev_item.bandwidth	0
dev_item.generation	0

############### root_helper /home/fedora/btrfs-progs/btrfs check /home/fedora/btrfs-progs/tests/test.img
checking extents
checking free space cache
checking fs roots
checking csums
checking root refs
Checking filesystem on /home/fedora/btrfs-progs/tests/test.img
UUID: a8ae0b84-3cf0-4704-a1e8-1565aae30dbc
found 114688 bytes used, no error found
total csum bytes: 0
total tree bytes: 114688
total fs tree bytes: 32768
total extent tree bytes: 16384
btree space waste bytes: 109471
file data blocks allocated: 0
 referenced 0
############### root_helper /home/fedora/btrfs-progs/mkfs.btrfs -f -O ^skinny-metadata /home/fedora/btrfs-progs/tests/test.img
btrfs-progs v4.14-52-g0c8fe06e
See http://btrfs.wiki.kernel.org for more information.

Label:              (null)
UUID:               195551aa-d0b7-4cf7-86da-84a1d416774b
Node size:          16384
Sector size:        4096
Filesystem size:    2.00GiB
Block group profiles:
  Data:             single            8.00MiB
  Metadata:         DUP             102.38MiB
  System:           DUP               8.00MiB
SSD detected:       no
Incompat features:  extref
Number of devices:  1
Devices:
   ID        SIZE  PATH
    1     2.00GiB  /home/fedora/btrfs-progs/tests/test.img

############### /home/fedora/btrfs-progs/btrfs inspect-internal dump-super /home/fedora/btrfs-progs/tests/test.img
superblock: bytenr=65536, device=/home/fedora/btrfs-progs/tests/test.img
---------------------------------------------------------
csum_type		0 (crc32c)
csum_size		4
csum			0x7a6dc19f [match]
bytenr			65536
flags			0x1
			( WRITTEN )
magic			_BHRfS_M [match]
fsid			195551aa-d0b7-4cf7-86da-84a1d416774b
label			
generation		5
root			29491200
sys_array_size		129
chunk_root_generation	5
root_level		0
chunk_root		20987904
chunk_root_level	0
log_root		0
log_root_transid	0
log_root_level		0
total_bytes		2147483648
bytes_used		114688
sectorsize		4096
nodesize		16384
leafsize (deprecated)		16384
stripesize		4096
root_dir		6
num_devices		1
compat_flags		0x0
compat_ro_flags		0x0
incompat_flags		0x41
			( MIXED_BACKREF |
			  EXTENDED_IREF )
cache_generation	18446744073709551615
uuid_tree_generation	0
dev_item.uuid		1dc7591d-9ec9-499c-b3c7-a3052ac82565
dev_item.fsid		195551aa-d0b7-4cf7-86da-84a1d416774b [match]
dev_item.type		0
dev_item.total_bytes	2147483648
dev_item.bytes_used	239861760
dev_item.io_align	4096
dev_item.io_width	4096
dev_item.sector_size	4096
dev_item.devid		1
dev_item.dev_group	0
dev_item.seek_speed	0
dev_item.bandwidth	0
dev_item.generation	0

############### /home/fedora/btrfs-progs/btrfstune -x /home/fedora/btrfs-progs/tests/test.img
############### /home/fedora/btrfs-progs/btrfs inspect-internal dump-super /home/fedora/btrfs-progs/tests/test.img
superblock: bytenr=65536, device=/home/fedora/btrfs-progs/tests/test.img
---------------------------------------------------------
csum_type		0 (crc32c)
csum_size		4
csum			0xcf7438f1 [match]
bytenr			65536
flags			0x1
			( WRITTEN )
magic			_BHRfS_M [match]
fsid			195551aa-d0b7-4cf7-86da-84a1d416774b
label			
generation		6
root			29376512
sys_array_size		129
chunk_root_generation	5
root_level		0
chunk_root		20987904
chunk_root_level	0
log_root		0
log_root_transid	0
log_root_level		0
total_bytes		2147483648
bytes_used		114688
sectorsize		4096
nodesize		16384
leafsize (deprecated)		16384
stripesize		4096
root_dir		6
num_devices		1
compat_flags		0x0
compat_ro_flags		0x0
incompat_flags		0x141
			( MIXED_BACKREF |
			  EXTENDED_IREF |
			  SKINNY_METADATA )
cache_generation	18446744073709551615
uuid_tree_generation	0
dev_item.uuid		1dc7591d-9ec9-499c-b3c7-a3052ac82565
dev_item.fsid		195551aa-d0b7-4cf7-86da-84a1d416774b [match]
dev_item.type		0
dev_item.total_bytes	2147483648
dev_item.bytes_used	239861760
dev_item.io_align	4096
dev_item.io_width	4096
dev_item.sector_size	4096
dev_item.devid		1
dev_item.dev_group	0
dev_item.seek_speed	0
dev_item.bandwidth	0
dev_item.generation	0

############### root_helper /home/fedora/btrfs-progs/btrfs check /home/fedora/btrfs-progs/tests/test.img
checking extents
checking free space cache
checking fs roots
checking csums
checking root refs
Checking filesystem on /home/fedora/btrfs-progs/tests/test.img
UUID: 195551aa-d0b7-4cf7-86da-84a1d416774b
found 114688 bytes used, no error found
total csum bytes: 0
total tree bytes: 114688
total fs tree bytes: 32768
total extent tree bytes: 16384
btree space waste bytes: 109381
file data blocks allocated: 0
 referenced 0
############### root_helper /home/fedora/btrfs-progs/mkfs.btrfs -f -O ^no-holes /home/fedora/btrfs-progs/tests/test.img
btrfs-progs v4.14-52-g0c8fe06e
See http://btrfs.wiki.kernel.org for more information.

Label:              (null)
UUID:               b8a92bd9-35f1-4efa-82c2-ee028ee47bf2
Node size:          16384
Sector size:        4096
Filesystem size:    2.00GiB
Block group profiles:
  Data:             single            8.00MiB
  Metadata:         DUP             102.38MiB
  System:           DUP               8.00MiB
SSD detected:       no
Incompat features:  extref, skinny-metadata
Number of devices:  1
Devices:
   ID        SIZE  PATH
    1     2.00GiB  /home/fedora/btrfs-progs/tests/test.img

############### /home/fedora/btrfs-progs/btrfs inspect-internal dump-super /home/fedora/btrfs-progs/tests/test.img
superblock: bytenr=65536, device=/home/fedora/btrfs-progs/tests/test.img
---------------------------------------------------------
csum_type		0 (crc32c)
csum_size		4
csum			0xe55ab63a [match]
bytenr			65536
flags			0x1
			( WRITTEN )
magic			_BHRfS_M [match]
fsid			b8a92bd9-35f1-4efa-82c2-ee028ee47bf2
label			
generation		5
root			29491200
sys_array_size		129
chunk_root_generation	5
root_level		0
chunk_root		20987904
chunk_root_level	0
log_root		0
log_root_transid	0
log_root_level		0
total_bytes		2147483648
bytes_used		114688
sectorsize		4096
nodesize		16384
leafsize (deprecated)		16384
stripesize		4096
root_dir		6
num_devices		1
compat_flags		0x0
compat_ro_flags		0x0
incompat_flags		0x141
			( MIXED_BACKREF |
			  EXTENDED_IREF |
			  SKINNY_METADATA )
cache_generation	18446744073709551615
uuid_tree_generation	0
dev_item.uuid		3e6f2bcc-1b3c-4b0e-a59e-9876fceb6520
dev_item.fsid		b8a92bd9-35f1-4efa-82c2-ee028ee47bf2 [match]
dev_item.type		0
dev_item.total_bytes	2147483648
dev_item.bytes_used	239861760
dev_item.io_align	4096
dev_item.io_width	4096
dev_item.sector_size	4096
dev_item.devid		1
dev_item.dev_group	0
dev_item.seek_speed	0
dev_item.bandwidth	0
dev_item.generation	0

############### /home/fedora/btrfs-progs/btrfstune -n /home/fedora/btrfs-progs/tests/test.img
############### /home/fedora/btrfs-progs/btrfs inspect-internal dump-super /home/fedora/btrfs-progs/tests/test.img
superblock: bytenr=65536, device=/home/fedora/btrfs-progs/tests/test.img
---------------------------------------------------------
csum_type		0 (crc32c)
csum_size		4
csum			0xf92ef4a5 [match]
bytenr			65536
flags			0x1
			( WRITTEN )
magic			_BHRfS_M [match]
fsid			b8a92bd9-35f1-4efa-82c2-ee028ee47bf2
label			
generation		6
root			29376512
sys_array_size		129
chunk_root_generation	5
root_level		0
chunk_root		20987904
chunk_root_level	0
log_root		0
log_root_transid	0
log_root_level		0
total_bytes		2147483648
bytes_used		114688
sectorsize		4096
nodesize		16384
leafsize (deprecated)		16384
stripesize		4096
root_dir		6
num_devices		1
compat_flags		0x0
compat_ro_flags		0x0
incompat_flags		0x341
			( MIXED_BACKREF |
			  EXTENDED_IREF |
			  SKINNY_METADATA |
			  NO_HOLES )
cache_generation	18446744073709551615
uuid_tree_generation	0
dev_item.uuid		3e6f2bcc-1b3c-4b0e-a59e-9876fceb6520
dev_item.fsid		b8a92bd9-35f1-4efa-82c2-ee028ee47bf2 [match]
dev_item.type		0
dev_item.total_bytes	2147483648
dev_item.bytes_used	239861760
dev_item.io_align	4096
dev_item.io_width	4096
dev_item.sector_size	4096
dev_item.devid		1
dev_item.dev_group	0
dev_item.seek_speed	0
dev_item.bandwidth	0
dev_item.generation	0

############### root_helper /home/fedora/btrfs-progs/btrfs check /home/fedora/btrfs-progs/tests/test.img
checking extents
checking free space cache
checking fs roots
checking csums
checking root refs
Checking filesystem on /home/fedora/btrfs-progs/tests/test.img
UUID: b8a92bd9-35f1-4efa-82c2-ee028ee47bf2
found 114688 bytes used, no error found
total csum bytes: 0
total tree bytes: 114688
total fs tree bytes: 32768
total extent tree bytes: 16384
btree space waste bytes: 109471
file data blocks allocated: 0
 referenced 0
############### root_helper /home/fedora/btrfs-progs/mkfs.btrfs -f /home/fedora/btrfs-progs/tests/test.img
btrfs-progs v4.14-52-g0c8fe06e
See http://btrfs.wiki.kernel.org for more information.

Label:              (null)
UUID:               d74dbd9e-4140-4b62-aceb-710477f92f27
Node size:          16384
Sector size:        4096
Filesystem size:    2.00GiB
Block group profiles:
  Data:             single            8.00MiB
  Metadata:         DUP             102.38MiB
  System:           DUP               8.00MiB
SSD detected:       no
Incompat features:  extref, skinny-metadata
Number of devices:  1
Devices:
   ID        SIZE  PATH
    1     2.00GiB  /home/fedora/btrfs-progs/tests/test.img

############### /home/fedora/btrfs-progs/btrfs inspect-internal dump-super /home/fedora/btrfs-progs/tests/test.img
superblock: bytenr=65536, device=/home/fedora/btrfs-progs/tests/test.img
---------------------------------------------------------
csum_type		0 (crc32c)
csum_size		4
csum			0xfba70348 [match]
bytenr			65536
flags			0x1
			( WRITTEN )
magic			_BHRfS_M [match]
fsid			d74dbd9e-4140-4b62-aceb-710477f92f27
label			
generation		5
root			29491200
sys_array_size		129
chunk_root_generation	5
root_level		0
chunk_root		20987904
chunk_root_level	0
log_root		0
log_root_transid	0
log_root_level		0
total_bytes		2147483648
bytes_used		114688
sectorsize		4096
nodesize		16384
leafsize (deprecated)		16384
stripesize		4096
root_dir		6
num_devices		1
compat_flags		0x0
compat_ro_flags		0x0
incompat_flags		0x141
			( MIXED_BACKREF |
			  EXTENDED_IREF |
			  SKINNY_METADATA )
cache_generation	18446744073709551615
uuid_tree_generation	0
dev_item.uuid		307c7220-63d0-4799-bf8e-1e1ca163655a
dev_item.fsid		d74dbd9e-4140-4b62-aceb-710477f92f27 [match]
dev_item.type		0
dev_item.total_bytes	2147483648
dev_item.bytes_used	239861760
dev_item.io_align	4096
dev_item.io_width	4096
dev_item.sector_size	4096
dev_item.devid		1
dev_item.dev_group	0
dev_item.seek_speed	0
dev_item.bandwidth	0
dev_item.generation	0

############### /home/fedora/btrfs-progs/btrfstune -S 1 /home/fedora/btrfs-progs/tests/test.img
############### /home/fedora/btrfs-progs/btrfs inspect-internal dump-super /home/fedora/btrfs-progs/tests/test.img
superblock: bytenr=65536, device=/home/fedora/btrfs-progs/tests/test.img
---------------------------------------------------------
csum_type		0 (crc32c)
csum_size		4
csum			0x83c71bd9 [match]
bytenr			65536
flags			0x100000001
			( WRITTEN |
			  SEEDING )
magic			_BHRfS_M [match]
fsid			d74dbd9e-4140-4b62-aceb-710477f92f27
label			
generation		6
root			29376512
sys_array_size		129
chunk_root_generation	5
root_level		0
chunk_root		20987904
chunk_root_level	0
log_root		0
log_root_transid	0
log_root_level		0
total_bytes		2147483648
bytes_used		114688
sectorsize		4096
nodesize		16384
leafsize (deprecated)		16384
stripesize		4096
root_dir		6
num_devices		1
compat_flags		0x0
compat_ro_flags		0x0
incompat_flags		0x141
			( MIXED_BACKREF |
			  EXTENDED_IREF |
			  SKINNY_METADATA )
cache_generation	18446744073709551615
uuid_tree_generation	0
dev_item.uuid		307c7220-63d0-4799-bf8e-1e1ca163655a
dev_item.fsid		d74dbd9e-4140-4b62-aceb-710477f92f27 [match]
dev_item.type		0
dev_item.total_bytes	2147483648
dev_item.bytes_used	239861760
dev_item.io_align	4096
dev_item.io_width	4096
dev_item.sector_size	4096
dev_item.devid		1
dev_item.dev_group	0
dev_item.seek_speed	0
dev_item.bandwidth	0
dev_item.generation	0

############### root_helper /home/fedora/btrfs-progs/btrfs check /home/fedora/btrfs-progs/tests/test.img
checking extents
checking free space cache
checking fs roots
checking csums
checking root refs
Checking filesystem on /home/fedora/btrfs-progs/tests/test.img
UUID: d74dbd9e-4140-4b62-aceb-710477f92f27
found 114688 bytes used, no error found
total csum bytes: 0
total tree bytes: 114688
total fs tree bytes: 32768
total extent tree bytes: 16384
btree space waste bytes: 109471
file data blocks allocated: 0
 referenced 0
=== Entering /home/fedora/btrfs-progs/tests/misc-tests/002-uuid-rewrite
$TEST_DEV not given, use /home/fedora/btrfs-progs/test/test.img as fallback
############### /home/fedora/btrfs-progs/mkfs.btrfs -f --uuid 11111111-a101-4031-b29a-379d4f8b7a2d --rootdir /home/fedora/btrfs-progs/Documentation /home/fedora/btrfs-progs/tests/test.img
btrfs-progs v4.14-52-g0c8fe06e
See http://btrfs.wiki.kernel.org for more information.

Making image is completed.
Label:              (null)
UUID:               11111111-a101-4031-b29a-379d4f8b7a2d
Node size:          16384
Sector size:        4096
Filesystem size:    2.00GiB
Block group profiles:
  Data:             single            8.00MiB
  Metadata:         DUP             102.38MiB
  System:           DUP               8.00MiB
SSD detected:       no
Incompat features:  extref, skinny-metadata
Number of devices:  1
Devices:
   ID        SIZE  PATH
    1     2.00GiB  /home/fedora/btrfs-progs/tests/test.img

############### /home/fedora/btrfs-progs/btrfs inspect-internal dump-super /home/fedora/btrfs-progs/tests/test.img
superblock: bytenr=65536, device=/home/fedora/btrfs-progs/tests/test.img
---------------------------------------------------------
csum_type		0 (crc32c)
csum_size		4
csum			0x3e7c821e [match]
bytenr			65536
flags			0x1
			( WRITTEN )
magic			_BHRfS_M [match]
fsid			11111111-a101-4031-b29a-379d4f8b7a2d
label			
generation		6
root			29868032
sys_array_size		129
chunk_root_generation	5
root_level		0
chunk_root		20987904
chunk_root_level	0
log_root		0
log_root_transid	0
log_root_level		0
total_bytes		2147483648
bytes_used		503808
sectorsize		4096
nodesize		16384
leafsize (deprecated)		16384
stripesize		4096
root_dir		6
num_devices		1
compat_flags		0x0
compat_ro_flags		0x0
incompat_flags		0x141
			( MIXED_BACKREF |
			  EXTENDED_IREF |
			  SKINNY_METADATA )
cache_generation	18446744073709551615
uuid_tree_generation	0
dev_item.uuid		18462029-07a7-43f5-99af-6c1feeb5f3fd
dev_item.fsid		11111111-a101-4031-b29a-379d4f8b7a2d [match]
dev_item.type		0
dev_item.total_bytes	2147483648
dev_item.bytes_used	239861760
dev_item.io_align	4096
dev_item.io_width	4096
dev_item.sector_size	4096
dev_item.devid		1
dev_item.dev_group	0
dev_item.seek_speed	0
dev_item.bandwidth	0
dev_item.generation	0

############### /home/fedora/btrfs-progs/btrfstune -f -u /home/fedora/btrfs-progs/tests/test.img
Current fsid: 11111111-a101-4031-b29a-379d4f8b7a2d
New fsid: 33933dd9-1279-43df-b665-5a04a37037e0
Set superblock flag CHANGING_FSID
Change fsid in extents
Change fsid on devices
Clear superblock flag CHANGING_FSID
Fsid change finished
############### /home/fedora/btrfs-progs/btrfs inspect-internal dump-super /home/fedora/btrfs-progs/tests/test.img
superblock: bytenr=65536, device=/home/fedora/btrfs-progs/tests/test.img
---------------------------------------------------------
csum_type		0 (crc32c)
csum_size		4
csum			0x3b7c0a22 [match]
bytenr			65536
flags			0x1
			( WRITTEN )
magic			_BHRfS_M [match]
fsid			33933dd9-1279-43df-b665-5a04a37037e0
label			
generation		6
root			29868032
sys_array_size		129
chunk_root_generation	5
root_level		0
chunk_root		20987904
chunk_root_level	0
log_root		0
log_root_transid	0
log_root_level		0
total_bytes		2147483648
bytes_used		503808
sectorsize		4096
nodesize		16384
leafsize (deprecated)		16384
stripesize		4096
root_dir		6
num_devices		1
compat_flags		0x0
compat_ro_flags		0x0
incompat_flags		0x141
			( MIXED_BACKREF |
			  EXTENDED_IREF |
			  SKINNY_METADATA )
cache_generation	18446744073709551615
uuid_tree_generation	0
dev_item.uuid		18462029-07a7-43f5-99af-6c1feeb5f3fd
dev_item.fsid		33933dd9-1279-43df-b665-5a04a37037e0 [match]
dev_item.type		0
dev_item.total_bytes	2147483648
dev_item.bytes_used	239861760
dev_item.io_align	4096
dev_item.io_width	4096
dev_item.sector_size	4096
dev_item.devid		1
dev_item.dev_group	0
dev_item.seek_speed	0
dev_item.bandwidth	0
dev_item.generation	0

############### /home/fedora/btrfs-progs/btrfs check /home/fedora/btrfs-progs/tests/test.img
checking extents
checking free space cache
checking fs roots
checking csums
checking root refs
Checking filesystem on /home/fedora/btrfs-progs/tests/test.img
UUID: 33933dd9-1279-43df-b665-5a04a37037e0
found 503808 bytes used, no error found
total csum bytes: 28
total tree bytes: 475136
total fs tree bytes: 393216
total extent tree bytes: 16384
btree space waste bytes: 212630
file data blocks allocated: 28672
 referenced 28672
############### /home/fedora/btrfs-progs/mkfs.btrfs -f --uuid 22222222-d324-4f92-80e9-7658bf3b845f --rootdir /home/fedora/btrfs-progs/Documentation /home/fedora/btrfs-progs/tests/test.img
btrfs-progs v4.14-52-g0c8fe06e
See http://btrfs.wiki.kernel.org for more information.

Making image is completed.
Label:              (null)
UUID:               22222222-d324-4f92-80e9-7658bf3b845f
Node size:          16384
Sector size:        4096
Filesystem size:    2.00GiB
Block group profiles:
  Data:             single            8.00MiB
  Metadata:         DUP             102.38MiB
  System:           DUP               8.00MiB
SSD detected:       no
Incompat features:  extref, skinny-metadata
Number of devices:  1
Devices:
   ID        SIZE  PATH
    1     2.00GiB  /home/fedora/btrfs-progs/tests/test.img

############### /home/fedora/btrfs-progs/btrfs inspect-internal dump-super /home/fedora/btrfs-progs/tests/test.img
superblock: bytenr=65536, device=/home/fedora/btrfs-progs/tests/test.img
---------------------------------------------------------
csum_type		0 (crc32c)
csum_size		4
csum			0x78330c7e [match]
bytenr			65536
flags			0x1
			( WRITTEN )
magic			_BHRfS_M [match]
fsid			22222222-d324-4f92-80e9-7658bf3b845f
label			
generation		6
root			29868032
sys_array_size		129
chunk_root_generation	5
root_level		0
chunk_root		20987904
chunk_root_level	0
log_root		0
log_root_transid	0
log_root_level		0
total_bytes		2147483648
bytes_used		503808
sectorsize		4096
nodesize		16384
leafsize (deprecated)		16384
stripesize		4096
root_dir		6
num_devices		1
compat_flags		0x0
compat_ro_flags		0x0
incompat_flags		0x141
			( MIXED_BACKREF |
			  EXTENDED_IREF |
			  SKINNY_METADATA )
cache_generation	18446744073709551615
uuid_tree_generation	0
dev_item.uuid		0a4c6ec4-d87a-4d2f-95c5-4f5657440533
dev_item.fsid		22222222-d324-4f92-80e9-7658bf3b845f [match]
dev_item.type		0
dev_item.total_bytes	2147483648
dev_item.bytes_used	239861760
dev_item.io_align	4096
dev_item.io_width	4096
dev_item.sector_size	4096
dev_item.devid		1
dev_item.dev_group	0
dev_item.seek_speed	0
dev_item.bandwidth	0
dev_item.generation	0

############### /home/fedora/btrfs-progs/btrfstune -f -U 33333333-bfc9-4045-9399-a396dc6893b3 /home/fedora/btrfs-progs/tests/test.img
Current fsid: 22222222-d324-4f92-80e9-7658bf3b845f
New fsid: 33333333-bfc9-4045-9399-a396dc6893b3
Set superblock flag CHANGING_FSID
Change fsid in extents
Change fsid on devices
Clear superblock flag CHANGING_FSID
Fsid change finished
############### /home/fedora/btrfs-progs/btrfs inspect-internal dump-super /home/fedora/btrfs-progs/tests/test.img
superblock: bytenr=65536, device=/home/fedora/btrfs-progs/tests/test.img
---------------------------------------------------------
csum_type		0 (crc32c)
csum_size		4
csum			0x8b9004c7 [match]
bytenr			65536
flags			0x1
			( WRITTEN )
magic			_BHRfS_M [match]
fsid			33333333-bfc9-4045-9399-a396dc6893b3
label			
generation		6
root			29868032
sys_array_size		129
chunk_root_generation	5
root_level		0
chunk_root		20987904
chunk_root_level	0
log_root		0
log_root_transid	0
log_root_level		0
total_bytes		2147483648
bytes_used		503808
sectorsize		4096
nodesize		16384
leafsize (deprecated)		16384
stripesize		4096
root_dir		6
num_devices		1
compat_flags		0x0
compat_ro_flags		0x0
incompat_flags		0x141
			( MIXED_BACKREF |
			  EXTENDED_IREF |
			  SKINNY_METADATA )
cache_generation	18446744073709551615
uuid_tree_generation	0
dev_item.uuid		0a4c6ec4-d87a-4d2f-95c5-4f5657440533
dev_item.fsid		33333333-bfc9-4045-9399-a396dc6893b3 [match]
dev_item.type		0
dev_item.total_bytes	2147483648
dev_item.bytes_used	239861760
dev_item.io_align	4096
dev_item.io_width	4096
dev_item.sector_size	4096
dev_item.devid		1
dev_item.dev_group	0
dev_item.seek_speed	0
dev_item.bandwidth	0
dev_item.generation	0

############### /home/fedora/btrfs-progs/btrfs check /home/fedora/btrfs-progs/tests/test.img
checking extents
checking free space cache
checking fs roots
checking csums
checking root refs
Checking filesystem on /home/fedora/btrfs-progs/tests/test.img
UUID: 33333333-bfc9-4045-9399-a396dc6893b3
found 503808 bytes used, no error found
total csum bytes: 28
total tree bytes: 475136
total fs tree bytes: 393216
total extent tree bytes: 16384
btree space waste bytes: 212630
file data blocks allocated: 28672
 referenced 28672
=== Entering /home/fedora/btrfs-progs/tests/misc-tests/003-zero-log
$TEST_DEV not given, use /home/fedora/btrfs-progs/test/test.img as fallback
############### /home/fedora/btrfs-progs/mkfs.btrfs -f --rootdir /home/fedora/btrfs-progs/Documentation /home/fedora/btrfs-progs/tests/test.img
btrfs-progs v4.14-52-g0c8fe06e
See http://btrfs.wiki.kernel.org for more information.

Making image is completed.
Label:              (null)
UUID:               c65ef9ed-100f-459b-8122-2ac6da222453
Node size:          16384
Sector size:        4096
Filesystem size:    2.00GiB
Block group profiles:
  Data:             single            8.00MiB
  Metadata:         DUP             102.38MiB
  System:           DUP               8.00MiB
SSD detected:       no
Incompat features:  extref, skinny-metadata
Number of devices:  1
Devices:
   ID        SIZE  PATH
    1     2.00GiB  /home/fedora/btrfs-progs/tests/test.img

############### /home/fedora/btrfs-progs/btrfs inspect-internal dump-super /home/fedora/btrfs-progs/tests/test.img
superblock: bytenr=65536, device=/home/fedora/btrfs-progs/tests/test.img
---------------------------------------------------------
csum_type		0 (crc32c)
csum_size		4
csum			0x37facee8 [match]
bytenr			65536
flags			0x1
			( WRITTEN )
magic			_BHRfS_M [match]
fsid			c65ef9ed-100f-459b-8122-2ac6da222453
label			
generation		6
root			29868032
sys_array_size		129
chunk_root_generation	5
root_level		0
chunk_root		20987904
chunk_root_level	0
log_root		0
log_root_transid	0
log_root_level		0
total_bytes		2147483648
bytes_used		503808
sectorsize		4096
nodesize		16384
leafsize (deprecated)		16384
stripesize		4096
root_dir		6
num_devices		1
compat_flags		0x0
compat_ro_flags		0x0
incompat_flags		0x141
			( MIXED_BACKREF |
			  EXTENDED_IREF |
			  SKINNY_METADATA )
cache_generation	18446744073709551615
uuid_tree_generation	0
dev_item.uuid		a938ec23-0252-4cbd-adc8-eb00d7e9452a
dev_item.fsid		c65ef9ed-100f-459b-8122-2ac6da222453 [match]
dev_item.type		0
dev_item.total_bytes	2147483648
dev_item.bytes_used	239861760
dev_item.io_align	4096
dev_item.io_width	4096
dev_item.sector_size	4096
dev_item.devid		1
dev_item.dev_group	0
dev_item.seek_speed	0
dev_item.bandwidth	0
dev_item.generation	0

############### /home/fedora/btrfs-progs/btrfs rescue zero-log /home/fedora/btrfs-progs/tests/test.img
Clearing log on /home/fedora/btrfs-progs/tests/test.img, previous log_root 0, level 0
############### /home/fedora/btrfs-progs/btrfs inspect-internal dump-super /home/fedora/btrfs-progs/tests/test.img
superblock: bytenr=65536, device=/home/fedora/btrfs-progs/tests/test.img
---------------------------------------------------------
csum_type		0 (crc32c)
csum_size		4
csum			0x11f1c315 [match]
bytenr			65536
flags			0x1
			( WRITTEN )
magic			_BHRfS_M [match]
fsid			c65ef9ed-100f-459b-8122-2ac6da222453
label			
generation		7
root			29360128
sys_array_size		129
chunk_root_generation	5
root_level		0
chunk_root		20987904
chunk_root_level	0
log_root		0
log_root_transid	0
log_root_level		0
total_bytes		2147483648
bytes_used		503808
sectorsize		4096
nodesize		16384
leafsize (deprecated)		16384
stripesize		4096
root_dir		6
num_devices		1
compat_flags		0x0
compat_ro_flags		0x0
incompat_flags		0x141
			( MIXED_BACKREF |
			  EXTENDED_IREF |
			  SKINNY_METADATA )
cache_generation	18446744073709551615
uuid_tree_generation	0
dev_item.uuid		a938ec23-0252-4cbd-adc8-eb00d7e9452a
dev_item.fsid		c65ef9ed-100f-459b-8122-2ac6da222453 [match]
dev_item.type		0
dev_item.total_bytes	2147483648
dev_item.bytes_used	239861760
dev_item.io_align	4096
dev_item.io_width	4096
dev_item.sector_size	4096
dev_item.devid		1
dev_item.dev_group	0
dev_item.seek_speed	0
dev_item.bandwidth	0
dev_item.generation	0

############### /home/fedora/btrfs-progs/btrfs check /home/fedora/btrfs-progs/tests/test.img
checking extents
checking free space cache
checking fs roots
checking csums
checking root refs
Checking filesystem on /home/fedora/btrfs-progs/tests/test.img
UUID: c65ef9ed-100f-459b-8122-2ac6da222453
found 503808 bytes used, no error found
total csum bytes: 28
total tree bytes: 475136
total fs tree bytes: 393216
total extent tree bytes: 16384
btree space waste bytes: 212630
file data blocks allocated: 28672
 referenced 28672
############### /home/fedora/btrfs-progs/mkfs.btrfs -f --rootdir /home/fedora/btrfs-progs/Documentation /home/fedora/btrfs-progs/tests/test.img
btrfs-progs v4.14-52-g0c8fe06e
See http://btrfs.wiki.kernel.org for more information.

Making image is completed.
Label:              (null)
UUID:               9c5f51ef-82e6-4431-9628-8ddbcd928e2e
Node size:          16384
Sector size:        4096
Filesystem size:    2.00GiB
Block group profiles:
  Data:             single            8.00MiB
  Metadata:         DUP             102.38MiB
  System:           DUP               8.00MiB
SSD detected:       no
Incompat features:  extref, skinny-metadata
Number of devices:  1
Devices:
   ID        SIZE  PATH
    1     2.00GiB  /home/fedora/btrfs-progs/tests/test.img

############### /home/fedora/btrfs-progs/btrfs inspect-internal dump-super /home/fedora/btrfs-progs/tests/test.img
superblock: bytenr=65536, device=/home/fedora/btrfs-progs/tests/test.img
---------------------------------------------------------
csum_type		0 (crc32c)
csum_size		4
csum			0x24c8dcc8 [match]
bytenr			65536
flags			0x1
			( WRITTEN )
magic			_BHRfS_M [match]
fsid			9c5f51ef-82e6-4431-9628-8ddbcd928e2e
label			
generation		6
root			29868032
sys_array_size		129
chunk_root_generation	5
root_level		0
chunk_root		20987904
chunk_root_level	0
log_root		0
log_root_transid	0
log_root_level		0
total_bytes		2147483648
bytes_used		503808
sectorsize		4096
nodesize		16384
leafsize (deprecated)		16384
stripesize		4096
root_dir		6
num_devices		1
compat_flags		0x0
compat_ro_flags		0x0
incompat_flags		0x141
			( MIXED_BACKREF |
			  EXTENDED_IREF |
			  SKINNY_METADATA )
cache_generation	18446744073709551615
uuid_tree_generation	0
dev_item.uuid		c0adf4ca-5597-482a-ae37-23443dd11394
dev_item.fsid		9c5f51ef-82e6-4431-9628-8ddbcd928e2e [match]
dev_item.type		0
dev_item.total_bytes	2147483648
dev_item.bytes_used	239861760
dev_item.io_align	4096
dev_item.io_width	4096
dev_item.sector_size	4096
dev_item.devid		1
dev_item.dev_group	0
dev_item.seek_speed	0
dev_item.bandwidth	0
dev_item.generation	0

############### /home/fedora/btrfs-progs/btrfs-zero-log /home/fedora/btrfs-progs/tests/test.img
WARNING: this utility is deprecated, please use 'btrfs rescue zero-log'

Clearing log on /home/fedora/btrfs-progs/tests/test.img, previous log_root 0, level 0
############### /home/fedora/btrfs-progs/btrfs inspect-internal dump-super /home/fedora/btrfs-progs/tests/test.img
superblock: bytenr=65536, device=/home/fedora/btrfs-progs/tests/test.img
---------------------------------------------------------
csum_type		0 (crc32c)
csum_size		4
csum			0x02c3d135 [match]
bytenr			65536
flags			0x1
			( WRITTEN )
magic			_BHRfS_M [match]
fsid			9c5f51ef-82e6-4431-9628-8ddbcd928e2e
label			
generation		7
root			29360128
sys_array_size		129
chunk_root_generation	5
root_level		0
chunk_root		20987904
chunk_root_level	0
log_root		0
log_root_transid	0
log_root_level		0
total_bytes		2147483648
bytes_used		503808
sectorsize		4096
nodesize		16384
leafsize (deprecated)		16384
stripesize		4096
root_dir		6
num_devices		1
compat_flags		0x0
compat_ro_flags		0x0
incompat_flags		0x141
			( MIXED_BACKREF |
			  EXTENDED_IREF |
			  SKINNY_METADATA )
cache_generation	18446744073709551615
uuid_tree_generation	0
dev_item.uuid		c0adf4ca-5597-482a-ae37-23443dd11394
dev_item.fsid		9c5f51ef-82e6-4431-9628-8ddbcd928e2e [match]
dev_item.type		0
dev_item.total_bytes	2147483648
dev_item.bytes_used	239861760
dev_item.io_align	4096
dev_item.io_width	4096
dev_item.sector_size	4096
dev_item.devid		1
dev_item.dev_group	0
dev_item.seek_speed	0
dev_item.bandwidth	0
dev_item.generation	0

############### /home/fedora/btrfs-progs/btrfs check /home/fedora/btrfs-progs/tests/test.img
checking extents
checking free space cache
checking fs roots
checking csums
checking root refs
Checking filesystem on /home/fedora/btrfs-progs/tests/test.img
UUID: 9c5f51ef-82e6-4431-9628-8ddbcd928e2e
found 503808 bytes used, no error found
total csum bytes: 28
total tree bytes: 475136
total fs tree bytes: 393216
total extent tree bytes: 16384
btree space waste bytes: 212630
file data blocks allocated: 28672
 referenced 28672
=== Entering /home/fedora/btrfs-progs/tests/misc-tests/004-shrink-fs
############### truncate -s 20G /home/fedora/btrfs-progs/tests/test.img
############### /home/fedora/btrfs-progs/mkfs.btrfs -f /home/fedora/btrfs-progs/tests/test.img
btrfs-progs v4.14-52-g0c8fe06e
See http://btrfs.wiki.kernel.org for more information.

Label:              (null)
UUID:               86fc9abe-3322-48ae-84e2-e0cecbb72f4c
Node size:          16384
Sector size:        4096
Filesystem size:    20.00GiB
Block group profiles:
  Data:             single            8.00MiB
  Metadata:         DUP               1.00GiB
  System:           DUP               8.00MiB
SSD detected:       no
Incompat features:  extref, skinny-metadata
Number of devices:  1
Devices:
   ID        SIZE  PATH
    1    20.00GiB  /home/fedora/btrfs-progs/tests/test.img

############### root_helper mount /home/fedora/btrfs-progs/tests/test.img /home/fedora/btrfs-progs/tests/mnt
############### root_helper chmod a+rw /home/fedora/btrfs-progs/tests/mnt
############### fallocate -l 1G /home/fedora/btrfs-progs/tests/mnt/foo1
############### fallocate -l 1G /home/fedora/btrfs-progs/tests/mnt/foo2
############### fallocate -l 1G /home/fedora/btrfs-progs/tests/mnt/foo3
############### fallocate -l 1G /home/fedora/btrfs-progs/tests/mnt/foo4
############### fallocate -l 1G /home/fedora/btrfs-progs/tests/mnt/foo5
############### fallocate -l 1G /home/fedora/btrfs-progs/tests/mnt/foo6
############### fallocate -l 1G /home/fedora/btrfs-progs/tests/mnt/foo7
############### /home/fedora/btrfs-progs/btrfs filesystem sync /home/fedora/btrfs-progs/tests/mnt
############### rm -f /home/fedora/btrfs-progs/tests/mnt/foo2
############### rm -f /home/fedora/btrfs-progs/tests/mnt/foo4
############### rm -f /home/fedora/btrfs-progs/tests/mnt/foo6
############### /home/fedora/btrfs-progs/btrfs filesystem sync /home/fedora/btrfs-progs/tests/mnt
############### /home/fedora/btrfs-progs/btrfs filesystem sync /home/fedora/btrfs-progs/tests/mnt
############### root_helper /home/fedora/btrfs-progs/btrfs inspect-internal min-dev-size /home/fedora/btrfs-progs/tests/mnt
7575961600 bytes (7.06GiB)
min size = 7575961600
############### root_helper /home/fedora/btrfs-progs/btrfs filesystem resize 7575961600 /home/fedora/btrfs-progs/tests/mnt
Resize '/home/fedora/btrfs-progs/tests/mnt' of '7575961600'
############### root_helper /home/fedora/btrfs-progs/btrfs inspect-internal min-dev-size /home/fedora/btrfs-progs/tests/mnt
7553941504 bytes (7.04GiB)
min size = 7553941504
############### root_helper /home/fedora/btrfs-progs/btrfs filesystem resize 7553941504 /home/fedora/btrfs-progs/tests/mnt
Resize '/home/fedora/btrfs-progs/tests/mnt' of '7553941504'
############### root_helper /home/fedora/btrfs-progs/btrfs inspect-internal min-dev-size /home/fedora/btrfs-progs/tests/mnt
7553941504 bytes (7.04GiB)
min size = 7553941504
############### root_helper /home/fedora/btrfs-progs/btrfs filesystem resize 7553941504 /home/fedora/btrfs-progs/tests/mnt
Resize '/home/fedora/btrfs-progs/tests/mnt' of '7553941504'
############### root_helper /home/fedora/btrfs-progs/btrfs balance start -mconvert=single -sconvert=single -f /home/fedora/btrfs-progs/tests/mnt
Done, had to relocate 2 out of 8 chunks
############### root_helper /home/fedora/btrfs-progs/btrfs inspect-internal min-dev-size --id 1 /home/fedora/btrfs-progs/tests/mnt
7257194496 bytes (6.76GiB)
min size = 7257194496
############### root_helper /home/fedora/btrfs-progs/btrfs filesystem resize 7257194496 /home/fedora/btrfs-progs/tests/mnt
Resize '/home/fedora/btrfs-progs/tests/mnt' of '7257194496'
############### root_helper /home/fedora/btrfs-progs/btrfs inspect-internal min-dev-size --id 1 /home/fedora/btrfs-progs/tests/mnt
6178209792 bytes (5.75GiB)
min size = 6178209792
############### root_helper /home/fedora/btrfs-progs/btrfs filesystem resize 6178209792 /home/fedora/btrfs-progs/tests/mnt
Resize '/home/fedora/btrfs-progs/tests/mnt' of '6178209792'
############### root_helper /home/fedora/btrfs-progs/btrfs inspect-internal min-dev-size --id 1 /home/fedora/btrfs-progs/tests/mnt
6178209792 bytes (5.75GiB)
min size = 6178209792
############### root_helper /home/fedora/btrfs-progs/btrfs filesystem resize 6178209792 /home/fedora/btrfs-progs/tests/mnt
Resize '/home/fedora/btrfs-progs/tests/mnt' of '6178209792'
############### root_helper umount /home/fedora/btrfs-progs/tests/mnt
=== Entering /home/fedora/btrfs-progs/tests/misc-tests/005-convert-progress-thread-crash
$TEST_DEV not given, use /home/fedora/btrfs-progs/test/test.img as fallback
loop 0
mke2fs 1.43.4 (31-Jan-2017)
Discarding device blocks:   4096/524288             done                            
Creating filesystem with 524288 4k blocks and 131072 inodes
Filesystem UUID: 6f441c68-5ac0-43b2-aad8-2994c5cae3a5
Superblock backups stored on blocks: 
	32768, 98304, 163840, 229376, 294912

Allocating group tables:  0/16     done                            
Writing inode tables:  0/16     done                            
Creating journal (16384 blocks): done
Writing superblocks and filesystem accounting information:  0/16     done

############### /home/fedora/btrfs-progs/btrfs-convert /home/fedora/btrfs-progs/tests/test.img
create btrfs filesystem:
	blocksize: 4096
	nodesize:  16384
	features:  extref, skinny-metadata (default)
creating ext2 image file
creating btrfs metadata
copy inodes [o] [         2/        11]
conversion complete
loop 1
mke2fs 1.43.4 (31-Jan-2017)
Discarding device blocks:   4096/524288             done                            
Creating filesystem with 524288 4k blocks and 131072 inodes
Filesystem UUID: d0464bbe-19e0-4957-a8ce-54e73f52bc4e
Superblock backups stored on blocks: 
	32768, 98304, 163840, 229376, 294912

Allocating group tables:  0/16     done                            
Writing inode tables:  0/16     done                            
Creating journal (16384 blocks): done
Writing superblocks and filesystem accounting information:  0/16     done

############### /home/fedora/btrfs-progs/btrfs-convert /home/fedora/btrfs-progs/tests/test.img
create btrfs filesystem:
	blocksize: 4096
	nodesize:  16384
	features:  extref, skinny-metadata (default)
creating ext2 image file
creating btrfs metadata
copy inodes [o] [         2/        11]
conversion complete
loop 2
mke2fs 1.43.4 (31-Jan-2017)
Discarding device blocks:   4096/524288             done                            
Creating filesystem with 524288 4k blocks and 131072 inodes
Filesystem UUID: 3a35bdcd-d8cd-497c-933e-6ae0a68ed7a9
Superblock backups stored on blocks: 
	32768, 98304, 163840, 229376, 294912

Allocating group tables:  0/16     done                            
Writing inode tables:  0/16     done                            
Creating journal (16384 blocks): done
Writing superblocks and filesystem accounting information:  0/16     done

############### /home/fedora/btrfs-progs/btrfs-convert /home/fedora/btrfs-progs/tests/test.img
create btrfs filesystem:
	blocksize: 4096
	nodesize:  16384
	features:  extref, skinny-metadata (default)
creating ext2 image file
creating btrfs metadata
copy inodes [o] [         2/        11]
conversion complete
loop 3
mke2fs 1.43.4 (31-Jan-2017)
Discarding device blocks:   4096/524288             done                            
Creating filesystem with 524288 4k blocks and 131072 inodes
Filesystem UUID: 5e6f83d9-3bda-4e49-b5dc-437a6b024048
Superblock backups stored on blocks: 
	32768, 98304, 163840, 229376, 294912

Allocating group tables:  0/16     done                            
Writing inode tables:  0/16     done                            
Creating journal (16384 blocks): done
Writing superblocks and filesystem accounting information:  0/16     done

############### /home/fedora/btrfs-progs/btrfs-convert /home/fedora/btrfs-progs/tests/test.img
create btrfs filesystem:
	blocksize: 4096
	nodesize:  16384
	features:  extref, skinny-metadata (default)
creating ext2 image file
creating btrfs metadata
copy inodes [o] [         2/        11]
conversion complete
loop 4
mke2fs 1.43.4 (31-Jan-2017)
Discarding device blocks:   4096/524288             done                            
Creating filesystem with 524288 4k blocks and 131072 inodes
Filesystem UUID: 52811eb8-ce44-4a22-b711-2758388fd99e
Superblock backups stored on blocks: 
	32768, 98304, 163840, 229376, 294912

Allocating group tables:  0/16     done                            
Writing inode tables:  0/16     done                            
Creating journal (16384 blocks): done
Writing superblocks and filesystem accounting information:  0/16     done

############### /home/fedora/btrfs-progs/btrfs-convert /home/fedora/btrfs-progs/tests/test.img
create btrfs filesystem:
	blocksize: 4096
	nodesize:  16384
	features:  extref, skinny-metadata (default)
creating ext2 image file
creating btrfs metadata
copy inodes [o] [         2/        11]
conversion complete
loop 5
mke2fs 1.43.4 (31-Jan-2017)
Discarding device blocks:   4096/524288             done                            
Creating filesystem with 524288 4k blocks and 131072 inodes
Filesystem UUID: 70fe06fd-8b97-4f1c-8c42-7d437e4605f6
Superblock backups stored on blocks: 
	32768, 98304, 163840, 229376, 294912

Allocating group tables:  0/16     done                            
Writing inode tables:  0/16     done                            
Creating journal (16384 blocks): done
Writing superblocks and filesystem accounting information:  0/16     done

############### /home/fedora/btrfs-progs/btrfs-convert /home/fedora/btrfs-progs/tests/test.img
create btrfs filesystem:
	blocksize: 4096
	nodesize:  16384
	features:  extref, skinny-metadata (default)
creating ext2 image file
creating btrfs metadata
copy inodes [o] [         2/        11]
conversion complete
loop 6
mke2fs 1.43.4 (31-Jan-2017)
Discarding device blocks:   4096/524288             done                            
Creating filesystem with 524288 4k blocks and 131072 inodes
Filesystem UUID: d27a7d79-11d9-4ddc-a6e8-4170443465df
Superblock backups stored on blocks: 
	32768, 98304, 163840, 229376, 294912

Allocating group tables:  0/16     done                            
Writing inode tables:  0/16     done                            
Creating journal (16384 blocks): done
Writing superblocks and filesystem accounting information:  0/16     done

############### /home/fedora/btrfs-progs/btrfs-convert /home/fedora/btrfs-progs/tests/test.img
create btrfs filesystem:
	blocksize: 4096
	nodesize:  16384
	features:  extref, skinny-metadata (default)
creating ext2 image file
creating btrfs metadata
copy inodes [o] [         2/        11]
conversion complete
loop 7
mke2fs 1.43.4 (31-Jan-2017)
Discarding device blocks:   4096/524288             done                            
Creating filesystem with 524288 4k blocks and 131072 inodes
Filesystem UUID: df54afe5-bfc2-4bef-9e3d-a2ccaa6b20dc
Superblock backups stored on blocks: 
	32768, 98304, 163840, 229376, 294912

Allocating group tables:  0/16     done                            
Writing inode tables:  0/16     done                            
Creating journal (16384 blocks): done
Writing superblocks and filesystem accounting information:  0/16     done

############### /home/fedora/btrfs-progs/btrfs-convert /home/fedora/btrfs-progs/tests/test.img
create btrfs filesystem:
	blocksize: 4096
	nodesize:  16384
	features:  extref, skinny-metadata (default)
creating ext2 image file
creating btrfs metadata
copy inodes [o] [         2/        11]
conversion complete
loop 8
mke2fs 1.43.4 (31-Jan-2017)
Discarding device blocks:   4096/524288             done                            
Creating filesystem with 524288 4k blocks and 131072 inodes
Filesystem UUID: 47f341eb-52b9-4b1a-96a3-152c73b2fb78
Superblock backups stored on blocks: 
	32768, 98304, 163840, 229376, 294912

Allocating group tables:  0/16     done                            
Writing inode tables:  0/16     done                            
Creating journal (16384 blocks): done
Writing superblocks and filesystem accounting information:  0/16     done

############### /home/fedora/btrfs-progs/btrfs-convert /home/fedora/btrfs-progs/tests/test.img
create btrfs filesystem:
	blocksize: 4096
	nodesize:  16384
	features:  extref, skinny-metadata (default)
creating ext2 image file
creating btrfs metadata
copy inodes [o] [         2/        11]
conversion complete
loop 9
mke2fs 1.43.4 (31-Jan-2017)
Discarding device blocks:   4096/524288             done                            
Creating filesystem with 524288 4k blocks and 131072 inodes
Filesystem UUID: 0dabf543-9b31-4b64-852c-d9a76cf35e32
Superblock backups stored on blocks: 
	32768, 98304, 163840, 229376, 294912

Allocating group tables:  0/16     done                            
Writing inode tables:  0/16     done                            
Creating journal (16384 blocks): done
Writing superblocks and filesystem accounting information:  0/16     done

############### /home/fedora/btrfs-progs/btrfs-convert /home/fedora/btrfs-progs/tests/test.img
create btrfs filesystem:
	blocksize: 4096
	nodesize:  16384
	features:  extref, skinny-metadata (default)
creating ext2 image file
creating btrfs metadata
copy inodes [o] [         2/        11]
conversion complete
loop 10
mke2fs 1.43.4 (31-Jan-2017)
Discarding device blocks:   4096/524288             done                            
Creating filesystem with 524288 4k blocks and 131072 inodes
Filesystem UUID: f38bbe9b-964f-4a07-9010-e5826d1462f9
Superblock backups stored on blocks: 
	32768, 98304, 163840, 229376, 294912

Allocating group tables:  0/16     done                            
Writing inode tables:  0/16     done                            
Creating journal (16384 blocks): done
Writing superblocks and filesystem accounting information:  0/16     done

############### /home/fedora/btrfs-progs/btrfs-convert /home/fedora/btrfs-progs/tests/test.img
create btrfs filesystem:
	blocksize: 4096
	nodesize:  16384
	features:  extref, skinny-metadata (default)
creating ext2 image file
creating btrfs metadata
copy inodes [o] [         2/        11]
conversion complete
loop 11
mke2fs 1.43.4 (31-Jan-2017)
Discarding device blocks:   4096/524288             done                            
Creating filesystem with 524288 4k blocks and 131072 inodes
Filesystem UUID: 189b1ee9-f009-4a38-bd46-809e648ed6de
Superblock backups stored on blocks: 
	32768, 98304, 163840, 229376, 294912

Allocating group tables:  0/16     done                            
Writing inode tables:  0/16     done                            
Creating journal (16384 blocks): done
Writing superblocks and filesystem accounting information:  0/16     done

############### /home/fedora/btrfs-progs/btrfs-convert /home/fedora/btrfs-progs/tests/test.img
create btrfs filesystem:
	blocksize: 4096
	nodesize:  16384
	features:  extref, skinny-metadata (default)
creating ext2 image file
creating btrfs metadata
copy inodes [o] [         2/        11]
conversion complete
loop 12
mke2fs 1.43.4 (31-Jan-2017)
Discarding device blocks:   4096/524288             done                            
Creating filesystem with 524288 4k blocks and 131072 inodes
Filesystem UUID: 05e1a7f5-f4da-4c71-84d2-85683a9496fb
Superblock backups stored on blocks: 
	32768, 98304, 163840, 229376, 294912

Allocating group tables:  0/16     done                            
Writing inode tables:  0/16     done                            
Creating journal (16384 blocks): done
Writing superblocks and filesystem accounting information:  0/16     done

############### /home/fedora/btrfs-progs/btrfs-convert /home/fedora/btrfs-progs/tests/test.img
create btrfs filesystem:
	blocksize: 4096
	nodesize:  16384
	features:  extref, skinny-metadata (default)
creating ext2 image file
creating btrfs metadata
copy inodes [o] [         2/        11]
conversion complete
loop 13
mke2fs 1.43.4 (31-Jan-2017)
Discarding device blocks:   4096/524288             done                            
Creating filesystem with 524288 4k blocks and 131072 inodes
Filesystem UUID: 0faf6b1b-4552-4859-b9b2-0f1ae4b39920
Superblock backups stored on blocks: 
	32768, 98304, 163840, 229376, 294912

Allocating group tables:  0/16     done                            
Writing inode tables:  0/16     done                            
Creating journal (16384 blocks): done
Writing superblocks and filesystem accounting information:  0/16     done

############### /home/fedora/btrfs-progs/btrfs-convert /home/fedora/btrfs-progs/tests/test.img
create btrfs filesystem:
	blocksize: 4096
	nodesize:  16384
	features:  extref, skinny-metadata (default)
creating ext2 image file
creating btrfs metadata
copy inodes [o] [         2/        11]
conversion complete
loop 14
mke2fs 1.43.4 (31-Jan-2017)
Discarding device blocks:   4096/524288             done                            
Creating filesystem with 524288 4k blocks and 131072 inodes
Filesystem UUID: 4c9a03c0-2ce2-4303-ac6f-ce93c0eb2e2f
Superblock backups stored on blocks: 
	32768, 98304, 163840, 229376, 294912

Allocating group tables:  0/16     done                            
Writing inode tables:  0/16     done                            
Creating journal (16384 blocks): done
Writing superblocks and filesystem accounting information:  0/16     done

############### /home/fedora/btrfs-progs/btrfs-convert /home/fedora/btrfs-progs/tests/test.img
create btrfs filesystem:
	blocksize: 4096
	nodesize:  16384
	features:  extref, skinny-metadata (default)
creating ext2 image file
creating btrfs metadata
copy inodes [o] [         2/        11]
conversion complete
loop 15
mke2fs 1.43.4 (31-Jan-2017)
Discarding device blocks:   4096/524288             done                            
Creating filesystem with 524288 4k blocks and 131072 inodes
Filesystem UUID: 17e0bcaa-00ae-4b9d-bee9-8fac65ca4681
Superblock backups stored on blocks: 
	32768, 98304, 163840, 229376, 294912

Allocating group tables:  0/16     done                            
Writing inode tables:  0/16     done                            
Creating journal (16384 blocks): done
Writing superblocks and filesystem accounting information:  0/16     done

############### /home/fedora/btrfs-progs/btrfs-convert /home/fedora/btrfs-progs/tests/test.img
create btrfs filesystem:
	blocksize: 4096
	nodesize:  16384
	features:  extref, skinny-metadata (default)
creating ext2 image file
creating btrfs metadata
copy inodes [o] [         2/        11]
conversion complete
loop 16
mke2fs 1.43.4 (31-Jan-2017)
Discarding device blocks:   4096/524288             done                            
Creating filesystem with 524288 4k blocks and 131072 inodes
Filesystem UUID: 992c49df-7db3-4263-bc31-7121f06aade8
Superblock backups stored on blocks: 
	32768, 98304, 163840, 229376, 294912

Allocating group tables:  0/16     done                            
Writing inode tables:  0/16     done                            
Creating journal (16384 blocks): done
Writing superblocks and filesystem accounting information:  0/16     done

############### /home/fedora/btrfs-progs/btrfs-convert /home/fedora/btrfs-progs/tests/test.img
create btrfs filesystem:
	blocksize: 4096
	nodesize:  16384
	features:  extref, skinny-metadata (default)
creating ext2 image file
creating btrfs metadata
copy inodes [o] [         2/        11]
conversion complete
loop 17
mke2fs 1.43.4 (31-Jan-2017)
Discarding device blocks:   4096/524288             done                            
Creating filesystem with 524288 4k blocks and 131072 inodes
Filesystem UUID: 42d9c9b4-ce27-4226-a6e0-941d75e35d74
Superblock backups stored on blocks: 
	32768, 98304, 163840, 229376, 294912

Allocating group tables:  0/16     done                            
Writing inode tables:  0/16     done                            
Creating journal (16384 blocks): done
Writing superblocks and filesystem accounting information:  0/16     done

############### /home/fedora/btrfs-progs/btrfs-convert /home/fedora/btrfs-progs/tests/test.img
create btrfs filesystem:
	blocksize: 4096
	nodesize:  16384
	features:  extref, skinny-metadata (default)
creating ext2 image file
creating btrfs metadata
copy inodes [o] [         2/        11]
conversion complete
loop 18
mke2fs 1.43.4 (31-Jan-2017)
Discarding device blocks:   4096/524288             done                            
Creating filesystem with 524288 4k blocks and 131072 inodes
Filesystem UUID: bdf9a8d2-9fd6-4d37-91df-abf63565da31
Superblock backups stored on blocks: 
	32768, 98304, 163840, 229376, 294912

Allocating group tables:  0/16     done                            
Writing inode tables:  0/16     done                            
Creating journal (16384 blocks): done
Writing superblocks and filesystem accounting information:  0/16     done

############### /home/fedora/btrfs-progs/btrfs-convert /home/fedora/btrfs-progs/tests/test.img
create btrfs filesystem:
	blocksize: 4096
	nodesize:  16384
	features:  extref, skinny-metadata (default)
creating ext2 image file
creating btrfs metadata
copy inodes [o] [         2/        11]
conversion complete
loop 19
mke2fs 1.43.4 (31-Jan-2017)
Discarding device blocks:   4096/524288             done                            
Creating filesystem with 524288 4k blocks and 131072 inodes
Filesystem UUID: 0ba9e3b0-56a8-4651-8af4-e354644b78ed
Superblock backups stored on blocks: 
	32768, 98304, 163840, 229376, 294912

Allocating group tables:  0/16     done                            
Writing inode tables:  0/16     done                            
Creating journal (16384 blocks): done
Writing superblocks and filesystem accounting information:  0/16     done

############### /home/fedora/btrfs-progs/btrfs-convert /home/fedora/btrfs-progs/tests/test.img
create btrfs filesystem:
	blocksize: 4096
	nodesize:  16384
	features:  extref, skinny-metadata (default)
creating ext2 image file
creating btrfs metadata
copy inodes [o] [         2/        11]
conversion complete
=== Entering /home/fedora/btrfs-progs/tests/misc-tests/006-image-on-missing-device
############### root_helper losetup --find --show img1
/dev/loop0
############### root_helper losetup --find --show img2
/dev/loop1
############### root_helper /home/fedora/btrfs-progs/mkfs.btrfs -f -d raid1 -m raid1 /dev/loop0 /dev/loop1
btrfs-progs v4.14-52-g0c8fe06e
See http://btrfs.wiki.kernel.org for more information.

Performing full device TRIM /dev/loop0 (2.00GiB) ...
Performing full device TRIM /dev/loop1 (2.00GiB) ...
Label:              (null)
UUID:               8660dd52-222a-4463-81ab-29f741c3356b
Node size:          16384
Sector size:        4096
Filesystem size:    4.00GiB
Block group profiles:
  Data:             RAID1           204.75MiB
  Metadata:         RAID1           204.75MiB
  System:           RAID1             8.00MiB
SSD detected:       no
Incompat features:  extref, skinny-metadata
Number of devices:  2
Devices:
   ID        SIZE  PATH
    1     2.00GiB  /dev/loop0
    2     2.00GiB  /dev/loop1

############### root_helper mount /dev/loop0 /home/fedora/btrfs-progs/tests/mnt
############### root_helper dd if=/dev/zero of=/home/fedora/btrfs-progs/tests/mnt/a bs=1M count=10
10+0 records in
10+0 records out
10485760 bytes (10 MB, 10 MiB) copied, 0.00490842 s, 2.1 GB/s
############### root_helper dd if=/dev/zero of=/home/fedora/btrfs-progs/tests/mnt/b bs=4k count=1000 conv=sync
1000+0 records in
1000+0 records out
4096000 bytes (4.1 MB, 3.9 MiB) copied, 0.011203 s, 366 MB/s
############### root_helper umount /home/fedora/btrfs-progs/tests/mnt
############### root_helper /home/fedora/btrfs-progs/btrfs check /dev/loop0
checking extents
checking free space cache
checking fs roots
checking csums
checking root refs
Checking filesystem on /dev/loop0
UUID: 8660dd52-222a-4463-81ab-29f741c3356b
found 14843904 bytes used, no error found
total csum bytes: 14240
total tree bytes: 131072
total fs tree bytes: 32768
total extent tree bytes: 16384
btree space waste bytes: 108601
file data blocks allocated: 14712832
 referenced 14712832
############### root_helper /home/fedora/btrfs-progs/btrfs-image /dev/loop0 /tmp/test-img.dump
############### root_helper /home/fedora/btrfs-progs/btrfs filesystem show /dev/loop0
Label: none  uuid: 8660dd52-222a-4463-81ab-29f741c3356b
	Total devices 2 FS bytes used 14.16MiB
	devid    1 size 2.00GiB used 417.50MiB path /dev/loop0
	devid    2 size 2.00GiB used 417.50MiB path /dev/loop1

############### wipefs -a /dev/loop1
wipefs: error: /dev/loop1: probing initialization failed: Permission denied
failed (ignored, ret=1): wipefs -a /dev/loop1
############### root_helper losetup -d /dev/loop1
############### root_helper /home/fedora/btrfs-progs/btrfs filesystem show /dev/loop0
warning, device 2 is missing
Label: none  uuid: 8660dd52-222a-4463-81ab-29f741c3356b
	Total devices 2 FS bytes used 14.16MiB
	devid    1 size 2.00GiB used 417.50MiB path /dev/loop0
	*** Some devices missing

############### root_helper /home/fedora/btrfs-progs/btrfs check /dev/loop0
checking extents
checking free space cache
failed to load free space cache for block group 29360128
checking fs roots
checking csums
checking root refs
warning, device 2 is missing
Checking filesystem on /dev/loop0
UUID: 8660dd52-222a-4463-81ab-29f741c3356b
found 14843904 bytes used, no error found
total csum bytes: 14240
total tree bytes: 131072
total fs tree bytes: 32768
total extent tree bytes: 16384
btree space waste bytes: 108601
file data blocks allocated: 14712832
 referenced 14712832
############### root_helper /home/fedora/btrfs-progs/btrfs-image /dev/loop0 /tmp/test-img.dump
warning, device 2 is missing
############### root_helper losetup -d /dev/loop0
############### root_helper losetup --all
=== Entering /home/fedora/btrfs-progs/tests/misc-tests/007-subvolume-sync
$TEST_DEV not given, use /home/fedora/btrfs-progs/test/test.img as fallback
############### root_helper /home/fedora/btrfs-progs/mkfs.btrfs -f /home/fedora/btrfs-progs/tests/test.img
btrfs-progs v4.14-52-g0c8fe06e
See http://btrfs.wiki.kernel.org for more information.

Label:              (null)
UUID:               dac8d11e-13e3-4d40-9e20-7a02ae3bd7d6
Node size:          16384
Sector size:        4096
Filesystem size:    2.00GiB
Block group profiles:
  Data:             single            8.00MiB
  Metadata:         DUP             102.38MiB
  System:           DUP               8.00MiB
SSD detected:       no
Incompat features:  extref, skinny-metadata
Number of devices:  1
Devices:
   ID        SIZE  PATH
    1     2.00GiB  /home/fedora/btrfs-progs/tests/test.img

############### root_helper mount -t btrfs -o loop /home/fedora/btrfs-progs/tests/test.img /home/fedora/btrfs-progs/tests/mnt
############### root_helper /home/fedora/btrfs-progs/btrfs subvolume create /home/fedora/btrfs-progs/tests/mnt/mysubvol1
Create subvolume '/home/fedora/btrfs-progs/tests/mnt/mysubvol1'
############### root_helper /home/fedora/btrfs-progs/btrfs subvolume create /home/fedora/btrfs-progs/tests/mnt/mysubvol2
Create subvolume '/home/fedora/btrfs-progs/tests/mnt/mysubvol2'
############### root_helper /home/fedora/btrfs-progs/btrfs subvolume delete /home/fedora/btrfs-progs/tests/mnt/mysubvol1
Delete subvolume (no-commit): '/home/fedora/btrfs-progs/tests/mnt/mysubvol1'
############### root_helper /home/fedora/btrfs-progs/btrfs subvolume delete /home/fedora/btrfs-progs/tests/mnt/mysubvol2
Delete subvolume (no-commit): '/home/fedora/btrfs-progs/tests/mnt/mysubvol2'
############### root_helper /home/fedora/btrfs-progs/btrfs subvolume sync /home/fedora/btrfs-progs/tests/mnt
Subvolume id 257 is gone
Subvolume id 258 is gone
############### root_helper /home/fedora/btrfs-progs/btrfs subvolume create /home/fedora/btrfs-progs/tests/mnt/mysubvol
Create subvolume '/home/fedora/btrfs-progs/tests/mnt/mysubvol'
############### root_helper /home/fedora/btrfs-progs/btrfs subvolume delete /home/fedora/btrfs-progs/tests/mnt/mysubvol
Delete subvolume (no-commit): '/home/fedora/btrfs-progs/tests/mnt/mysubvol'
############### root_helper /home/fedora/btrfs-progs/btrfs subvolume sync /home/fedora/btrfs-progs/tests/mnt
Subvolume id 259 is gone
############### root_helper umount /home/fedora/btrfs-progs/tests/test.img
=== Entering /home/fedora/btrfs-progs/tests/misc-tests/008-leaf-crossing-stripes
############### truncate -s 514M /home/fedora/btrfs-progs/tests/test.img
############### mkfs.ext4 -F /home/fedora/btrfs-progs/tests/test.img
mke2fs 1.43.4 (31-Jan-2017)
Discarding device blocks:   4096/131584             done                            
Creating filesystem with 131584 4k blocks and 32960 inodes
Filesystem UUID: 981fd04d-3de0-4164-94a4-3d2870b993f9
Superblock backups stored on blocks: 
	32768, 98304

Allocating group tables: 0/5   done                            
Writing inode tables: 0/5   done                            
Creating journal (4096 blocks): done
Writing superblocks and filesystem accounting information: 0/5   done

############### /home/fedora/btrfs-progs/btrfs-convert /home/fedora/btrfs-progs/tests/test.img
create btrfs filesystem:
	blocksize: 4096
	nodesize:  16384
	features:  extref, skinny-metadata (default)
creating ext2 image file
creating btrfs metadata
copy inodes [o] [         2/        11]
conversion complete
############### /home/fedora/btrfs-progs/btrfs check /home/fedora/btrfs-progs/tests/test.img
checking extents
checking free space cache
checking fs roots
checking csums
checking root refs
Checking filesystem on /home/fedora/btrfs-progs/tests/test.img
UUID: 22a60f50-2139-4771-bf5d-cd19b36b2059
found 26271744 bytes used, no error found
total csum bytes: 25480
total tree bytes: 180224
total fs tree bytes: 49152
total extent tree bytes: 16384
btree space waste bytes: 145229
file data blocks allocated: 26091520
 referenced 26091520
############### truncate -s 531M /home/fedora/btrfs-progs/tests/test.img
############### mkfs.ext4 -F /home/fedora/btrfs-progs/tests/test.img
mke2fs 1.43.4 (31-Jan-2017)
Discarding device blocks:   4096/135936             done                            
Creating filesystem with 135936 4k blocks and 34000 inodes
Filesystem UUID: 904b91e4-7ba7-49f6-ad7d-3406720f90b8
Superblock backups stored on blocks: 
	32768, 98304

Allocating group tables: 0/5   done                            
Writing inode tables: 0/5   done                            
Creating journal (4096 blocks): done
Writing superblocks and filesystem accounting information: 0/5   done

############### /home/fedora/btrfs-progs/btrfs-convert /home/fedora/btrfs-progs/tests/test.img
create btrfs filesystem:
	blocksize: 4096
	nodesize:  16384
	features:  extref, skinny-metadata (default)
creating ext2 image file
creating btrfs metadata
copy inodes [o] [         2/        11]
conversion complete
############### /home/fedora/btrfs-progs/btrfs check /home/fedora/btrfs-progs/tests/test.img
checking extents
checking free space cache
checking fs roots
checking csums
checking root refs
Checking filesystem on /home/fedora/btrfs-progs/tests/test.img
UUID: abc9596e-c3a5-4020-8493-5d431e41d9b0
found 26562560 bytes used, no error found
total csum bytes: 25764
total tree bytes: 180224
total fs tree bytes: 49152
total extent tree bytes: 16384
btree space waste bytes: 144945
file data blocks allocated: 26382336
 referenced 26382336
############### truncate -s 548M /home/fedora/btrfs-progs/tests/test.img
############### mkfs.ext4 -F /home/fedora/btrfs-progs/tests/test.img
mke2fs 1.43.4 (31-Jan-2017)
Discarding device blocks:   4096/140288             done                            
Creating filesystem with 140288 4k blocks and 35120 inodes
Filesystem UUID: c1cf41f6-f3b3-4d2d-b27c-3578cdd5ffe3
Superblock backups stored on blocks: 
	32768, 98304

Allocating group tables: 0/5   done                            
Writing inode tables: 0/5   done                            
Creating journal (4096 blocks): done
Writing superblocks and filesystem accounting information: 0/5   done

############### /home/fedora/btrfs-progs/btrfs-convert /home/fedora/btrfs-progs/tests/test.img
create btrfs filesystem:
	blocksize: 4096
	nodesize:  16384
	features:  extref, skinny-metadata (default)
creating ext2 image file
creating btrfs metadata
copy inodes [o] [         2/        11]
conversion complete
############### /home/fedora/btrfs-progs/btrfs check /home/fedora/btrfs-progs/tests/test.img
checking extents
checking free space cache
checking fs roots
checking csums
checking root refs
Checking filesystem on /home/fedora/btrfs-progs/tests/test.img
UUID: e61ad1e2-b94d-4de6-937c-022753f435c1
found 26873856 bytes used, no error found
total csum bytes: 26068
total tree bytes: 180224
total fs tree bytes: 49152
total extent tree bytes: 16384
btree space waste bytes: 144641
file data blocks allocated: 26693632
 referenced 26693632
=== Entering /home/fedora/btrfs-progs/tests/misc-tests/009-subvolume-sync-must-wait
$TEST_DEV not given, use /home/fedora/btrfs-progs/test/test.img as fallback
############### /home/fedora/btrfs-progs/mkfs.btrfs -f /home/fedora/btrfs-progs/tests/test.img
btrfs-progs v4.14-52-g0c8fe06e
See http://btrfs.wiki.kernel.org for more information.

Label:              (null)
UUID:               c3fc8a23-2a54-4a7f-af8e-4bb9e8f7563e
Node size:          16384
Sector size:        4096
Filesystem size:    2.00GiB
Block group profiles:
  Data:             single            8.00MiB
  Metadata:         DUP             102.38MiB
  System:           DUP               8.00MiB
SSD detected:       no
Incompat features:  extref, skinny-metadata
Number of devices:  1
Devices:
   ID        SIZE  PATH
    1     2.00GiB  /home/fedora/btrfs-progs/tests/test.img

############### root_helper mount -t btrfs -o loop /home/fedora/btrfs-progs/tests/test.img /home/fedora/btrfs-progs/tests/mnt
############### root_helper chmod a+rw /home/fedora/btrfs-progs/tests/mnt
############### dd if=/dev/zero of=file1 bs=1M count=10
10+0 records in
10+0 records out
10485760 bytes (10 MB, 10 MiB) copied, 0.00489072 s, 2.1 GB/s
############### dd if=/dev/zero of=file2 bs=1M count=10
10+0 records in
10+0 records out
10485760 bytes (10 MB, 10 MiB) copied, 0.0171243 s, 612 MB/s
############### dd if=/dev/zero of=file3 bs=1M count=10
10+0 records in
10+0 records out
10485760 bytes (10 MB, 10 MiB) copied, 0.0130317 s, 805 MB/s
############### dd if=/dev/zero of=file4 bs=1M count=10
10+0 records in
10+0 records out
10485760 bytes (10 MB, 10 MiB) copied, 0.0137189 s, 764 MB/s
############### dd if=/dev/zero of=file5 bs=1M count=10
10+0 records in
10+0 records out
10485760 bytes (10 MB, 10 MiB) copied, 0.00484067 s, 2.2 GB/s
############### root_helper /home/fedora/btrfs-progs/btrfs subvolume snapshot . snap1
Create a snapshot of '.' in './snap1'
############### dd if=/dev/zero of=snap1/file1 bs=1M count=10
10+0 records in
10+0 records out
10485760 bytes (10 MB, 10 MiB) copied, 0.0313514 s, 334 MB/s
############### dd if=/dev/zero of=snap1/file2 bs=1M count=10
10+0 records in
10+0 records out
10485760 bytes (10 MB, 10 MiB) copied, 0.0195227 s, 537 MB/s
############### dd if=/dev/zero of=snap1/file3 bs=1M count=10
10+0 records in
10+0 records out
10485760 bytes (10 MB, 10 MiB) copied, 0.0377611 s, 278 MB/s
############### dd if=/dev/zero of=snap1/file4 bs=1M count=10
10+0 records in
10+0 records out
10485760 bytes (10 MB, 10 MiB) copied, 0.0225431 s, 465 MB/s
############### dd if=/dev/zero of=snap1/file5 bs=1M count=10
10+0 records in
10+0 records out
10485760 bytes (10 MB, 10 MiB) copied, 0.0310501 s, 338 MB/s
############### dd if=/dev/zero of=snap1/file6 bs=1M count=10
10+0 records in
10+0 records out
10485760 bytes (10 MB, 10 MiB) copied, 0.0168794 s, 621 MB/s
############### dd if=/dev/zero of=snap1/file7 bs=1M count=10
10+0 records in
10+0 records out
10485760 bytes (10 MB, 10 MiB) copied, 0.0127414 s, 823 MB/s
############### dd if=/dev/zero of=snap1/file8 bs=1M count=10
10+0 records in
10+0 records out
10485760 bytes (10 MB, 10 MiB) copied, 0.00460978 s, 2.3 GB/s
############### dd if=/dev/zero of=snap1/file9 bs=1M count=10
10+0 records in
10+0 records out
10485760 bytes (10 MB, 10 MiB) copied, 0.0128091 s, 819 MB/s
############### dd if=/dev/zero of=snap1/file10 bs=1M count=10
10+0 records in
10+0 records out
10485760 bytes (10 MB, 10 MiB) copied, 0.0126877 s, 826 MB/s
############### root_helper /home/fedora/btrfs-progs/btrfs subvolume snapshot . snap2
Create a snapshot of '.' in './snap2'
############### dd if=/dev/zero of=snap2/file1 bs=1M count=10
10+0 records in
10+0 records out
10485760 bytes (10 MB, 10 MiB) copied, 0.0353646 s, 297 MB/s
############### dd if=/dev/zero of=snap2/file2 bs=1M count=10
10+0 records in
10+0 records out
10485760 bytes (10 MB, 10 MiB) copied, 0.0224014 s, 468 MB/s
############### dd if=/dev/zero of=snap2/file3 bs=1M count=10
10+0 records in
10+0 records out
10485760 bytes (10 MB, 10 MiB) copied, 0.034553 s, 303 MB/s
############### dd if=/dev/zero of=snap2/file4 bs=1M count=10
10+0 records in
10+0 records out
10485760 bytes (10 MB, 10 MiB) copied, 0.0268649 s, 390 MB/s
############### dd if=/dev/zero of=snap2/file5 bs=1M count=10
10+0 records in
10+0 records out
10485760 bytes (10 MB, 10 MiB) copied, 0.0169959 s, 617 MB/s
############### dd if=/dev/zero of=snap2/file6 bs=1M count=10
10+0 records in
10+0 records out
10485760 bytes (10 MB, 10 MiB) copied, 0.0184593 s, 568 MB/s
############### dd if=/dev/zero of=snap2/file7 bs=1M count=10
10+0 records in
10+0 records out
10485760 bytes (10 MB, 10 MiB) copied, 0.00470065 s, 2.2 GB/s
############### dd if=/dev/zero of=snap2/file8 bs=1M count=10
10+0 records in
10+0 records out
10485760 bytes (10 MB, 10 MiB) copied, 0.0126737 s, 827 MB/s
############### dd if=/dev/zero of=snap2/file9 bs=1M count=10
10+0 records in
10+0 records out
10485760 bytes (10 MB, 10 MiB) copied, 0.00463909 s, 2.3 GB/s
############### dd if=/dev/zero of=snap2/file10 bs=1M count=10
10+0 records in
10+0 records out
10485760 bytes (10 MB, 10 MiB) copied, 0.0046677 s, 2.2 GB/s
############### root_helper /home/fedora/btrfs-progs/btrfs subvolume snapshot . snap3
Create a snapshot of '.' in './snap3'
############### dd if=/dev/zero of=snap3/file1 bs=1M count=10
10+0 records in
10+0 records out
10485760 bytes (10 MB, 10 MiB) copied, 0.0223253 s, 470 MB/s
############### dd if=/dev/zero of=snap3/file2 bs=1M count=10
10+0 records in
10+0 records out
10485760 bytes (10 MB, 10 MiB) copied, 0.0260528 s, 402 MB/s
############### dd if=/dev/zero of=snap3/file3 bs=1M count=10
10+0 records in
10+0 records out
10485760 bytes (10 MB, 10 MiB) copied, 0.0300836 s, 349 MB/s
############### dd if=/dev/zero of=snap3/file4 bs=1M count=10
10+0 records in
10+0 records out
10485760 bytes (10 MB, 10 MiB) copied, 0.0258331 s, 406 MB/s
############### dd if=/dev/zero of=snap3/file5 bs=1M count=10
10+0 records in
10+0 records out
10485760 bytes (10 MB, 10 MiB) copied, 0.0303912 s, 345 MB/s
############### dd if=/dev/zero of=snap3/file6 bs=1M count=10
10+0 records in
10+0 records out
10485760 bytes (10 MB, 10 MiB) copied, 0.00493001 s, 2.1 GB/s
############### dd if=/dev/zero of=snap3/file7 bs=1M count=10
10+0 records in
10+0 records out
10485760 bytes (10 MB, 10 MiB) copied, 0.00457197 s, 2.3 GB/s
############### dd if=/dev/zero of=snap3/file8 bs=1M count=10
10+0 records in
10+0 records out
10485760 bytes (10 MB, 10 MiB) copied, 0.0127012 s, 826 MB/s
############### dd if=/dev/zero of=snap3/file9 bs=1M count=10
10+0 records in
10+0 records out
10485760 bytes (10 MB, 10 MiB) copied, 0.00461073 s, 2.3 GB/s
############### dd if=/dev/zero of=snap3/file10 bs=1M count=10
10+0 records in
10+0 records out
10485760 bytes (10 MB, 10 MiB) copied, 0.00473706 s, 2.2 GB/s
############### root_helper /home/fedora/btrfs-progs/btrfs subvolume snapshot . snap4
Create a snapshot of '.' in './snap4'
############### dd if=/dev/zero of=snap4/file1 bs=1M count=10
10+0 records in
10+0 records out
10485760 bytes (10 MB, 10 MiB) copied, 0.0265272 s, 395 MB/s
############### dd if=/dev/zero of=snap4/file2 bs=1M count=10
10+0 records in
10+0 records out
10485760 bytes (10 MB, 10 MiB) copied, 0.0307828 s, 341 MB/s
############### dd if=/dev/zero of=snap4/file3 bs=1M count=10
10+0 records in
10+0 records out
10485760 bytes (10 MB, 10 MiB) copied, 0.0277548 s, 378 MB/s
############### dd if=/dev/zero of=snap4/file4 bs=1M count=10
10+0 records in
10+0 records out
10485760 bytes (10 MB, 10 MiB) copied, 0.0335492 s, 313 MB/s
############### dd if=/dev/zero of=snap4/file5 bs=1M count=10
10+0 records in
10+0 records out
10485760 bytes (10 MB, 10 MiB) copied, 0.0307643 s, 341 MB/s
############### dd if=/dev/zero of=snap4/file6 bs=1M count=10
10+0 records in
10+0 records out
10485760 bytes (10 MB, 10 MiB) copied, 0.00469853 s, 2.2 GB/s
############### dd if=/dev/zero of=snap4/file7 bs=1M count=10
10+0 records in
10+0 records out
10485760 bytes (10 MB, 10 MiB) copied, 0.00466921 s, 2.2 GB/s
############### dd if=/dev/zero of=snap4/file8 bs=1M count=10
10+0 records in
10+0 records out
10485760 bytes (10 MB, 10 MiB) copied, 0.00523034 s, 2.0 GB/s
############### dd if=/dev/zero of=snap4/file9 bs=1M count=10
10+0 records in
10+0 records out
10485760 bytes (10 MB, 10 MiB) copied, 0.0127015 s, 826 MB/s
############### dd if=/dev/zero of=snap4/file10 bs=1M count=10
10+0 records in
10+0 records out
10485760 bytes (10 MB, 10 MiB) copied, 0.0126952 s, 826 MB/s
############### root_helper /home/fedora/btrfs-progs/btrfs subvolume list .
ID 258 gen 8 top level 5 path snap1
ID 259 gen 9 top level 5 path snap2
ID 260 gen 10 top level 5 path snap3
ID 261 gen 10 top level 5 path snap4
############### root_helper /home/fedora/btrfs-progs/btrfs subvolume list -d .
############### root_helper /home/fedora/btrfs-progs/btrfs inspect-internal rootid snap3
260
############### root_helper /home/fedora/btrfs-progs/btrfs subvolume delete -c snap3
Delete subvolume (commit): '/home/fedora/btrfs-progs/tests/mnt/snap3'
############### root_helper /home/fedora/btrfs-progs/btrfs subvolume sync . 260
############### /home/fedora/btrfs-progs/btrfs filesystem sync /home/fedora/btrfs-progs/tests/mnt
Subvolume id 260 is gone
############### root_helper /home/fedora/btrfs-progs/btrfs subvolume list -d .
############### /home/fedora/btrfs-progs/btrfs filesystem sync /home/fedora/btrfs-progs/tests/mnt
############### root_helper /home/fedora/btrfs-progs/btrfs subvolume list -d .
############### root_helper umount /home/fedora/btrfs-progs/tests/test.img
=== Entering /home/fedora/btrfs-progs/tests/misc-tests/010-convert-delete-ext2-subvol
$TEST_DEV not given, use /home/fedora/btrfs-progs/test/test.img as fallback
############### truncate -s 2G /home/fedora/btrfs-progs/tests/test.img
############### mkfs.ext4 -F /home/fedora/btrfs-progs/tests/test.img
mke2fs 1.43.4 (31-Jan-2017)
Discarding device blocks:   4096/524288             done                            
Creating filesystem with 524288 4k blocks and 131072 inodes
Filesystem UUID: f02b0728-c84c-4520-a627-d9a090cc6eb0
Superblock backups stored on blocks: 
	32768, 98304, 163840, 229376, 294912

Allocating group tables:  0/16     done                            
Writing inode tables:  0/16     done                            
Creating journal (16384 blocks): done
Writing superblocks and filesystem accounting information:  0/16     done

############### /home/fedora/btrfs-progs/btrfs-convert /home/fedora/btrfs-progs/tests/test.img
create btrfs filesystem:
	blocksize: 4096
	nodesize:  16384
	features:  extref, skinny-metadata (default)
creating ext2 image file
creating btrfs metadata
copy inodes [o] [         2/        11]
conversion complete
############### root_helper /home/fedora/btrfs-progs/btrfs inspect-internal dump-tree /home/fedora/btrfs-progs/tests/test.img
btrfs-progs v4.14-52-g0c8fe06e
root tree
leaf 67305472 items 12 free space 13067 generation 5 owner 1
leaf 67305472 flags 0x1(WRITTEN) backref revision 1
fs uuid be6b7466-3608-4593-b03d-96ecf90825e8
chunk uuid 6d3b5abd-ac22-4af3-b171-629d4b782c30
	item 0 key (EXTENT_TREE ROOT_ITEM 0) itemoff 15844 itemsize 439
		generation 5 root_dirid 0 bytenr 67223552 level 0 refs 1
		lastsnap 0 byte_limit 0 bytes_used 114688 flags 0x0(none)
		uuid 00000000-0000-0000-0000-000000000000
		drop key (0 UNKNOWN.0 0) level 0
	item 1 key (DEV_TREE ROOT_ITEM 0) itemoff 15405 itemsize 439
		generation 2 root_dirid 0 bytenr 67256320 level 0 refs 1
		lastsnap 0 byte_limit 0 bytes_used 16384 flags 0x0(none)
		uuid 00000000-0000-0000-0000-000000000000
		drop key (0 UNKNOWN.0 0) level 0
	item 2 key (FS_TREE INODE_REF 6) itemoff 15388 itemsize 17
		index 0 namelen 7 name: default
	item 3 key (FS_TREE ROOT_ITEM 0) itemoff 14949 itemsize 439
		generation 5 root_dirid 256 bytenr 67190784 level 0 refs 1
		lastsnap 0 byte_limit 0 bytes_used 16384 flags 0x0(none)
		uuid 00000000-0000-0000-0000-000000000000
		drop key (0 UNKNOWN.0 0) level 0
	item 4 key (FS_TREE ROOT_REF 256) itemoff 14921 itemsize 28
		root ref key dirid 256 sequence 3 name ext2_saved
	item 5 key (ROOT_TREE_DIR INODE_ITEM 0) itemoff 14761 itemsize 160
		generation 2 transid 0 size 0 nbytes 16384
		block group 0 mode 40755 links 1 uid 0 gid 0 rdev 0
		sequence 0 flags 0x0(none)
		atime 1513778016.0 (2017-12-20 13:53:36)
		ctime 1513778016.0 (2017-12-20 13:53:36)
		mtime 1513778016.0 (2017-12-20 13:53:36)
		otime 1513778016.0 (2017-12-20 13:53:36)
	item 6 key (ROOT_TREE_DIR INODE_REF 6) itemoff 14749 itemsize 12
		index 0 namelen 2 name: ..
	item 7 key (ROOT_TREE_DIR DIR_ITEM 2378154706) itemoff 14712 itemsize 37
		location key (FS_TREE ROOT_ITEM -1) type DIR
		transid 0 data_len 0 name_len 7
		name: default
	item 8 key (CSUM_TREE ROOT_ITEM 0) itemoff 14273 itemsize 439
		generation 3 root_dirid 0 bytenr 67338240 level 1 refs 1
		lastsnap 0 byte_limit 0 bytes_used 147456 flags 0x0(none)
		uuid 00000000-0000-0000-0000-000000000000
		drop key (0 UNKNOWN.0 0) level 0
	item 9 key (256 ROOT_ITEM EXTENT_TREE) itemoff 13834 itemsize 439
		generation 3 root_dirid 256 bytenr 67174400 level 0 refs 1
		lastsnap 0 byte_limit 0 bytes_used 107151360 flags 0x0(none)
		uuid 00000000-0000-0000-0000-000000000000
		drop key (0 UNKNOWN.0 0) level 0
	item 10 key (256 ROOT_BACKREF 5) itemoff 13806 itemsize 28
		root backref key dirid 256 sequence 3 name ext2_saved
	item 11 key (DATA_RELOC_TREE ROOT_ITEM EXTENT_TREE) itemoff 13367 itemsize 439
		generation 2 root_dirid 256 bytenr 67321856 level 0 refs 1
		lastsnap 0 byte_limit 0 bytes_used 16384 flags 0x0(none)
		uuid 00000000-0000-0000-0000-000000000000
		drop key (0 UNKNOWN.0 0) level 0
chunk tree
leaf 34881536 items 10 free space 15215 generation 2 owner 3
leaf 34881536 flags 0x1(WRITTEN) backref revision 1
fs uuid be6b7466-3608-4593-b03d-96ecf90825e8
chunk uuid 6d3b5abd-ac22-4af3-b171-629d4b782c30
	item 0 key (DEV_ITEMS DEV_ITEM 1) itemoff 16185 itemsize 98
		devid 1 total_bytes 2147483648 bytes_used 306343936
		io_align 4096 io_width 4096 sector_size 4096 type 0
		generation 0 start_offset 0 dev_group 0
		seek_speed 0 bandwidth 0
		uuid 25c4211b-c335-4349-b811-4b61f240a3c2
		fsid be6b7466-3608-4593-b03d-96ecf90825e8
	item 1 key (FIRST_CHUNK_TREE CHUNK_ITEM 1048576) itemoff 16105 itemsize 80
		length 33714176 owner 2 stripe_len 65536 type DATA
		io_align 65536 io_width 65536 sector_size 4096
		num_stripes 1 sub_stripes 0
			stripe 0 devid 1 offset 1048576
			dev_uuid 25c4211b-c335-4349-b811-4b61f240a3c2
	item 2 key (FIRST_CHUNK_TREE CHUNK_ITEM 34865152) itemoff 16025 itemsize 80
		length 4194304 owner 2 stripe_len 65536 type SYSTEM
		io_align 4096 io_width 4096 sector_size 4096
		num_stripes 1 sub_stripes 0
			stripe 0 devid 1 offset 34865152
			dev_uuid 25c4211b-c335-4349-b811-4b61f240a3c2
	item 3 key (FIRST_CHUNK_TREE CHUNK_ITEM 67174400) itemoff 15945 itemsize 80
		length 33554432 owner 2 stripe_len 65536 type METADATA
		io_align 4096 io_width 4096 sector_size 4096
		num_stripes 1 sub_stripes 0
			stripe 0 devid 1 offset 67174400
			dev_uuid 25c4211b-c335-4349-b811-4b61f240a3c2
	item 4 key (FIRST_CHUNK_TREE CHUNK_ITEM 134217728) itemoff 15865 itemsize 80
		length 33554432 owner 2 stripe_len 65536 type DATA
		io_align 65536 io_width 65536 sector_size 4096
		num_stripes 1 sub_stripes 0
			stripe 0 devid 1 offset 134217728
			dev_uuid 25c4211b-c335-4349-b811-4b61f240a3c2
	item 5 key (FIRST_CHUNK_TREE CHUNK_ITEM 402653184) itemoff 15785 itemsize 80
		length 33554432 owner 2 stripe_len 65536 type DATA
		io_align 65536 io_width 65536 sector_size 4096
		num_stripes 1 sub_stripes 0
			stripe 0 devid 1 offset 402653184
			dev_uuid 25c4211b-c335-4349-b811-4b61f240a3c2
	item 6 key (FIRST_CHUNK_TREE CHUNK_ITEM 671088640) itemoff 15705 itemsize 80
		length 33554432 owner 2 stripe_len 65536 type DATA
		io_align 65536 io_width 65536 sector_size 4096
		num_stripes 1 sub_stripes 0
			stripe 0 devid 1 offset 671088640
			dev_uuid 25c4211b-c335-4349-b811-4b61f240a3c2
	item 7 key (FIRST_CHUNK_TREE CHUNK_ITEM 939524096) itemoff 15625 itemsize 80
		length 33554432 owner 2 stripe_len 65536 type DATA
		io_align 65536 io_width 65536 sector_size 4096
		num_stripes 1 sub_stripes 0
			stripe 0 devid 1 offset 939524096
			dev_uuid 25c4211b-c335-4349-b811-4b61f240a3c2
	item 8 key (FIRST_CHUNK_TREE CHUNK_ITEM 1073741824) itemoff 15545 itemsize 80
		length 67108864 owner 2 stripe_len 65536 type DATA
		io_align 65536 io_width 65536 sector_size 4096
		num_stripes 1 sub_stripes 0
			stripe 0 devid 1 offset 1073741824
			dev_uuid 25c4211b-c335-4349-b811-4b61f240a3c2
	item 9 key (FIRST_CHUNK_TREE CHUNK_ITEM 1207959552) itemoff 15465 itemsize 80
		length 33554432 owner 2 stripe_len 65536 type DATA
		io_align 65536 io_width 65536 sector_size 4096
		num_stripes 1 sub_stripes 0
			stripe 0 devid 1 offset 1207959552
			dev_uuid 25c4211b-c335-4349-b811-4b61f240a3c2
extent tree key (EXTENT_TREE ROOT_ITEM 0) 
leaf 67223552 items 33 free space 14290 generation 5 owner 2
leaf 67223552 flags 0x1(WRITTEN) backref revision 1
fs uuid be6b7466-3608-4593-b03d-96ecf90825e8
chunk uuid 6d3b5abd-ac22-4af3-b171-629d4b782c30
	item 0 key (1048576 EXTENT_ITEM 33714176) itemoff 16230 itemsize 53
		refs 1 gen 0 flags DATA
		extent data backref root 256 objectid 257 offset 1048576 count 1
	item 1 key (1048576 BLOCK_GROUP_ITEM 33714176) itemoff 16206 itemsize 24
		block group used 33714176 chunk_objectid 256 flags DATA
	item 2 key (34865152 BLOCK_GROUP_ITEM 4194304) itemoff 16182 itemsize 24
		block group used 16384 chunk_objectid 256 flags SYSTEM
	item 3 key (34881536 METADATA_ITEM 0) itemoff 16149 itemsize 33
		refs 1 gen 2 flags TREE_BLOCK
		tree block skinny level 0
		tree block backref root 3
	item 4 key (67174400 METADATA_ITEM 0) itemoff 16116 itemsize 33
		refs 1 gen 3 flags TREE_BLOCK
		tree block skinny level 0
		tree block backref root 256
	item 5 key (67174400 BLOCK_GROUP_ITEM 33554432) itemoff 16092 itemsize 24
		block group used 245760 chunk_objectid 256 flags METADATA
	item 6 key (67190784 METADATA_ITEM 0) itemoff 16059 itemsize 33
		refs 1 gen 5 flags TREE_BLOCK
		tree block skinny level 0
		tree block backref root 5
	item 7 key (67207168 METADATA_ITEM 0) itemoff 16026 itemsize 33
		refs 1 gen 3 flags TREE_BLOCK
		tree block skinny level 0
		tree block backref root 7
	item 8 key (67223552 METADATA_ITEM 0) itemoff 15993 itemsize 33
		refs 1 gen 5 flags TREE_BLOCK
		tree block skinny level 0
		tree block backref root 2
	item 9 key (67256320 METADATA_ITEM 0) itemoff 15960 itemsize 33
		refs 1 gen 2 flags TREE_BLOCK
		tree block skinny level 0
		tree block backref root 4
	item 10 key (67305472 METADATA_ITEM 0) itemoff 15927 itemsize 33
		refs 1 gen 5 flags TREE_BLOCK
		tree block skinny level 0
		tree block backref root 1
	item 11 key (67321856 METADATA_ITEM 0) itemoff 15894 itemsize 33
		refs 1 gen 2 flags TREE_BLOCK
		tree block skinny level 0
		tree block backref root 18446744073709551607
	item 12 key (67338240 METADATA_ITEM 1) itemoff 15861 itemsize 33
		refs 1 gen 3 flags TREE_BLOCK
		tree block skinny level 1
		tree block backref root 7
	item 13 key (67354624 METADATA_ITEM 0) itemoff 15828 itemsize 33
		refs 1 gen 3 flags TREE_BLOCK
		tree block skinny level 0
		tree block backref root 7
	item 14 key (67371008 METADATA_ITEM 0) itemoff 15795 itemsize 33
		refs 1 gen 3 flags TREE_BLOCK
		tree block skinny level 0
		tree block backref root 7
	item 15 key (67387392 METADATA_ITEM 0) itemoff 15762 itemsize 33
		refs 1 gen 3 flags TREE_BLOCK
		tree block skinny level 0
		tree block backref root 7
	item 16 key (67403776 METADATA_ITEM 0) itemoff 15729 itemsize 33
		refs 1 gen 3 flags TREE_BLOCK
		tree block skinny level 0
		tree block backref root 7
	item 17 key (67420160 METADATA_ITEM 0) itemoff 15696 itemsize 33
		refs 1 gen 3 flags TREE_BLOCK
		tree block skinny level 0
		tree block backref root 7
	item 18 key (67436544 METADATA_ITEM 0) itemoff 15663 itemsize 33
		refs 1 gen 3 flags TREE_BLOCK
		tree block skinny level 0
		tree block backref root 7
	item 19 key (67452928 METADATA_ITEM 0) itemoff 15630 itemsize 33
		refs 1 gen 3 flags TREE_BLOCK
		tree block skinny level 0
		tree block backref root 7
	item 20 key (134217728 EXTENT_ITEM 1052672) itemoff 15577 itemsize 53
		refs 1 gen 0 flags DATA
		extent data backref root 256 objectid 257 offset 134217728 count 1
	item 21 key (134217728 BLOCK_GROUP_ITEM 33554432) itemoff 15553 itemsize 24
		block group used 2101248 chunk_objectid 256 flags DATA
	item 22 key (135270400 EXTENT_ITEM 1048576) itemoff 15500 itemsize 53
		refs 1 gen 0 flags DATA
		extent data backref root 256 objectid 257 offset 0 count 1
	item 23 key (402653184 EXTENT_ITEM 1052672) itemoff 15447 itemsize 53
		refs 1 gen 0 flags DATA
		extent data backref root 256 objectid 257 offset 402653184 count 1
	item 24 key (402653184 BLOCK_GROUP_ITEM 33554432) itemoff 15423 itemsize 24
		block group used 1052672 chunk_objectid 256 flags DATA
	item 25 key (671088640 EXTENT_ITEM 1052672) itemoff 15370 itemsize 53
		refs 1 gen 0 flags DATA
		extent data backref root 256 objectid 257 offset 671088640 count 1
	item 26 key (671088640 BLOCK_GROUP_ITEM 33554432) itemoff 15346 itemsize 24
		block group used 1052672 chunk_objectid 256 flags DATA
	item 27 key (939524096 EXTENT_ITEM 1052672) itemoff 15293 itemsize 53
		refs 1 gen 0 flags DATA
		extent data backref root 256 objectid 257 offset 939524096 count 1
	item 28 key (939524096 BLOCK_GROUP_ITEM 33554432) itemoff 15269 itemsize 24
		block group used 1052672 chunk_objectid 256 flags DATA
	item 29 key (1073741824 EXTENT_ITEM 67108864) itemoff 15216 itemsize 53
		refs 1 gen 0 flags DATA
		extent data backref root 256 objectid 257 offset 1073741824 count 1
	item 30 key (1073741824 BLOCK_GROUP_ITEM 67108864) itemoff 15192 itemsize 24
		block group used 67108864 chunk_objectid 256 flags DATA
	item 31 key (1207959552 EXTENT_ITEM 1052672) itemoff 15139 itemsize 53
		refs 1 gen 0 flags DATA
		extent data backref root 256 objectid 257 offset 1207959552 count 1
	item 32 key (1207959552 BLOCK_GROUP_ITEM 33554432) itemoff 15115 itemsize 24
		block group used 1052672 chunk_objectid 256 flags DATA
device tree key (DEV_TREE ROOT_ITEM 0) 
leaf 67256320 items 9 free space 15626 generation 2 owner 4
leaf 67256320 flags 0x1(WRITTEN) backref revision 1
fs uuid be6b7466-3608-4593-b03d-96ecf90825e8
chunk uuid 6d3b5abd-ac22-4af3-b171-629d4b782c30
	item 0 key (1 DEV_EXTENT 1048576) itemoff 16235 itemsize 48
		dev extent chunk_tree 3
		chunk_objectid 256 chunk_offset 1048576 length 33714176
		chunk_tree_uuid 6d3b5abd-ac22-4af3-b171-629d4b782c30
	item 1 key (1 DEV_EXTENT 34865152) itemoff 16187 itemsize 48
		dev extent chunk_tree 3
		chunk_objectid 256 chunk_offset 34865152 length 4194304
		chunk_tree_uuid 00000000-0000-0000-0000-000000000000
	item 2 key (1 DEV_EXTENT 67174400) itemoff 16139 itemsize 48
		dev extent chunk_tree 3
		chunk_objectid 256 chunk_offset 67174400 length 33554432
		chunk_tree_uuid 00000000-0000-0000-0000-000000000000
	item 3 key (1 DEV_EXTENT 134217728) itemoff 16091 itemsize 48
		dev extent chunk_tree 3
		chunk_objectid 256 chunk_offset 134217728 length 33554432
		chunk_tree_uuid 6d3b5abd-ac22-4af3-b171-629d4b782c30
	item 4 key (1 DEV_EXTENT 402653184) itemoff 16043 itemsize 48
		dev extent chunk_tree 3
		chunk_objectid 256 chunk_offset 402653184 length 33554432
		chunk_tree_uuid 6d3b5abd-ac22-4af3-b171-629d4b782c30
	item 5 key (1 DEV_EXTENT 671088640) itemoff 15995 itemsize 48
		dev extent chunk_tree 3
		chunk_objectid 256 chunk_offset 671088640 length 33554432
		chunk_tree_uuid 6d3b5abd-ac22-4af3-b171-629d4b782c30
	item 6 key (1 DEV_EXTENT 939524096) itemoff 15947 itemsize 48
		dev extent chunk_tree 3
		chunk_objectid 256 chunk_offset 939524096 length 33554432
		chunk_tree_uuid 6d3b5abd-ac22-4af3-b171-629d4b782c30
	item 7 key (1 DEV_EXTENT 1073741824) itemoff 15899 itemsize 48
		dev extent chunk_tree 3
		chunk_objectid 256 chunk_offset 1073741824 length 67108864
		chunk_tree_uuid 6d3b5abd-ac22-4af3-b171-629d4b782c30
	item 8 key (1 DEV_EXTENT 1207959552) itemoff 15851 itemsize 48
		dev extent chunk_tree 3
		chunk_objectid 256 chunk_offset 1207959552 length 33554432
		chunk_tree_uuid 6d3b5abd-ac22-4af3-b171-629d4b782c30
fs tree key (FS_TREE ROOT_ITEM 0) 
leaf 67190784 items 8 free space 15571 generation 5 owner 5
leaf 67190784 flags 0x1(WRITTEN) backref revision 1
fs uuid be6b7466-3608-4593-b03d-96ecf90825e8
chunk uuid 6d3b5abd-ac22-4af3-b171-629d4b782c30
	item 0 key (256 INODE_ITEM 0) itemoff 16123 itemsize 160
		generation 1 transid 1 size 40 nbytes 0
		block group 0 mode 40755 links 1 uid 0 gid 0 rdev 0
		sequence 0 flags 0x0(none)
		atime 1513778016.0 (2017-12-20 13:53:36)
		ctime 1513778016.0 (2017-12-20 13:53:36)
		mtime 1513778016.0 (2017-12-20 13:53:36)
		otime 0.0 (1970-01-01 00:00:00)
	item 1 key (256 INODE_REF 256) itemoff 16111 itemsize 12
		index 0 namelen 2 name: ..
	item 2 key (256 DIR_ITEM 2734183504) itemoff 16071 itemsize 40
		location key (265 INODE_ITEM 0) type DIR
		transid 0 data_len 0 name_len 10
		name: lost+found
	item 3 key (256 DIR_ITEM 3082037031) itemoff 16031 itemsize 40
		location key (256 ROOT_ITEM -1) type DIR
		transid 0 data_len 0 name_len 10
		name: ext2_saved
	item 4 key (256 DIR_INDEX 2) itemoff 15991 itemsize 40
		location key (265 INODE_ITEM 0) type DIR
		transid 0 data_len 0 name_len 10
		name: lost+found
	item 5 key (256 DIR_INDEX 3) itemoff 15951 itemsize 40
		location key (256 ROOT_ITEM -1) type DIR
		transid 5913195 data_len 0 name_len 10
		name: ext2_saved
	item 6 key (265 INODE_ITEM 0) itemoff 15791 itemsize 160
		generation 1 transid 1 size 0 nbytes 0
		block group 0 mode 40700 links 1 uid 0 gid 0 rdev 0
		sequence 0 flags 0x0(none)
		atime 1513778016.0 (2017-12-20 13:53:36)
		ctime 1513778016.0 (2017-12-20 13:53:36)
		mtime 1513778016.0 (2017-12-20 13:53:36)
		otime 0.0 (1970-01-01 00:00:00)
	item 7 key (265 INODE_REF 256) itemoff 15771 itemsize 20
		index 2 namelen 10 name: lost+found
checksum tree key (CSUM_TREE ROOT_ITEM 0) 
node 67338240 level 1 items 8 free 485 generation 3 owner 7
fs uuid be6b7466-3608-4593-b03d-96ecf90825e8
chunk uuid 6d3b5abd-ac22-4af3-b171-629d4b782c30
	key (EXTENT_CSUM EXTENT_CSUM 1048576) block 67207168 (4102) gen 3
	key (EXTENT_CSUM EXTENT_CSUM 17666048) block 67354624 (4111) gen 3
	key (EXTENT_CSUM EXTENT_CSUM 34283520) block 67371008 (4112) gen 3
	key (EXTENT_CSUM EXTENT_CSUM 1073741824) block 67387392 (4113) gen 3
	key (EXTENT_CSUM EXTENT_CSUM 1090359296) block 67403776 (4114) gen 3
	key (EXTENT_CSUM EXTENT_CSUM 1106976768) block 67420160 (4115) gen 3
	key (EXTENT_CSUM EXTENT_CSUM 1123594240) block 67436544 (4116) gen 3
	key (EXTENT_CSUM EXTENT_CSUM 1140211712) block 67452928 (4117) gen 3
leaf 67207168 items 1 free space 30 generation 3 owner 7
leaf 67207168 flags 0x1(WRITTEN) backref revision 1
fs uuid be6b7466-3608-4593-b03d-96ecf90825e8
chunk uuid 6d3b5abd-ac22-4af3-b171-629d4b782c30
	item 0 key (EXTENT_CSUM EXTENT_CSUM 1048576) itemoff 55 itemsize 16228
		range start 1048576 end 17666048 length 16617472
leaf 67354624 items 1 free space 30 generation 3 owner 7
leaf 67354624 flags 0x1(WRITTEN) backref revision 1
fs uuid be6b7466-3608-4593-b03d-96ecf90825e8
chunk uuid 6d3b5abd-ac22-4af3-b171-629d4b782c30
	item 0 key (EXTENT_CSUM EXTENT_CSUM 17666048) itemoff 55 itemsize 16228
		range start 17666048 end 34283520 length 16617472
leaf 67371008 items 5 free space 10554 generation 3 owner 7
leaf 67371008 flags 0x1(WRITTEN) backref revision 1
fs uuid be6b7466-3608-4593-b03d-96ecf90825e8
chunk uuid 6d3b5abd-ac22-4af3-b171-629d4b782c30
	item 0 key (EXTENT_CSUM EXTENT_CSUM 34283520) itemoff 15815 itemsize 468
		range start 34283520 end 34762752 length 479232
	item 1 key (EXTENT_CSUM EXTENT_CSUM 134217728) itemoff 13763 itemsize 2052
		range start 134217728 end 136318976 length 2101248
	item 2 key (EXTENT_CSUM EXTENT_CSUM 402653184) itemoff 12735 itemsize 1028
		range start 402653184 end 403705856 length 1052672
	item 3 key (EXTENT_CSUM EXTENT_CSUM 671088640) itemoff 11707 itemsize 1028
		range start 671088640 end 672141312 length 1052672
	item 4 key (EXTENT_CSUM EXTENT_CSUM 939524096) itemoff 10679 itemsize 1028
		range start 939524096 end 940576768 length 1052672
leaf 67387392 items 1 free space 30 generation 3 owner 7
leaf 67387392 flags 0x1(WRITTEN) backref revision 1
fs uuid be6b7466-3608-4593-b03d-96ecf90825e8
chunk uuid 6d3b5abd-ac22-4af3-b171-629d4b782c30
	item 0 key (EXTENT_CSUM EXTENT_CSUM 1073741824) itemoff 55 itemsize 16228
		range start 1073741824 end 1090359296 length 16617472
leaf 67403776 items 1 free space 30 generation 3 owner 7
leaf 67403776 flags 0x1(WRITTEN) backref revision 1
fs uuid be6b7466-3608-4593-b03d-96ecf90825e8
chunk uuid 6d3b5abd-ac22-4af3-b171-629d4b782c30
	item 0 key (EXTENT_CSUM EXTENT_CSUM 1090359296) itemoff 55 itemsize 16228
		range start 1090359296 end 1106976768 length 16617472
leaf 67420160 items 1 free space 30 generation 3 owner 7
leaf 67420160 flags 0x1(WRITTEN) backref revision 1
fs uuid be6b7466-3608-4593-b03d-96ecf90825e8
chunk uuid 6d3b5abd-ac22-4af3-b171-629d4b782c30
	item 0 key (EXTENT_CSUM EXTENT_CSUM 1106976768) itemoff 55 itemsize 16228
		range start 1106976768 end 1123594240 length 16617472
leaf 67436544 items 1 free space 30 generation 3 owner 7
leaf 67436544 flags 0x1(WRITTEN) backref revision 1
fs uuid be6b7466-3608-4593-b03d-96ecf90825e8
chunk uuid 6d3b5abd-ac22-4af3-b171-629d4b782c30
	item 0 key (EXTENT_CSUM EXTENT_CSUM 1123594240) itemoff 55 itemsize 16228
		range start 1123594240 end 1140211712 length 16617472
leaf 67452928 items 2 free space 14581 generation 3 owner 7
leaf 67452928 flags 0x1(WRITTEN) backref revision 1
fs uuid be6b7466-3608-4593-b03d-96ecf90825e8
chunk uuid 6d3b5abd-ac22-4af3-b171-629d4b782c30
	item 0 key (EXTENT_CSUM EXTENT_CSUM 1140211712) itemoff 15659 itemsize 624
		range start 1140211712 end 1140850688 length 638976
	item 1 key (EXTENT_CSUM EXTENT_CSUM 1207959552) itemoff 14631 itemsize 1028
		range start 1207959552 end 1209012224 length 1052672
file tree key (256 ROOT_ITEM EXTENT_TREE) 
leaf 67174400 items 32 free space 13688 generation 3 owner 256
leaf 67174400 flags 0x1(WRITTEN) backref revision 1
fs uuid be6b7466-3608-4593-b03d-96ecf90825e8
chunk uuid 6d3b5abd-ac22-4af3-b171-629d4b782c30
	item 0 key (256 INODE_ITEM 0) itemoff 16123 itemsize 160
		generation 2 transid 0 size 10 nbytes 16384
		block group 0 mode 40755 links 1 uid 0 gid 0 rdev 0
		sequence 0 flags 0x0(none)
		atime 1513778016.0 (2017-12-20 13:53:36)
		ctime 1513778016.0 (2017-12-20 13:53:36)
		mtime 1513778016.0 (2017-12-20 13:53:36)
		otime 1513778016.0 (2017-12-20 13:53:36)
	item 1 key (256 INODE_REF 256) itemoff 16111 itemsize 12
		index 0 namelen 2 name: ..
	item 2 key (256 DIR_ITEM 1377135853) itemoff 16076 itemsize 35
		location key (257 INODE_ITEM 0) type FILE
		transid 0 data_len 0 name_len 5
		name: image
	item 3 key (256 DIR_INDEX 2) itemoff 16041 itemsize 35
		location key (257 INODE_ITEM 0) type FILE
		transid 0 data_len 0 name_len 5
		name: image
	item 4 key (257 INODE_ITEM 0) itemoff 15881 itemsize 160
		generation 3 transid 0 size 2147483648 nbytes 107134976
		block group 0 mode 100400 links 1 uid 0 gid 0 rdev 0
		sequence 4 flags 0x0(READONLY)
		atime 1513778016.0 (2017-12-20 13:53:36)
		ctime 1513778016.0 (2017-12-20 13:53:36)
		mtime 1513778016.0 (2017-12-20 13:53:36)
		otime 0.0 (1970-01-01 00:00:00)
	item 5 key (257 INODE_REF 256) itemoff 15866 itemsize 15
		index 2 namelen 5 name: image
	item 6 key (257 EXTENT_DATA 0) itemoff 15813 itemsize 53
		generation 3 type 1 (regular)
		extent data disk byte 135270400 nr 1048576
		extent data offset 0 nr 1048576 ram 1048576
		extent compression 0 (none)
	item 7 key (257 EXTENT_DATA 1048576) itemoff 15760 itemsize 53
		generation 3 type 1 (regular)
		extent data disk byte 1048576 nr 33714176
		extent data offset 0 nr 33714176 ram 33714176
		extent compression 0 (none)
	item 8 key (257 EXTENT_DATA 34762752) itemoff 15707 itemsize 53
		generation 3 type 1 (regular)
		extent data disk byte 0 nr 0
		extent data offset 0 nr 32346112 ram 32346112
		extent compression 0 (none)
	item 9 key (257 EXTENT_DATA 67108864) itemoff 15654 itemsize 53
		generation 3 type 1 (regular)
		extent data disk byte 0 nr 0
		extent data offset 0 nr 65536 ram 65536
		extent compression 0 (none)
	item 10 key (257 EXTENT_DATA 67174400) itemoff 15601 itemsize 53
		generation 3 type 1 (regular)
		extent data disk byte 0 nr 0
		extent data offset 0 nr 67043328 ram 67043328
		extent compression 0 (none)
	item 11 key (257 EXTENT_DATA 134217728) itemoff 15548 itemsize 53
		generation 3 type 1 (regular)
		extent data disk byte 134217728 nr 1052672
		extent data offset 0 nr 1052672 ram 1052672
		extent compression 0 (none)
	item 12 key (257 EXTENT_DATA 135270400) itemoff 15495 itemsize 53
		generation 3 type 1 (regular)
		extent data disk byte 0 nr 0
