=== Entering /home/fedora/btrfs-progs/tests/misc-tests/001-btrfstune-features
$TEST_DEV not given, using /home/fedora/btrfs-progs/tests/test.img as fallback
############### root_helper /home/fedora/btrfs-progs/mkfs.btrfs -f -O ^extref /home/fedora/btrfs-progs/tests/test.img
btrfs-progs v4.14.1-24-g4675af99
See http://btrfs.wiki.kernel.org for more information.

Label:              (null)
UUID:               d78978c6-e620-4a4a-9c4b-16e2dd2e6d99
Node size:          16384
Sector size:        4096
Filesystem size:    2.00GiB
Block group profiles:
  Data:             single            8.00MiB
  Metadata:         DUP             102.38MiB
  System:           DUP               8.00MiB
SSD detected:       no
Incompat features:  skinny-metadata
Number of devices:  1
Devices:
   ID        SIZE  PATH
    1     2.00GiB  /home/fedora/btrfs-progs/tests/test.img

############### /home/fedora/btrfs-progs/btrfs inspect-internal dump-super /home/fedora/btrfs-progs/tests/test.img
superblock: bytenr=65536, device=/home/fedora/btrfs-progs/tests/test.img
---------------------------------------------------------
csum_type		0 (crc32c)
csum_size		4
csum			0x172c1bdd [match]
bytenr			65536
flags			0x1
			( WRITTEN )
magic			_BHRfS_M [match]
fsid			d78978c6-e620-4a4a-9c4b-16e2dd2e6d99
label			
generation		5
root			29491200
sys_array_size		129
chunk_root_generation	5
root_level		0
chunk_root		20987904
chunk_root_level	0
log_root		0
log_root_transid	0
log_root_level		0
total_bytes		2147483648
bytes_used		114688
sectorsize		4096
nodesize		16384
leafsize (deprecated)		16384
stripesize		4096
root_dir		6
num_devices		1
compat_flags		0x0
compat_ro_flags		0x0
incompat_flags		0x101
			( MIXED_BACKREF |
			  SKINNY_METADATA )
cache_generation	18446744073709551615
uuid_tree_generation	0
dev_item.uuid		7cd169bd-4f76-4876-8c88-337d56b8fd3f
dev_item.fsid		d78978c6-e620-4a4a-9c4b-16e2dd2e6d99 [match]
dev_item.type		0
dev_item.total_bytes	2147483648
dev_item.bytes_used	239861760
dev_item.io_align	4096
dev_item.io_width	4096
dev_item.sector_size	4096
dev_item.devid		1
dev_item.dev_group	0
dev_item.seek_speed	0
dev_item.bandwidth	0
dev_item.generation	0

############### /home/fedora/btrfs-progs/btrfstune -r /home/fedora/btrfs-progs/tests/test.img
############### /home/fedora/btrfs-progs/btrfs inspect-internal dump-super /home/fedora/btrfs-progs/tests/test.img
superblock: bytenr=65536, device=/home/fedora/btrfs-progs/tests/test.img
---------------------------------------------------------
csum_type		0 (crc32c)
csum_size		4
csum			0xd87edc34 [match]
bytenr			65536
flags			0x1
			( WRITTEN )
magic			_BHRfS_M [match]
fsid			d78978c6-e620-4a4a-9c4b-16e2dd2e6d99
label			
generation		6
root			29376512
sys_array_size		129
chunk_root_generation	5
root_level		0
chunk_root		20987904
chunk_root_level	0
log_root		0
log_root_transid	0
log_root_level		0
total_bytes		2147483648
bytes_used		114688
sectorsize		4096
nodesize		16384
leafsize (deprecated)		16384
stripesize		4096
root_dir		6
num_devices		1
compat_flags		0x0
compat_ro_flags		0x0
incompat_flags		0x141
			( MIXED_BACKREF |
			  EXTENDED_IREF |
			  SKINNY_METADATA )
cache_generation	18446744073709551615
uuid_tree_generation	0
dev_item.uuid		7cd169bd-4f76-4876-8c88-337d56b8fd3f
dev_item.fsid		d78978c6-e620-4a4a-9c4b-16e2dd2e6d99 [match]
dev_item.type		0
dev_item.total_bytes	2147483648
dev_item.bytes_used	239861760
dev_item.io_align	4096
dev_item.io_width	4096
dev_item.sector_size	4096
dev_item.devid		1
dev_item.dev_group	0
dev_item.seek_speed	0
dev_item.bandwidth	0
dev_item.generation	0

############### root_helper /home/fedora/btrfs-progs/btrfs check /home/fedora/btrfs-progs/tests/test.img
checking extents
checking free space cache
checking fs roots
checking csums
checking root refs
Checking filesystem on /home/fedora/btrfs-progs/tests/test.img
UUID: d78978c6-e620-4a4a-9c4b-16e2dd2e6d99
found 114688 bytes used, no error found
total csum bytes: 0
total tree bytes: 114688
total fs tree bytes: 32768
total extent tree bytes: 16384
btree space waste bytes: 109471
file data blocks allocated: 0
 referenced 0
############### root_helper /home/fedora/btrfs-progs/mkfs.btrfs -f -O ^skinny-metadata /home/fedora/btrfs-progs/tests/test.img
btrfs-progs v4.14.1-24-g4675af99
See http://btrfs.wiki.kernel.org for more information.

Label:              (null)
UUID:               800fb8a9-4821-40cf-9512-f4eef49e79b2
Node size:          16384
Sector size:        4096
Filesystem size:    2.00GiB
Block group profiles:
  Data:             single            8.00MiB
  Metadata:         DUP             102.38MiB
  System:           DUP               8.00MiB
SSD detected:       no
Incompat features:  extref
Number of devices:  1
Devices:
   ID        SIZE  PATH
    1     2.00GiB  /home/fedora/btrfs-progs/tests/test.img

############### /home/fedora/btrfs-progs/btrfs inspect-internal dump-super /home/fedora/btrfs-progs/tests/test.img
superblock: bytenr=65536, device=/home/fedora/btrfs-progs/tests/test.img
---------------------------------------------------------
csum_type		0 (crc32c)
csum_size		4
csum			0x9efad7e6 [match]
bytenr			65536
flags			0x1
			( WRITTEN )
magic			_BHRfS_M [match]
fsid			800fb8a9-4821-40cf-9512-f4eef49e79b2
label			
generation		5
root			29491200
sys_array_size		129
chunk_root_generation	5
root_level		0
chunk_root		20987904
chunk_root_level	0
log_root		0
log_root_transid	0
log_root_level		0
total_bytes		2147483648
bytes_used		114688
sectorsize		4096
nodesize		16384
leafsize (deprecated)		16384
stripesize		4096
root_dir		6
num_devices		1
compat_flags		0x0
compat_ro_flags		0x0
incompat_flags		0x41
			( MIXED_BACKREF |
			  EXTENDED_IREF )
cache_generation	18446744073709551615
uuid_tree_generation	0
dev_item.uuid		702ed39e-1b4b-42e0-a21b-2faa6dee294a
dev_item.fsid		800fb8a9-4821-40cf-9512-f4eef49e79b2 [match]
dev_item.type		0
dev_item.total_bytes	2147483648
dev_item.bytes_used	239861760
dev_item.io_align	4096
dev_item.io_width	4096
dev_item.sector_size	4096
dev_item.devid		1
dev_item.dev_group	0
dev_item.seek_speed	0
dev_item.bandwidth	0
dev_item.generation	0

############### /home/fedora/btrfs-progs/btrfstune -x /home/fedora/btrfs-progs/tests/test.img
############### /home/fedora/btrfs-progs/btrfs inspect-internal dump-super /home/fedora/btrfs-progs/tests/test.img
superblock: bytenr=65536, device=/home/fedora/btrfs-progs/tests/test.img
---------------------------------------------------------
csum_type		0 (crc32c)
csum_size		4
csum			0x2be32e88 [match]
bytenr			65536
flags			0x1
			( WRITTEN )
magic			_BHRfS_M [match]
fsid			800fb8a9-4821-40cf-9512-f4eef49e79b2
label			
generation		6
root			29376512
sys_array_size		129
chunk_root_generation	5
root_level		0
chunk_root		20987904
chunk_root_level	0
log_root		0
log_root_transid	0
log_root_level		0
total_bytes		2147483648
bytes_used		114688
sectorsize		4096
nodesize		16384
leafsize (deprecated)		16384
stripesize		4096
root_dir		6
num_devices		1
compat_flags		0x0
compat_ro_flags		0x0
incompat_flags		0x141
			( MIXED_BACKREF |
			  EXTENDED_IREF |
			  SKINNY_METADATA )
cache_generation	18446744073709551615
uuid_tree_generation	0
dev_item.uuid		702ed39e-1b4b-42e0-a21b-2faa6dee294a
dev_item.fsid		800fb8a9-4821-40cf-9512-f4eef49e79b2 [match]
dev_item.type		0
dev_item.total_bytes	2147483648
dev_item.bytes_used	239861760
dev_item.io_align	4096
dev_item.io_width	4096
dev_item.sector_size	4096
dev_item.devid		1
dev_item.dev_group	0
dev_item.seek_speed	0
dev_item.bandwidth	0
dev_item.generation	0

############### root_helper /home/fedora/btrfs-progs/btrfs check /home/fedora/btrfs-progs/tests/test.img
checking extents
checking free space cache
checking fs roots
checking csums
checking root refs
Checking filesystem on /home/fedora/btrfs-progs/tests/test.img
UUID: 800fb8a9-4821-40cf-9512-f4eef49e79b2
found 114688 bytes used, no error found
total csum bytes: 0
total tree bytes: 114688
total fs tree bytes: 32768
total extent tree bytes: 16384
btree space waste bytes: 109381
file data blocks allocated: 0
 referenced 0
############### root_helper /home/fedora/btrfs-progs/mkfs.btrfs -f -O ^no-holes /home/fedora/btrfs-progs/tests/test.img
btrfs-progs v4.14.1-24-g4675af99
See http://btrfs.wiki.kernel.org for more information.

Label:              (null)
UUID:               ab7e6a8e-29d3-4b5e-afe7-36c7e6b4182a
Node size:          16384
Sector size:        4096
Filesystem size:    2.00GiB
Block group profiles:
  Data:             single            8.00MiB
  Metadata:         DUP             102.38MiB
  System:           DUP               8.00MiB
SSD detected:       no
Incompat features:  extref, skinny-metadata
Number of devices:  1
Devices:
   ID        SIZE  PATH
    1     2.00GiB  /home/fedora/btrfs-progs/tests/test.img

############### /home/fedora/btrfs-progs/btrfs inspect-internal dump-super /home/fedora/btrfs-progs/tests/test.img
superblock: bytenr=65536, device=/home/fedora/btrfs-progs/tests/test.img
---------------------------------------------------------
csum_type		0 (crc32c)
csum_size		4
csum			0x2b25235b [match]
bytenr			65536
flags			0x1
			( WRITTEN )
magic			_BHRfS_M [match]
fsid			ab7e6a8e-29d3-4b5e-afe7-36c7e6b4182a
label			
generation		5
root			29491200
sys_array_size		129
chunk_root_generation	5
root_level		0
chunk_root		20987904
chunk_root_level	0
log_root		0
log_root_transid	0
log_root_level		0
total_bytes		2147483648
bytes_used		114688
sectorsize		4096
nodesize		16384
leafsize (deprecated)		16384
stripesize		4096
root_dir		6
num_devices		1
compat_flags		0x0
compat_ro_flags		0x0
incompat_flags		0x141
			( MIXED_BACKREF |
			  EXTENDED_IREF |
			  SKINNY_METADATA )
cache_generation	18446744073709551615
uuid_tree_generation	0
dev_item.uuid		001fe865-84c0-4998-a16e-534e586c191b
dev_item.fsid		ab7e6a8e-29d3-4b5e-afe7-36c7e6b4182a [match]
dev_item.type		0
dev_item.total_bytes	2147483648
dev_item.bytes_used	239861760
dev_item.io_align	4096
dev_item.io_width	4096
dev_item.sector_size	4096
dev_item.devid		1
dev_item.dev_group	0
dev_item.seek_speed	0
dev_item.bandwidth	0
dev_item.generation	0

############### /home/fedora/btrfs-progs/btrfstune -n /home/fedora/btrfs-progs/tests/test.img
############### /home/fedora/btrfs-progs/btrfs inspect-internal dump-super /home/fedora/btrfs-progs/tests/test.img
superblock: bytenr=65536, device=/home/fedora/btrfs-progs/tests/test.img
---------------------------------------------------------
csum_type		0 (crc32c)
csum_size		4
csum			0x375161c4 [match]
bytenr			65536
flags			0x1
			( WRITTEN )
magic			_BHRfS_M [match]
fsid			ab7e6a8e-29d3-4b5e-afe7-36c7e6b4182a
label			
generation		6
root			29376512
sys_array_size		129
chunk_root_generation	5
root_level		0
chunk_root		20987904
chunk_root_level	0
log_root		0
log_root_transid	0
log_root_level		0
total_bytes		2147483648
bytes_used		114688
sectorsize		4096
nodesize		16384
leafsize (deprecated)		16384
stripesize		4096
root_dir		6
num_devices		1
compat_flags		0x0
compat_ro_flags		0x0
incompat_flags		0x341
			( MIXED_BACKREF |
			  EXTENDED_IREF |
			  SKINNY_METADATA |
			  NO_HOLES )
cache_generation	18446744073709551615
uuid_tree_generation	0
dev_item.uuid		001fe865-84c0-4998-a16e-534e586c191b
dev_item.fsid		ab7e6a8e-29d3-4b5e-afe7-36c7e6b4182a [match]
dev_item.type		0
dev_item.total_bytes	2147483648
dev_item.bytes_used	239861760
dev_item.io_align	4096
dev_item.io_width	4096
dev_item.sector_size	4096
dev_item.devid		1
dev_item.dev_group	0
dev_item.seek_speed	0
dev_item.bandwidth	0
dev_item.generation	0

############### root_helper /home/fedora/btrfs-progs/btrfs check /home/fedora/btrfs-progs/tests/test.img
checking extents
checking free space cache
checking fs roots
checking csums
checking root refs
Checking filesystem on /home/fedora/btrfs-progs/tests/test.img
UUID: ab7e6a8e-29d3-4b5e-afe7-36c7e6b4182a
found 114688 bytes used, no error found
total csum bytes: 0
total tree bytes: 114688
total fs tree bytes: 32768
total extent tree bytes: 16384
btree space waste bytes: 109471
file data blocks allocated: 0
 referenced 0
############### root_helper /home/fedora/btrfs-progs/mkfs.btrfs -f /home/fedora/btrfs-progs/tests/test.img
btrfs-progs v4.14.1-24-g4675af99
See http://btrfs.wiki.kernel.org for more information.

Label:              (null)
UUID:               a2af5b4d-fa3b-4e62-bb00-1d65cfe7ae93
Node size:          16384
Sector size:        4096
Filesystem size:    2.00GiB
Block group profiles:
  Data:             single            8.00MiB
  Metadata:         DUP             102.38MiB
  System:           DUP               8.00MiB
SSD detected:       no
Incompat features:  extref, skinny-metadata
Number of devices:  1
Devices:
   ID        SIZE  PATH
    1     2.00GiB  /home/fedora/btrfs-progs/tests/test.img

############### /home/fedora/btrfs-progs/btrfs inspect-internal dump-super /home/fedora/btrfs-progs/tests/test.img
superblock: bytenr=65536, device=/home/fedora/btrfs-progs/tests/test.img
---------------------------------------------------------
csum_type		0 (crc32c)
csum_size		4
csum			0xe4b4adcc [match]
bytenr			65536
flags			0x1
			( WRITTEN )
magic			_BHRfS_M [match]
fsid			a2af5b4d-fa3b-4e62-bb00-1d65cfe7ae93
label			
generation		5
root			29491200
sys_array_size		129
chunk_root_generation	5
root_level		0
chunk_root		20987904
chunk_root_level	0
log_root		0
log_root_transid	0
log_root_level		0
total_bytes		2147483648
bytes_used		114688
sectorsize		4096
nodesize		16384
leafsize (deprecated)		16384
stripesize		4096
root_dir		6
num_devices		1
compat_flags		0x0
compat_ro_flags		0x0
incompat_flags		0x141
			( MIXED_BACKREF |
			  EXTENDED_IREF |
			  SKINNY_METADATA )
cache_generation	18446744073709551615
uuid_tree_generation	0
dev_item.uuid		94fa2087-5a58-499e-a1ce-f094e1492212
dev_item.fsid		a2af5b4d-fa3b-4e62-bb00-1d65cfe7ae93 [match]
dev_item.type		0
dev_item.total_bytes	2147483648
dev_item.bytes_used	239861760
dev_item.io_align	4096
dev_item.io_width	4096
dev_item.sector_size	4096
dev_item.devid		1
dev_item.dev_group	0
dev_item.seek_speed	0
dev_item.bandwidth	0
dev_item.generation	0

############### /home/fedora/btrfs-progs/btrfstune -S 1 /home/fedora/btrfs-progs/tests/test.img
############### /home/fedora/btrfs-progs/btrfs inspect-internal dump-super /home/fedora/btrfs-progs/tests/test.img
superblock: bytenr=65536, device=/home/fedora/btrfs-progs/tests/test.img
---------------------------------------------------------
csum_type		0 (crc32c)
csum_size		4
csum			0x9cd4b55d [match]
bytenr			65536
flags			0x100000001
			( WRITTEN |
			  SEEDING )
magic			_BHRfS_M [match]
fsid			a2af5b4d-fa3b-4e62-bb00-1d65cfe7ae93
label			
generation		6
root			29376512
sys_array_size		129
chunk_root_generation	5
root_level		0
chunk_root		20987904
chunk_root_level	0
log_root		0
log_root_transid	0
log_root_level		0
total_bytes		2147483648
bytes_used		114688
sectorsize		4096
nodesize		16384
leafsize (deprecated)		16384
stripesize		4096
root_dir		6
num_devices		1
compat_flags		0x0
compat_ro_flags		0x0
incompat_flags		0x141
			( MIXED_BACKREF |
			  EXTENDED_IREF |
			  SKINNY_METADATA )
cache_generation	18446744073709551615
uuid_tree_generation	0
dev_item.uuid		94fa2087-5a58-499e-a1ce-f094e1492212
dev_item.fsid		a2af5b4d-fa3b-4e62-bb00-1d65cfe7ae93 [match]
dev_item.type		0
dev_item.total_bytes	2147483648
dev_item.bytes_used	239861760
dev_item.io_align	4096
dev_item.io_width	4096
dev_item.sector_size	4096
dev_item.devid		1
dev_item.dev_group	0
dev_item.seek_speed	0
dev_item.bandwidth	0
dev_item.generation	0

############### root_helper /home/fedora/btrfs-progs/btrfs check /home/fedora/btrfs-progs/tests/test.img
checking extents
checking free space cache
checking fs roots
checking csums
checking root refs
Checking filesystem on /home/fedora/btrfs-progs/tests/test.img
UUID: a2af5b4d-fa3b-4e62-bb00-1d65cfe7ae93
found 114688 bytes used, no error found
total csum bytes: 0
total tree bytes: 114688
total fs tree bytes: 32768
total extent tree bytes: 16384
btree space waste bytes: 109471
file data blocks allocated: 0
 referenced 0
=== Entering /home/fedora/btrfs-progs/tests/misc-tests/002-uuid-rewrite
$TEST_DEV not given, using /home/fedora/btrfs-progs/tests/test.img as fallback
############### /home/fedora/btrfs-progs/mkfs.btrfs -f --uuid 11111111-a101-4031-b29a-379d4f8b7a2d --rootdir /home/fedora/btrfs-progs/Documentation /home/fedora/btrfs-progs/tests/test.img
btrfs-progs v4.14.1-24-g4675af99
See http://btrfs.wiki.kernel.org for more information.

Making image is completed.
Label:              (null)
UUID:               11111111-a101-4031-b29a-379d4f8b7a2d
Node size:          16384
Sector size:        4096
Filesystem size:    2.00GiB
Block group profiles:
  Data:             single            8.00MiB
  Metadata:         DUP             102.38MiB
  System:           DUP               8.00MiB
SSD detected:       no
Incompat features:  extref, skinny-metadata
Number of devices:  1
Devices:
   ID        SIZE  PATH
    1     2.00GiB  /home/fedora/btrfs-progs/tests/test.img

############### /home/fedora/btrfs-progs/btrfs inspect-internal dump-super /home/fedora/btrfs-progs/tests/test.img
superblock: bytenr=65536, device=/home/fedora/btrfs-progs/tests/test.img
---------------------------------------------------------
csum_type		0 (crc32c)
csum_size		4
csum			0xd68fca0d [match]
bytenr			65536
flags			0x1
			( WRITTEN )
magic			_BHRfS_M [match]
fsid			11111111-a101-4031-b29a-379d4f8b7a2d
label			
generation		6
root			29868032
sys_array_size		129
chunk_root_generation	5
root_level		0
chunk_root		20987904
chunk_root_level	0
log_root		0
log_root_transid	0
log_root_level		0
total_bytes		2147483648
bytes_used		503808
sectorsize		4096
nodesize		16384
leafsize (deprecated)		16384
stripesize		4096
root_dir		6
num_devices		1
compat_flags		0x0
compat_ro_flags		0x0
incompat_flags		0x141
			( MIXED_BACKREF |
			  EXTENDED_IREF |
			  SKINNY_METADATA )
cache_generation	18446744073709551615
uuid_tree_generation	0
dev_item.uuid		1fb72a85-4068-4307-bab8-162bd38b298c
dev_item.fsid		11111111-a101-4031-b29a-379d4f8b7a2d [match]
dev_item.type		0
dev_item.total_bytes	2147483648
dev_item.bytes_used	239861760
dev_item.io_align	4096
dev_item.io_width	4096
dev_item.sector_size	4096
dev_item.devid		1
dev_item.dev_group	0
dev_item.seek_speed	0
dev_item.bandwidth	0
dev_item.generation	0

############### /home/fedora/btrfs-progs/btrfstune -f -u /home/fedora/btrfs-progs/tests/test.img
Current fsid: 11111111-a101-4031-b29a-379d4f8b7a2d
New fsid: 32f641f9-c144-46c0-afb2-044c92ffb495
Set superblock flag CHANGING_FSID
Change fsid in extents
Change fsid on devices
Clear superblock flag CHANGING_FSID
Fsid change finished
############### /home/fedora/btrfs-progs/btrfs inspect-internal dump-super /home/fedora/btrfs-progs/tests/test.img
superblock: bytenr=65536, device=/home/fedora/btrfs-progs/tests/test.img
---------------------------------------------------------
csum_type		0 (crc32c)
csum_size		4
csum			0xa93482e4 [match]
bytenr			65536
flags			0x1
			( WRITTEN )
magic			_BHRfS_M [match]
fsid			32f641f9-c144-46c0-afb2-044c92ffb495
label			
generation		6
root			29868032
sys_array_size		129
chunk_root_generation	5
root_level		0
chunk_root		20987904
chunk_root_level	0
log_root		0
log_root_transid	0
log_root_level		0
total_bytes		2147483648
bytes_used		503808
sectorsize		4096
nodesize		16384
leafsize (deprecated)		16384
stripesize		4096
root_dir		6
num_devices		1
compat_flags		0x0
compat_ro_flags		0x0
incompat_flags		0x141
			( MIXED_BACKREF |
			  EXTENDED_IREF |
			  SKINNY_METADATA )
cache_generation	18446744073709551615
uuid_tree_generation	0
dev_item.uuid		1fb72a85-4068-4307-bab8-162bd38b298c
dev_item.fsid		32f641f9-c144-46c0-afb2-044c92ffb495 [match]
dev_item.type		0
dev_item.total_bytes	2147483648
dev_item.bytes_used	239861760
dev_item.io_align	4096
dev_item.io_width	4096
dev_item.sector_size	4096
dev_item.devid		1
dev_item.dev_group	0
dev_item.seek_speed	0
dev_item.bandwidth	0
dev_item.generation	0

############### /home/fedora/btrfs-progs/btrfs check /home/fedora/btrfs-progs/tests/test.img
checking extents
checking free space cache
checking fs roots
checking csums
checking root refs
Checking filesystem on /home/fedora/btrfs-progs/tests/test.img
UUID: 32f641f9-c144-46c0-afb2-044c92ffb495
found 503808 bytes used, no error found
total csum bytes: 28
total tree bytes: 475136
total fs tree bytes: 393216
total extent tree bytes: 16384
btree space waste bytes: 212511
file data blocks allocated: 28672
 referenced 28672
############### /home/fedora/btrfs-progs/mkfs.btrfs -f --uuid 22222222-d324-4f92-80e9-7658bf3b845f --rootdir /home/fedora/btrfs-progs/Documentation /home/fedora/btrfs-progs/tests/test.img
btrfs-progs v4.14.1-24-g4675af99
See http://btrfs.wiki.kernel.org for more information.

Making image is completed.
Label:              (null)
UUID:               22222222-d324-4f92-80e9-7658bf3b845f
Node size:          16384
Sector size:        4096
Filesystem size:    2.00GiB
Block group profiles:
  Data:             single            8.00MiB
  Metadata:         DUP             102.38MiB
  System:           DUP               8.00MiB
SSD detected:       no
Incompat features:  extref, skinny-metadata
Number of devices:  1
Devices:
   ID        SIZE  PATH
    1     2.00GiB  /home/fedora/btrfs-progs/tests/test.img

############### /home/fedora/btrfs-progs/btrfs inspect-internal dump-super /home/fedora/btrfs-progs/tests/test.img
superblock: bytenr=65536, device=/home/fedora/btrfs-progs/tests/test.img
---------------------------------------------------------
csum_type		0 (crc32c)
csum_size		4
csum			0x64b0354a [match]
bytenr			65536
flags			0x1
			( WRITTEN )
magic			_BHRfS_M [match]
fsid			22222222-d324-4f92-80e9-7658bf3b845f
label			
generation		6
root			29868032
sys_array_size		129
chunk_root_generation	5
root_level		0
chunk_root		20987904
chunk_root_level	0
log_root		0
log_root_transid	0
log_root_level		0
total_bytes		2147483648
bytes_used		503808
sectorsize		4096
nodesize		16384
leafsize (deprecated)		16384
stripesize		4096
root_dir		6
num_devices		1
compat_flags		0x0
compat_ro_flags		0x0
incompat_flags		0x141
			( MIXED_BACKREF |
			  EXTENDED_IREF |
			  SKINNY_METADATA )
cache_generation	18446744073709551615
uuid_tree_generation	0
dev_item.uuid		3499733a-dc3e-4aac-ba34-6ae3b598b4e4
dev_item.fsid		22222222-d324-4f92-80e9-7658bf3b845f [match]
dev_item.type		0
dev_item.total_bytes	2147483648
dev_item.bytes_used	239861760
dev_item.io_align	4096
dev_item.io_width	4096
dev_item.sector_size	4096
dev_item.devid		1
dev_item.dev_group	0
dev_item.seek_speed	0
dev_item.bandwidth	0
dev_item.generation	0

############### /home/fedora/btrfs-progs/btrfstune -f -U 33333333-bfc9-4045-9399-a396dc6893b3 /home/fedora/btrfs-progs/tests/test.img
Current fsid: 22222222-d324-4f92-80e9-7658bf3b845f
New fsid: 33333333-bfc9-4045-9399-a396dc6893b3
Set superblock flag CHANGING_FSID
Change fsid in extents
Change fsid on devices
Clear superblock flag CHANGING_FSID
Fsid change finished
############### /home/fedora/btrfs-progs/btrfs inspect-internal dump-super /home/fedora/btrfs-progs/tests/test.img
superblock: bytenr=65536, device=/home/fedora/btrfs-progs/tests/test.img
---------------------------------------------------------
csum_type		0 (crc32c)
csum_size		4
csum			0x97133df3 [match]
bytenr			65536
flags			0x1
			( WRITTEN )
magic			_BHRfS_M [match]
fsid			33333333-bfc9-4045-9399-a396dc6893b3
label			
generation		6
root			29868032
sys_array_size		129
chunk_root_generation	5
root_level		0
chunk_root		20987904
chunk_root_level	0
log_root		0
log_root_transid	0
log_root_level		0
total_bytes		2147483648
bytes_used		503808
sectorsize		4096
nodesize		16384
leafsize (deprecated)		16384
stripesize		4096
root_dir		6
num_devices		1
compat_flags		0x0
compat_ro_flags		0x0
incompat_flags		0x141
			( MIXED_BACKREF |
			  EXTENDED_IREF |
			  SKINNY_METADATA )
cache_generation	18446744073709551615
uuid_tree_generation	0
dev_item.uuid		3499733a-dc3e-4aac-ba34-6ae3b598b4e4
dev_item.fsid		33333333-bfc9-4045-9399-a396dc6893b3 [match]
dev_item.type		0
dev_item.total_bytes	2147483648
dev_item.bytes_used	239861760
dev_item.io_align	4096
dev_item.io_width	4096
dev_item.sector_size	4096
dev_item.devid		1
dev_item.dev_group	0
dev_item.seek_speed	0
dev_item.bandwidth	0
dev_item.generation	0

############### /home/fedora/btrfs-progs/btrfs check /home/fedora/btrfs-progs/tests/test.img
checking extents
checking free space cache
checking fs roots
checking csums
checking root refs
Checking filesystem on /home/fedora/btrfs-progs/tests/test.img
UUID: 33333333-bfc9-4045-9399-a396dc6893b3
found 503808 bytes used, no error found
total csum bytes: 28
total tree bytes: 475136
total fs tree bytes: 393216
total extent tree bytes: 16384
btree space waste bytes: 212511
file data blocks allocated: 28672
 referenced 28672
=== Entering /home/fedora/btrfs-progs/tests/misc-tests/003-zero-log
$TEST_DEV not given, using /home/fedora/btrfs-progs/tests/test.img as fallback
############### /home/fedora/btrfs-progs/mkfs.btrfs -f --rootdir /home/fedora/btrfs-progs/Documentation /home/fedora/btrfs-progs/tests/test.img
btrfs-progs v4.14.1-24-g4675af99
See http://btrfs.wiki.kernel.org for more information.

Making image is completed.
Label:              (null)
UUID:               a32ba778-9577-4451-9c1b-5520ac6a7da0
Node size:          16384
Sector size:        4096
Filesystem size:    2.00GiB
Block group profiles:
  Data:             single            8.00MiB
  Metadata:         DUP             102.38MiB
  System:           DUP               8.00MiB
SSD detected:       no
Incompat features:  extref, skinny-metadata
Number of devices:  1
Devices:
   ID        SIZE  PATH
    1     2.00GiB  /home/fedora/btrfs-progs/tests/test.img

############### /home/fedora/btrfs-progs/btrfs inspect-internal dump-super /home/fedora/btrfs-progs/tests/test.img
superblock: bytenr=65536, device=/home/fedora/btrfs-progs/tests/test.img
---------------------------------------------------------
csum_type		0 (crc32c)
csum_size		4
csum			0x44ca9b0d [match]
bytenr			65536
flags			0x1
			( WRITTEN )
magic			_BHRfS_M [match]
fsid			a32ba778-9577-4451-9c1b-5520ac6a7da0
label			
generation		6
root			29868032
sys_array_size		129
chunk_root_generation	5
root_level		0
chunk_root		20987904
chunk_root_level	0
log_root		0
log_root_transid	0
log_root_level		0
total_bytes		2147483648
bytes_used		503808
sectorsize		4096
nodesize		16384
leafsize (deprecated)		16384
stripesize		4096
root_dir		6
num_devices		1
compat_flags		0x0
compat_ro_flags		0x0
incompat_flags		0x141
			( MIXED_BACKREF |
			  EXTENDED_IREF |
			  SKINNY_METADATA )
cache_generation	18446744073709551615
uuid_tree_generation	0
dev_item.uuid		5a52c906-9485-4c66-9fce-7b4af0b4dc0a
dev_item.fsid		a32ba778-9577-4451-9c1b-5520ac6a7da0 [match]
dev_item.type		0
dev_item.total_bytes	2147483648
dev_item.bytes_used	239861760
dev_item.io_align	4096
dev_item.io_width	4096
dev_item.sector_size	4096
dev_item.devid		1
dev_item.dev_group	0
dev_item.seek_speed	0
dev_item.bandwidth	0
dev_item.generation	0

############### /home/fedora/btrfs-progs/btrfs rescue zero-log /home/fedora/btrfs-progs/tests/test.img
Clearing log on /home/fedora/btrfs-progs/tests/test.img, previous log_root 0, level 0
############### /home/fedora/btrfs-progs/btrfs inspect-internal dump-super /home/fedora/btrfs-progs/tests/test.img
superblock: bytenr=65536, device=/home/fedora/btrfs-progs/tests/test.img
---------------------------------------------------------
csum_type		0 (crc32c)
csum_size		4
csum			0x62c196f0 [match]
bytenr			65536
flags			0x1
			( WRITTEN )
magic			_BHRfS_M [match]
fsid			a32ba778-9577-4451-9c1b-5520ac6a7da0
label			
generation		7
root			29360128
sys_array_size		129
chunk_root_generation	5
root_level		0
chunk_root		20987904
chunk_root_level	0
log_root		0
log_root_transid	0
log_root_level		0
total_bytes		2147483648
bytes_used		503808
sectorsize		4096
nodesize		16384
leafsize (deprecated)		16384
stripesize		4096
root_dir		6
num_devices		1
compat_flags		0x0
compat_ro_flags		0x0
incompat_flags		0x141
			( MIXED_BACKREF |
			  EXTENDED_IREF |
			  SKINNY_METADATA )
cache_generation	18446744073709551615
uuid_tree_generation	0
dev_item.uuid		5a52c906-9485-4c66-9fce-7b4af0b4dc0a
dev_item.fsid		a32ba778-9577-4451-9c1b-5520ac6a7da0 [match]
dev_item.type		0
dev_item.total_bytes	2147483648
dev_item.bytes_used	239861760
dev_item.io_align	4096
dev_item.io_width	4096
dev_item.sector_size	4096
dev_item.devid		1
dev_item.dev_group	0
dev_item.seek_speed	0
dev_item.bandwidth	0
dev_item.generation	0

############### /home/fedora/btrfs-progs/btrfs check /home/fedora/btrfs-progs/tests/test.img
checking extents
checking free space cache
checking fs roots
checking csums
checking root refs
Checking filesystem on /home/fedora/btrfs-progs/tests/test.img
UUID: a32ba778-9577-4451-9c1b-5520ac6a7da0
found 503808 bytes used, no error found
total csum bytes: 28
total tree bytes: 475136
total fs tree bytes: 393216
total extent tree bytes: 16384
btree space waste bytes: 212511
file data blocks allocated: 28672
 referenced 28672
############### /home/fedora/btrfs-progs/mkfs.btrfs -f --rootdir /home/fedora/btrfs-progs/Documentation /home/fedora/btrfs-progs/tests/test.img
btrfs-progs v4.14.1-24-g4675af99
See http://btrfs.wiki.kernel.org for more information.

Making image is completed.
Label:              (null)
UUID:               24f22033-337f-4edd-a86f-068615aa764f
Node size:          16384
Sector size:        4096
Filesystem size:    2.00GiB
Block group profiles:
  Data:             single            8.00MiB
  Metadata:         DUP             102.38MiB
  System:           DUP               8.00MiB
SSD detected:       no
Incompat features:  extref, skinny-metadata
Number of devices:  1
Devices:
   ID        SIZE  PATH
    1     2.00GiB  /home/fedora/btrfs-progs/tests/test.img

############### /home/fedora/btrfs-progs/btrfs inspect-internal dump-super /home/fedora/btrfs-progs/tests/test.img
superblock: bytenr=65536, device=/home/fedora/btrfs-progs/tests/test.img
---------------------------------------------------------
csum_type		0 (crc32c)
csum_size		4
csum			0x29ff6db1 [match]
bytenr			65536
flags			0x1
			( WRITTEN )
magic			_BHRfS_M [match]
fsid			24f22033-337f-4edd-a86f-068615aa764f
label			
generation		6
root			29868032
sys_array_size		129
chunk_root_generation	5
root_level		0
chunk_root		20987904
chunk_root_level	0
log_root		0
log_root_transid	0
log_root_level		0
total_bytes		2147483648
bytes_used		503808
sectorsize		4096
nodesize		16384
leafsize (deprecated)		16384
stripesize		4096
root_dir		6
num_devices		1
compat_flags		0x0
compat_ro_flags		0x0
incompat_flags		0x141
			( MIXED_BACKREF |
			  EXTENDED_IREF |
			  SKINNY_METADATA )
cache_generation	18446744073709551615
uuid_tree_generation	0
dev_item.uuid		96e31359-b54e-40be-a626-29602535c378
dev_item.fsid		24f22033-337f-4edd-a86f-068615aa764f [match]
dev_item.type		0
dev_item.total_bytes	2147483648
dev_item.bytes_used	239861760
dev_item.io_align	4096
dev_item.io_width	4096
dev_item.sector_size	4096
dev_item.devid		1
dev_item.dev_group	0
dev_item.seek_speed	0
dev_item.bandwidth	0
dev_item.generation	0

############### /home/fedora/btrfs-progs/btrfs-zero-log /home/fedora/btrfs-progs/tests/test.img
WARNING: this utility is deprecated, please use 'btrfs rescue zero-log'

Clearing log on /home/fedora/btrfs-progs/tests/test.img, previous log_root 0, level 0
############### /home/fedora/btrfs-progs/btrfs inspect-internal dump-super /home/fedora/btrfs-progs/tests/test.img
superblock: bytenr=65536, device=/home/fedora/btrfs-progs/tests/test.img
---------------------------------------------------------
csum_type		0 (crc32c)
csum_size		4
csum			0x0ff4604c [match]
bytenr			65536
flags			0x1
			( WRITTEN )
magic			_BHRfS_M [match]
fsid			24f22033-337f-4edd-a86f-068615aa764f
label			
generation		7
root			29360128
sys_array_size		129
chunk_root_generation	5
root_level		0
chunk_root		20987904
chunk_root_level	0
log_root		0
log_root_transid	0
log_root_level		0
total_bytes		2147483648
bytes_used		503808
sectorsize		4096
nodesize		16384
leafsize (deprecated)		16384
stripesize		4096
root_dir		6
num_devices		1
compat_flags		0x0
compat_ro_flags		0x0
incompat_flags		0x141
			( MIXED_BACKREF |
			  EXTENDED_IREF |
			  SKINNY_METADATA )
cache_generation	18446744073709551615
uuid_tree_generation	0
dev_item.uuid		96e31359-b54e-40be-a626-29602535c378
dev_item.fsid		24f22033-337f-4edd-a86f-068615aa764f [match]
dev_item.type		0
dev_item.total_bytes	2147483648
dev_item.bytes_used	239861760
dev_item.io_align	4096
dev_item.io_width	4096
dev_item.sector_size	4096
dev_item.devid		1
dev_item.dev_group	0
dev_item.seek_speed	0
dev_item.bandwidth	0
dev_item.generation	0

############### /home/fedora/btrfs-progs/btrfs check /home/fedora/btrfs-progs/tests/test.img
checking extents
checking free space cache
checking fs roots
checking csums
checking root refs
Checking filesystem on /home/fedora/btrfs-progs/tests/test.img
UUID: 24f22033-337f-4edd-a86f-068615aa764f
found 503808 bytes used, no error found
total csum bytes: 28
total tree bytes: 475136
total fs tree bytes: 393216
total extent tree bytes: 16384
btree space waste bytes: 212511
file data blocks allocated: 28672
 referenced 28672
=== Entering /home/fedora/btrfs-progs/tests/misc-tests/004-shrink-fs
############### truncate -s 20G /home/fedora/btrfs-progs/tests/test.img
############### /home/fedora/btrfs-progs/mkfs.btrfs -f /home/fedora/btrfs-progs/tests/test.img
btrfs-progs v4.14.1-24-g4675af99
See http://btrfs.wiki.kernel.org for more information.

Label:              (null)
UUID:               e4a0af06-91ab-4e17-ac71-834554cbea77
Node size:          16384
Sector size:        4096
Filesystem size:    20.00GiB
Block group profiles:
  Data:             single            8.00MiB
  Metadata:         DUP               1.00GiB
  System:           DUP               8.00MiB
SSD detected:       no
Incompat features:  extref, skinny-metadata
Number of devices:  1
Devices:
   ID        SIZE  PATH
    1    20.00GiB  /home/fedora/btrfs-progs/tests/test.img

############### root_helper mount /home/fedora/btrfs-progs/tests/test.img /home/fedora/btrfs-progs/tests/mnt
############### root_helper chmod a+rw /home/fedora/btrfs-progs/tests/mnt
############### fallocate -l 1G /home/fedora/btrfs-progs/tests/mnt/foo1
############### fallocate -l 1G /home/fedora/btrfs-progs/tests/mnt/foo2
############### fallocate -l 1G /home/fedora/btrfs-progs/tests/mnt/foo3
############### fallocate -l 1G /home/fedora/btrfs-progs/tests/mnt/foo4
############### fallocate -l 1G /home/fedora/btrfs-progs/tests/mnt/foo5
############### fallocate -l 1G /home/fedora/btrfs-progs/tests/mnt/foo6
############### fallocate -l 1G /home/fedora/btrfs-progs/tests/mnt/foo7
############### /home/fedora/btrfs-progs/btrfs filesystem sync /home/fedora/btrfs-progs/tests/mnt
############### rm -f /home/fedora/btrfs-progs/tests/mnt/foo2
############### rm -f /home/fedora/btrfs-progs/tests/mnt/foo4
############### rm -f /home/fedora/btrfs-progs/tests/mnt/foo6
############### /home/fedora/btrfs-progs/btrfs filesystem sync /home/fedora/btrfs-progs/tests/mnt
############### /home/fedora/btrfs-progs/btrfs filesystem sync /home/fedora/btrfs-progs/tests/mnt
############### root_helper /home/fedora/btrfs-progs/btrfs inspect-internal min-dev-size /home/fedora/btrfs-progs/tests/mnt
7575961600 bytes (7.06GiB)
min size = 7575961600
############### root_helper /home/fedora/btrfs-progs/btrfs filesystem resize 7575961600 /home/fedora/btrfs-progs/tests/mnt
Resize '/home/fedora/btrfs-progs/tests/mnt' of '7575961600'
############### root_helper /home/fedora/btrfs-progs/btrfs inspect-internal min-dev-size /home/fedora/btrfs-progs/tests/mnt
7553941504 bytes (7.04GiB)
min size = 7553941504
############### root_helper /home/fedora/btrfs-progs/btrfs filesystem resize 7553941504 /home/fedora/btrfs-progs/tests/mnt
Resize '/home/fedora/btrfs-progs/tests/mnt' of '7553941504'
############### root_helper /home/fedora/btrfs-progs/btrfs inspect-internal min-dev-size /home/fedora/btrfs-progs/tests/mnt
7553941504 bytes (7.04GiB)
min size = 7553941504
############### root_helper /home/fedora/btrfs-progs/btrfs filesystem resize 7553941504 /home/fedora/btrfs-progs/tests/mnt
Resize '/home/fedora/btrfs-progs/tests/mnt' of '7553941504'
############### root_helper /home/fedora/btrfs-progs/btrfs balance start -mconvert=single -sconvert=single -f /home/fedora/btrfs-progs/tests/mnt
Done, had to relocate 2 out of 8 chunks
############### root_helper /home/fedora/btrfs-progs/btrfs inspect-internal min-dev-size --id 1 /home/fedora/btrfs-progs/tests/mnt
7257194496 bytes (6.76GiB)
min size = 7257194496
############### root_helper /home/fedora/btrfs-progs/btrfs filesystem resize 7257194496 /home/fedora/btrfs-progs/tests/mnt
Resize '/home/fedora/btrfs-progs/tests/mnt' of '7257194496'
############### root_helper /home/fedora/btrfs-progs/btrfs inspect-internal min-dev-size --id 1 /home/fedora/btrfs-progs/tests/mnt
6178209792 bytes (5.75GiB)
min size = 6178209792
############### root_helper /home/fedora/btrfs-progs/btrfs filesystem resize 6178209792 /home/fedora/btrfs-progs/tests/mnt
Resize '/home/fedora/btrfs-progs/tests/mnt' of '6178209792'
############### root_helper /home/fedora/btrfs-progs/btrfs inspect-internal min-dev-size --id 1 /home/fedora/btrfs-progs/tests/mnt
6178209792 bytes (5.75GiB)
min size = 6178209792
############### root_helper /home/fedora/btrfs-progs/btrfs filesystem resize 6178209792 /home/fedora/btrfs-progs/tests/mnt
Resize '/home/fedora/btrfs-progs/tests/mnt' of '6178209792'
############### root_helper umount /home/fedora/btrfs-progs/tests/mnt
=== Entering /home/fedora/btrfs-progs/tests/misc-tests/005-convert-progress-thread-crash
$TEST_DEV not given, using /home/fedora/btrfs-progs/tests/test.img as fallback
loop 0
mke2fs 1.43.4 (31-Jan-2017)
Discarding device blocks:   4096/524288             done                            
Creating filesystem with 524288 4k blocks and 131072 inodes
Filesystem UUID: 69346158-1ac3-4c89-8913-80ac04e9c5c0
Superblock backups stored on blocks: 
	32768, 98304, 163840, 229376, 294912

Allocating group tables:  0/16     done                            
Writing inode tables:  0/16     done                            
Creating journal (16384 blocks): done
Writing superblocks and filesystem accounting information:  0/16     done

############### /home/fedora/btrfs-progs/btrfs-convert /home/fedora/btrfs-progs/tests/test.img
create btrfs filesystem:
	blocksize: 4096
	nodesize:  16384
	features:  extref, skinny-metadata (default)
creating ext2 image file
creating btrfs metadata
copy inodes [o] [         2/        11]
conversion complete
loop 1
mke2fs 1.43.4 (31-Jan-2017)
Discarding device blocks:   4096/524288             done                            
Creating filesystem with 524288 4k blocks and 131072 inodes
Filesystem UUID: 6495ab47-7348-4a74-927e-f0af1063c013
Superblock backups stored on blocks: 
	32768, 98304, 163840, 229376, 294912

Allocating group tables:  0/16     done                            
Writing inode tables:  0/16     done                            
Creating journal (16384 blocks): done
Writing superblocks and filesystem accounting information:  0/16     done

############### /home/fedora/btrfs-progs/btrfs-convert /home/fedora/btrfs-progs/tests/test.img
create btrfs filesystem:
	blocksize: 4096
	nodesize:  16384
	features:  extref, skinny-metadata (default)
creating ext2 image file
creating btrfs metadata
copy inodes [o] [         2/        11]
conversion complete
loop 2
mke2fs 1.43.4 (31-Jan-2017)
Discarding device blocks:   4096/524288             done                            
Creating filesystem with 524288 4k blocks and 131072 inodes
Filesystem UUID: cd378860-cf5d-4154-a957-ae043ccae1c1
Superblock backups stored on blocks: 
	32768, 98304, 163840, 229376, 294912

Allocating group tables:  0/16     done                            
Writing inode tables:  0/16     done                            
Creating journal (16384 blocks): done
Writing superblocks and filesystem accounting information:  0/16     done

############### /home/fedora/btrfs-progs/btrfs-convert /home/fedora/btrfs-progs/tests/test.img
create btrfs filesystem:
	blocksize: 4096
	nodesize:  16384
	features:  extref, skinny-metadata (default)
creating ext2 image file
creating btrfs metadata
copy inodes [o] [         2/        11]
conversion complete
loop 3
mke2fs 1.43.4 (31-Jan-2017)
Discarding device blocks:   4096/524288             done                            
Creating filesystem with 524288 4k blocks and 131072 inodes
Filesystem UUID: cd4e5c52-d799-4d60-b88a-764a286359a8
Superblock backups stored on blocks: 
	32768, 98304, 163840, 229376, 294912

Allocating group tables:  0/16     done                            
Writing inode tables:  0/16     done                            
Creating journal (16384 blocks): done
Writing superblocks and filesystem accounting information:  0/16     done

############### /home/fedora/btrfs-progs/btrfs-convert /home/fedora/btrfs-progs/tests/test.img
create btrfs filesystem:
	blocksize: 4096
	nodesize:  16384
	features:  extref, skinny-metadata (default)
creating ext2 image file
creating btrfs metadata
copy inodes [o] [         2/        11]
conversion complete
loop 4
mke2fs 1.43.4 (31-Jan-2017)
Discarding device blocks:   4096/524288             done                            
Creating filesystem with 524288 4k blocks and 131072 inodes
Filesystem UUID: 936357bb-4596-4417-a5bc-98ac5a5829c7
Superblock backups stored on blocks: 
	32768, 98304, 163840, 229376, 294912

Allocating group tables:  0/16     done                            
Writing inode tables:  0/16     done                            
Creating journal (16384 blocks): done
Writing superblocks and filesystem accounting information:  0/16     done

############### /home/fedora/btrfs-progs/btrfs-convert /home/fedora/btrfs-progs/tests/test.img
create btrfs filesystem:
	blocksize: 4096
	nodesize:  16384
	features:  extref, skinny-metadata (default)
creating ext2 image file
creating btrfs metadata
copy inodes [o] [         2/        11]
conversion complete
loop 5
mke2fs 1.43.4 (31-Jan-2017)
Discarding device blocks:   4096/524288             done                            
Creating filesystem with 524288 4k blocks and 131072 inodes
Filesystem UUID: 8b337163-b810-44df-a9f4-34c22033daa7
Superblock backups stored on blocks: 
	32768, 98304, 163840, 229376, 294912

Allocating group tables:  0/16     done                            
Writing inode tables:  0/16     done                            
Creating journal (16384 blocks): done
Writing superblocks and filesystem accounting information:  0/16     done

############### /home/fedora/btrfs-progs/btrfs-convert /home/fedora/btrfs-progs/tests/test.img
create btrfs filesystem:
	blocksize: 4096
	nodesize:  16384
	features:  extref, skinny-metadata (default)
creating ext2 image file
creating btrfs metadata
copy inodes [o] [         2/        11]
conversion complete
loop 6
mke2fs 1.43.4 (31-Jan-2017)
Discarding device blocks:   4096/524288             done                            
Creating filesystem with 524288 4k blocks and 131072 inodes
Filesystem UUID: 3fb4f3ba-57b7-4024-b030-b9ad598766e4
Superblock backups stored on blocks: 
	32768, 98304, 163840, 229376, 294912

Allocating group tables:  0/16     done                            
Writing inode tables:  0/16     done                            
Creating journal (16384 blocks): done
Writing superblocks and filesystem accounting information:  0/16     done

############### /home/fedora/btrfs-progs/btrfs-convert /home/fedora/btrfs-progs/tests/test.img
create btrfs filesystem:
	blocksize: 4096
	nodesize:  16384
	features:  extref, skinny-metadata (default)
creating ext2 image file
creating btrfs metadata
copy inodes [o] [         2/        11]
conversion complete
loop 7
mke2fs 1.43.4 (31-Jan-2017)
Discarding device blocks:   4096/524288             done                            
Creating filesystem with 524288 4k blocks and 131072 inodes
Filesystem UUID: 2c902aa1-98b8-40dc-8284-3d289cde42d1
Superblock backups stored on blocks: 
	32768, 98304, 163840, 229376, 294912

Allocating group tables:  0/16     done                            
Writing inode tables:  0/16     done                            
Creating journal (16384 blocks): done
Writing superblocks and filesystem accounting information:  0/16     done

############### /home/fedora/btrfs-progs/btrfs-convert /home/fedora/btrfs-progs/tests/test.img
create btrfs filesystem:
	blocksize: 4096
	nodesize:  16384
	features:  extref, skinny-metadata (default)
creating ext2 image file
creating btrfs metadata
copy inodes [o] [         2/        11]
conversion complete
loop 8
mke2fs 1.43.4 (31-Jan-2017)
Discarding device blocks:   4096/524288             done                            
Creating filesystem with 524288 4k blocks and 131072 inodes
Filesystem UUID: 0babc288-bd3b-48dd-a933-e734434e00b7
Superblock backups stored on blocks: 
	32768, 98304, 163840, 229376, 294912

Allocating group tables:  0/16     done                            
Writing inode tables:  0/16     done                            
Creating journal (16384 blocks): done
Writing superblocks and filesystem accounting information:  0/16     done

############### /home/fedora/btrfs-progs/btrfs-convert /home/fedora/btrfs-progs/tests/test.img
create btrfs filesystem:
	blocksize: 4096
	nodesize:  16384
	features:  extref, skinny-metadata (default)
creating ext2 image file
creating btrfs metadata
copy inodes [o] [         2/        11]
conversion complete
loop 9
mke2fs 1.43.4 (31-Jan-2017)
Discarding device blocks:   4096/524288             done                            
Creating filesystem with 524288 4k blocks and 131072 inodes
Filesystem UUID: 03ad15a3-8ed9-436c-936a-58d38dcd3112
Superblock backups stored on blocks: 
	32768, 98304, 163840, 229376, 294912

Allocating group tables:  0/16     done                            
Writing inode tables:  0/16     done                            
Creating journal (16384 blocks): done
Writing superblocks and filesystem accounting information:  0/16     done

############### /home/fedora/btrfs-progs/btrfs-convert /home/fedora/btrfs-progs/tests/test.img
create btrfs filesystem:
	blocksize: 4096
	nodesize:  16384
	features:  extref, skinny-metadata (default)
creating ext2 image file
creating btrfs metadata
copy inodes [o] [         2/        11]
conversion complete
loop 10
mke2fs 1.43.4 (31-Jan-2017)
Discarding device blocks:   4096/524288             done                            
Creating filesystem with 524288 4k blocks and 131072 inodes
Filesystem UUID: fe712bdb-cfc1-4561-b208-7e5a179395d1
Superblock backups stored on blocks: 
	32768, 98304, 163840, 229376, 294912

Allocating group tables:  0/16     done                            
Writing inode tables:  0/16     done                            
Creating journal (16384 blocks): done
Writing superblocks and filesystem accounting information:  0/16     done

############### /home/fedora/btrfs-progs/btrfs-convert /home/fedora/btrfs-progs/tests/test.img
create btrfs filesystem:
	blocksize: 4096
	nodesize:  16384
	features:  extref, skinny-metadata (default)
creating ext2 image file
creating btrfs metadata
copy inodes [o] [         2/        11]
conversion complete
loop 11
mke2fs 1.43.4 (31-Jan-2017)
Discarding device blocks:   4096/524288             done                            
Creating filesystem with 524288 4k blocks and 131072 inodes
Filesystem UUID: 67cf4760-d4ca-4d43-b27d-3d6b2be4602a
Superblock backups stored on blocks: 
	32768, 98304, 163840, 229376, 294912

Allocating group tables:  0/16     done                            
Writing inode tables:  0/16     done                            
Creating journal (16384 blocks): done
Writing superblocks and filesystem accounting information:  0/16     done

############### /home/fedora/btrfs-progs/btrfs-convert /home/fedora/btrfs-progs/tests/test.img
create btrfs filesystem:
	blocksize: 4096
	nodesize:  16384
	features:  extref, skinny-metadata (default)
creating ext2 image file
creating btrfs metadata
copy inodes [o] [         2/        11]
conversion complete
loop 12
mke2fs 1.43.4 (31-Jan-2017)
Discarding device blocks:   4096/524288             done                            
Creating filesystem with 524288 4k blocks and 131072 inodes
Filesystem UUID: 64007840-8d90-4fb5-a224-2696113af2de
Superblock backups stored on blocks: 
	32768, 98304, 163840, 229376, 294912

Allocating group tables:  0/16     done                            
Writing inode tables:  0/16     done                            
Creating journal (16384 blocks): done
Writing superblocks and filesystem accounting information:  0/16     done

############### /home/fedora/btrfs-progs/btrfs-convert /home/fedora/btrfs-progs/tests/test.img
create btrfs filesystem:
	blocksize: 4096
	nodesize:  16384
	features:  extref, skinny-metadata (default)
creating ext2 image file
creating btrfs metadata
copy inodes [o] [         2/        11]
conversion complete
loop 13
mke2fs 1.43.4 (31-Jan-2017)
Discarding device blocks:   4096/524288             done                            
Creating filesystem with 524288 4k blocks and 131072 inodes
Filesystem UUID: e300ed11-533c-46e9-84f7-a2af48c48d3a
Superblock backups stored on blocks: 
	32768, 98304, 163840, 229376, 294912

Allocating group tables:  0/16     done                            
Writing inode tables:  0/16     done                            
Creating journal (16384 blocks): done
Writing superblocks and filesystem accounting information:  0/16     done

############### /home/fedora/btrfs-progs/btrfs-convert /home/fedora/btrfs-progs/tests/test.img
create btrfs filesystem:
	blocksize: 4096
	nodesize:  16384
	features:  extref, skinny-metadata (default)
creating ext2 image file
creating btrfs metadata
copy inodes [o] [         2/        11]
conversion complete
loop 14
mke2fs 1.43.4 (31-Jan-2017)
Discarding device blocks:   4096/524288             done                            
Creating filesystem with 524288 4k blocks and 131072 inodes
Filesystem UUID: d1820b1d-9b01-4c12-a5a6-6eca01b19e7a
Superblock backups stored on blocks: 
	32768, 98304, 163840, 229376, 294912

Allocating group tables:  0/16     done                            
Writing inode tables:  0/16     done                            
Creating journal (16384 blocks): done
Writing superblocks and filesystem accounting information:  0/16     done

############### /home/fedora/btrfs-progs/btrfs-convert /home/fedora/btrfs-progs/tests/test.img
create btrfs filesystem:
	blocksize: 4096
	nodesize:  16384
	features:  extref, skinny-metadata (default)
creating ext2 image file
creating btrfs metadata
copy inodes [o] [         2/        11]
conversion complete
loop 15
mke2fs 1.43.4 (31-Jan-2017)
Discarding device blocks:   4096/524288             done                            
Creating filesystem with 524288 4k blocks and 131072 inodes
Filesystem UUID: 7e4ecf06-336e-4991-ac45-b930547b2c65
Superblock backups stored on blocks: 
	32768, 98304, 163840, 229376, 294912

Allocating group tables:  0/16     done                            
Writing inode tables:  0/16     done                            
Creating journal (16384 blocks): done
Writing superblocks and filesystem accounting information:  0/16     done

############### /home/fedora/btrfs-progs/btrfs-convert /home/fedora/btrfs-progs/tests/test.img
create btrfs filesystem:
	blocksize: 4096
	nodesize:  16384
	features:  extref, skinny-metadata (default)
creating ext2 image file
creating btrfs metadata
copy inodes [o] [         2/        11]
conversion complete
loop 16
mke2fs 1.43.4 (31-Jan-2017)
Discarding device blocks:   4096/524288             done                            
Creating filesystem with 524288 4k blocks and 131072 inodes
Filesystem UUID: 022cc2d2-be64-48af-9d63-aa729ca36efd
Superblock backups stored on blocks: 
	32768, 98304, 163840, 229376, 294912

Allocating group tables:  0/16     done                            
Writing inode tables:  0/16     done                            
Creating journal (16384 blocks): done
Writing superblocks and filesystem accounting information:  0/16     done

############### /home/fedora/btrfs-progs/btrfs-convert /home/fedora/btrfs-progs/tests/test.img
create btrfs filesystem:
	blocksize: 4096
	nodesize:  16384
	features:  extref, skinny-metadata (default)
creating ext2 image file
creating btrfs metadata
copy inodes [o] [         2/        11]
conversion complete
loop 17
mke2fs 1.43.4 (31-Jan-2017)
Discarding device blocks:   4096/524288             done                            
Creating filesystem with 524288 4k blocks and 131072 inodes
Filesystem UUID: 81f1b32f-c2e0-4986-95e9-a60e8c592a46
Superblock backups stored on blocks: 
	32768, 98304, 163840, 229376, 294912

Allocating group tables:  0/16     done                            
Writing inode tables:  0/16     done                            
Creating journal (16384 blocks): done
Writing superblocks and filesystem accounting information:  0/16     done

############### /home/fedora/btrfs-progs/btrfs-convert /home/fedora/btrfs-progs/tests/test.img
create btrfs filesystem:
	blocksize: 4096
	nodesize:  16384
	features:  extref, skinny-metadata (default)
creating ext2 image file
creating btrfs metadata
copy inodes [o] [         2/        11]
conversion complete
loop 18
mke2fs 1.43.4 (31-Jan-2017)
Discarding device blocks:   4096/524288             done                            
Creating filesystem with 524288 4k blocks and 131072 inodes
Filesystem UUID: 7e19706c-f593-48fd-913d-5c96bdafd1f5
Superblock backups stored on blocks: 
	32768, 98304, 163840, 229376, 294912

Allocating group tables:  0/16     done                            
Writing inode tables:  0/16     done                            
Creating journal (16384 blocks): done
Writing superblocks and filesystem accounting information:  0/16     done

############### /home/fedora/btrfs-progs/btrfs-convert /home/fedora/btrfs-progs/tests/test.img
create btrfs filesystem:
	blocksize: 4096
	nodesize:  16384
	features:  extref, skinny-metadata (default)
creating ext2 image file
creating btrfs metadata
copy inodes [o] [         2/        11]
conversion complete
loop 19
mke2fs 1.43.4 (31-Jan-2017)
Discarding device blocks:   4096/524288             done                            
Creating filesystem with 524288 4k blocks and 131072 inodes
Filesystem UUID: db66f006-3b46-4508-b336-830847e72131
Superblock backups stored on blocks: 
	32768, 98304, 163840, 229376, 294912

Allocating group tables:  0/16     done                            
Writing inode tables:  0/16     done                            
Creating journal (16384 blocks): done
Writing superblocks and filesystem accounting information:  0/16     done

############### /home/fedora/btrfs-progs/btrfs-convert /home/fedora/btrfs-progs/tests/test.img
create btrfs filesystem:
	blocksize: 4096
	nodesize:  16384
	features:  extref, skinny-metadata (default)
creating ext2 image file
creating btrfs metadata
copy inodes [o] [         2/        11]
conversion complete
=== Entering /home/fedora/btrfs-progs/tests/misc-tests/006-image-on-missing-device
############### root_helper losetup --find --show img1
/dev/loop0
############### root_helper losetup --find --show img2
/dev/loop1
############### root_helper /home/fedora/btrfs-progs/mkfs.btrfs -f -d raid1 -m raid1 /dev/loop0 /dev/loop1
btrfs-progs v4.14.1-24-g4675af99
See http://btrfs.wiki.kernel.org for more information.

Performing full device TRIM /dev/loop0 (2.00GiB) ...
Performing full device TRIM /dev/loop1 (2.00GiB) ...
Label:              (null)
UUID:               28228a4b-beee-47d0-b0a9-2cd46426d1d5
Node size:          16384
Sector size:        4096
Filesystem size:    4.00GiB
Block group profiles:
  Data:             RAID1           204.75MiB
  Metadata:         RAID1           204.75MiB
  System:           RAID1             8.00MiB
SSD detected:       no
Incompat features:  extref, skinny-metadata
Number of devices:  2
Devices:
   ID        SIZE  PATH
    1     2.00GiB  /dev/loop0
    2     2.00GiB  /dev/loop1

############### root_helper mount /dev/loop0 /home/fedora/btrfs-progs/tests/mnt
############### root_helper dd if=/dev/zero of=/home/fedora/btrfs-progs/tests/mnt/a bs=1M count=10
10+0 records in
10+0 records out
10485760 bytes (10 MB, 10 MiB) copied, 0.00521878 s, 2.0 GB/s
############### root_helper dd if=/dev/zero of=/home/fedora/btrfs-progs/tests/mnt/b bs=4k count=1000 conv=sync
1000+0 records in
1000+0 records out
4096000 bytes (4.1 MB, 3.9 MiB) copied, 0.0152225 s, 269 MB/s
############### root_helper umount /home/fedora/btrfs-progs/tests/mnt
############### root_helper /home/fedora/btrfs-progs/btrfs check /dev/loop0
checking extents
checking free space cache
checking fs roots
checking csums
checking root refs
Checking filesystem on /dev/loop0
UUID: 28228a4b-beee-47d0-b0a9-2cd46426d1d5
found 14843904 bytes used, no error found
total csum bytes: 14240
total tree bytes: 131072
total fs tree bytes: 32768
total extent tree bytes: 16384
btree space waste bytes: 108601
file data blocks allocated: 14712832
 referenced 14712832
############### root_helper /home/fedora/btrfs-progs/btrfs-image /dev/loop0 /tmp/test-img.dump
############### root_helper /home/fedora/btrfs-progs/btrfs filesystem show /dev/loop0
Label: none  uuid: 28228a4b-beee-47d0-b0a9-2cd46426d1d5
	Total devices 2 FS bytes used 14.16MiB
	devid    1 size 2.00GiB used 417.50MiB path /dev/loop0
	devid    2 size 2.00GiB used 417.50MiB path /dev/loop1

############### wipefs -a /dev/loop1
wipefs: error: /dev/loop1: probing initialization failed: Permission denied
failed (ignored, ret=1): wipefs -a /dev/loop1
############### root_helper losetup -d /dev/loop1
############### root_helper /home/fedora/btrfs-progs/btrfs filesystem show /dev/loop0
warning, device 2 is missing
Label: none  uuid: 28228a4b-beee-47d0-b0a9-2cd46426d1d5
	Total devices 2 FS bytes used 14.16MiB
	devid    1 size 2.00GiB used 417.50MiB path /dev/loop0
	*** Some devices missing

############### root_helper /home/fedora/btrfs-progs/btrfs check /dev/loop0
checking extents
checking free space cache
failed to load free space cache for block group 29360128
checking fs roots
checking csums
checking root refs
warning, device 2 is missing
Checking filesystem on /dev/loop0
UUID: 28228a4b-beee-47d0-b0a9-2cd46426d1d5
found 14843904 bytes used, no error found
total csum bytes: 14240
total tree bytes: 131072
total fs tree bytes: 32768
total extent tree bytes: 16384
btree space waste bytes: 108601
file data blocks allocated: 14712832
 referenced 14712832
############### root_helper /home/fedora/btrfs-progs/btrfs-image /dev/loop0 /tmp/test-img.dump
warning, device 2 is missing
############### root_helper losetup -d /dev/loop0
############### root_helper losetup --all
=== Entering /home/fedora/btrfs-progs/tests/misc-tests/007-subvolume-sync
$TEST_DEV not given, using /home/fedora/btrfs-progs/tests/test.img as fallback
############### root_helper /home/fedora/btrfs-progs/mkfs.btrfs -f /home/fedora/btrfs-progs/tests/test.img
btrfs-progs v4.14.1-24-g4675af99
See http://btrfs.wiki.kernel.org for more information.

Label:              (null)
UUID:               720c2776-75fa-49a7-8274-cc818f01012a
Node size:          16384
Sector size:        4096
Filesystem size:    2.00GiB
Block group profiles:
  Data:             single            8.00MiB
  Metadata:         DUP             102.38MiB
  System:           DUP               8.00MiB
SSD detected:       no
Incompat features:  extref, skinny-metadata
Number of devices:  1
Devices:
   ID        SIZE  PATH
    1     2.00GiB  /home/fedora/btrfs-progs/tests/test.img

############### root_helper mount -t btrfs -o loop /home/fedora/btrfs-progs/tests/test.img /home/fedora/btrfs-progs/tests/mnt
############### root_helper /home/fedora/btrfs-progs/btrfs subvolume create /home/fedora/btrfs-progs/tests/mnt/mysubvol1
Create subvolume '/home/fedora/btrfs-progs/tests/mnt/mysubvol1'
############### root_helper /home/fedora/btrfs-progs/btrfs subvolume create /home/fedora/btrfs-progs/tests/mnt/mysubvol2
Create subvolume '/home/fedora/btrfs-progs/tests/mnt/mysubvol2'
############### root_helper /home/fedora/btrfs-progs/btrfs subvolume delete /home/fedora/btrfs-progs/tests/mnt/mysubvol1
Delete subvolume (no-commit): '/home/fedora/btrfs-progs/tests/mnt/mysubvol1'
############### root_helper /home/fedora/btrfs-progs/btrfs subvolume delete /home/fedora/btrfs-progs/tests/mnt/mysubvol2
Delete subvolume (no-commit): '/home/fedora/btrfs-progs/tests/mnt/mysubvol2'
############### root_helper /home/fedora/btrfs-progs/btrfs subvolume sync /home/fedora/btrfs-progs/tests/mnt
Subvolume id 257 is gone
Subvolume id 258 is gone
############### root_helper /home/fedora/btrfs-progs/btrfs subvolume create /home/fedora/btrfs-progs/tests/mnt/mysubvol
Create subvolume '/home/fedora/btrfs-progs/tests/mnt/mysubvol'
############### root_helper /home/fedora/btrfs-progs/btrfs subvolume delete /home/fedora/btrfs-progs/tests/mnt/mysubvol
Delete subvolume (no-commit): '/home/fedora/btrfs-progs/tests/mnt/mysubvol'
############### root_helper /home/fedora/btrfs-progs/btrfs subvolume sync /home/fedora/btrfs-progs/tests/mnt
Subvolume id 259 is gone
############### root_helper umount /home/fedora/btrfs-progs/tests/test.img
=== Entering /home/fedora/btrfs-progs/tests/misc-tests/008-leaf-crossing-stripes
############### truncate -s 514M /home/fedora/btrfs-progs/tests/test.img
############### mkfs.ext4 -F /home/fedora/btrfs-progs/tests/test.img
mke2fs 1.43.4 (31-Jan-2017)
Discarding device blocks:   4096/131584             done                            
Creating filesystem with 131584 4k blocks and 32960 inodes
Filesystem UUID: 7ebe2ff7-a7b0-41c7-adc7-c0924afac81d
Superblock backups stored on blocks: 
	32768, 98304

Allocating group tables: 0/5   done                            
Writing inode tables: 0/5   done                            
Creating journal (4096 blocks): done
Writing superblocks and filesystem accounting information: 0/5   done

############### /home/fedora/btrfs-progs/btrfs-convert /home/fedora/btrfs-progs/tests/test.img
create btrfs filesystem:
	blocksize: 4096
	nodesize:  16384
	features:  extref, skinny-metadata (default)
creating ext2 image file
creating btrfs metadata
copy inodes [o] [         2/        11]
conversion complete
############### /home/fedora/btrfs-progs/btrfs check /home/fedora/btrfs-progs/tests/test.img
checking extents
checking free space cache
checking fs roots
checking csums
checking root refs
Checking filesystem on /home/fedora/btrfs-progs/tests/test.img
UUID: e0c3ce28-d61b-4f51-8c92-f9fe12f670db
found 26271744 bytes used, no error found
total csum bytes: 25480
total tree bytes: 180224
total fs tree bytes: 49152
total extent tree bytes: 16384
btree space waste bytes: 145229
file data blocks allocated: 26091520
 referenced 26091520
############### truncate -s 531M /home/fedora/btrfs-progs/tests/test.img
############### mkfs.ext4 -F /home/fedora/btrfs-progs/tests/test.img
mke2fs 1.43.4 (31-Jan-2017)
Discarding device blocks:   4096/135936             done                            
Creating filesystem with 135936 4k blocks and 34000 inodes
Filesystem UUID: 949dd3d1-9522-46d1-b71b-9667ae91bd62
Superblock backups stored on blocks: 
	32768, 98304

Allocating group tables: 0/5   done                            
Writing inode tables: 0/5   done                            
Creating journal (4096 blocks): done
Writing superblocks and filesystem accounting information: 0/5   done

############### /home/fedora/btrfs-progs/btrfs-convert /home/fedora/btrfs-progs/tests/test.img
create btrfs filesystem:
	blocksize: 4096
	nodesize:  16384
	features:  extref, skinny-metadata (default)
creating ext2 image file
creating btrfs metadata
copy inodes [o] [         2/        11]
conversion complete
############### /home/fedora/btrfs-progs/btrfs check /home/fedora/btrfs-progs/tests/test.img
checking extents
checking free space cache
checking fs roots
checking csums
checking root refs
Checking filesystem on /home/fedora/btrfs-progs/tests/test.img
UUID: 236290de-fd37-4f40-a47e-83c67dcf4f62
found 26562560 bytes used, no error found
total csum bytes: 25764
total tree bytes: 180224
total fs tree bytes: 49152
total extent tree bytes: 16384
btree space waste bytes: 144945
file data blocks allocated: 26382336
 referenced 26382336
############### truncate -s 548M /home/fedora/btrfs-progs/tests/test.img
############### mkfs.ext4 -F /home/fedora/btrfs-progs/tests/test.img
mke2fs 1.43.4 (31-Jan-2017)
Discarding device blocks:   4096/140288             done                            
Creating filesystem with 140288 4k blocks and 35120 inodes
Filesystem UUID: 09d65fa0-ff1c-4b6e-961c-af5dce172881
Superblock backups stored on blocks: 
	32768, 98304

Allocating group tables: 0/5   done                            
Writing inode tables: 0/5   done                            
Creating journal (4096 blocks): done
Writing superblocks and filesystem accounting information: 0/5   done

############### /home/fedora/btrfs-progs/btrfs-convert /home/fedora/btrfs-progs/tests/test.img
create btrfs filesystem:
	blocksize: 4096
	nodesize:  16384
	features:  extref, skinny-metadata (default)
creating ext2 image file
creating btrfs metadata
copy inodes [o] [         2/        11]
conversion complete
############### /home/fedora/btrfs-progs/btrfs check /home/fedora/btrfs-progs/tests/test.img
checking extents
checking free space cache
checking fs roots
checking csums
checking root refs
Checking filesystem on /home/fedora/btrfs-progs/tests/test.img
UUID: de607df1-277a-4dfc-88ae-6ed286157729
found 26873856 bytes used, no error found
total csum bytes: 26068
total tree bytes: 180224
total fs tree bytes: 49152
total extent tree bytes: 16384
btree space waste bytes: 144641
file data blocks allocated: 26693632
 referenced 26693632
=== Entering /home/fedora/btrfs-progs/tests/misc-tests/009-subvolume-sync-must-wait
$TEST_DEV not given, using /home/fedora/btrfs-progs/tests/test.img as fallback
############### /home/fedora/btrfs-progs/mkfs.btrfs -f /home/fedora/btrfs-progs/tests/test.img
btrfs-progs v4.14.1-24-g4675af99
See http://btrfs.wiki.kernel.org for more information.

Label:              (null)
UUID:               1140220d-7e48-4ccb-a340-1447e9dfe1df
Node size:          16384
Sector size:        4096
Filesystem size:    2.00GiB
Block group profiles:
  Data:             single            8.00MiB
  Metadata:         DUP             102.38MiB
  System:           DUP               8.00MiB
SSD detected:       no
Incompat features:  extref, skinny-metadata
Number of devices:  1
Devices:
   ID        SIZE  PATH
    1     2.00GiB  /home/fedora/btrfs-progs/tests/test.img

############### root_helper mount -t btrfs -o loop /home/fedora/btrfs-progs/tests/test.img /home/fedora/btrfs-progs/tests/mnt
############### root_helper chmod a+rw /home/fedora/btrfs-progs/tests/mnt
############### dd if=/dev/zero of=file1 bs=1M count=10
10+0 records in
10+0 records out
10485760 bytes (10 MB, 10 MiB) copied, 0.0132726 s, 790 MB/s
############### dd if=/dev/zero of=file2 bs=1M count=10
10+0 records in
10+0 records out
10485760 bytes (10 MB, 10 MiB) copied, 0.0130661 s, 803 MB/s
############### dd if=/dev/zero of=file3 bs=1M count=10
10+0 records in
10+0 records out
10485760 bytes (10 MB, 10 MiB) copied, 0.0130558 s, 803 MB/s
############### dd if=/dev/zero of=file4 bs=1M count=10
10+0 records in
10+0 records out
10485760 bytes (10 MB, 10 MiB) copied, 0.0130651 s, 803 MB/s
############### dd if=/dev/zero of=file5 bs=1M count=10
10+0 records in
10+0 records out
10485760 bytes (10 MB, 10 MiB) copied, 0.0130787 s, 802 MB/s
############### root_helper /home/fedora/btrfs-progs/btrfs subvolume snapshot . snap1
Create a snapshot of '.' in './snap1'
############### dd if=/dev/zero of=snap1/file1 bs=1M count=10
10+0 records in
10+0 records out
10485760 bytes (10 MB, 10 MiB) copied, 0.0313828 s, 334 MB/s
############### dd if=/dev/zero of=snap1/file2 bs=1M count=10
10+0 records in
10+0 records out
10485760 bytes (10 MB, 10 MiB) copied, 0.0306927 s, 342 MB/s
############### dd if=/dev/zero of=snap1/file3 bs=1M count=10
10+0 records in
10+0 records out
10485760 bytes (10 MB, 10 MiB) copied, 0.0307241 s, 341 MB/s
############### dd if=/dev/zero of=snap1/file4 bs=1M count=10
10+0 records in
10+0 records out
10485760 bytes (10 MB, 10 MiB) copied, 0.0303868 s, 345 MB/s
############### dd if=/dev/zero of=snap1/file5 bs=1M count=10
10+0 records in
10+0 records out
10485760 bytes (10 MB, 10 MiB) copied, 0.0303115 s, 346 MB/s
############### dd if=/dev/zero of=snap1/file6 bs=1M count=10
10+0 records in
10+0 records out
10485760 bytes (10 MB, 10 MiB) copied, 0.00476357 s, 2.2 GB/s
############### dd if=/dev/zero of=snap1/file7 bs=1M count=10
10+0 records in
10+0 records out
10485760 bytes (10 MB, 10 MiB) copied, 0.0128548 s, 816 MB/s
############### dd if=/dev/zero of=snap1/file8 bs=1M count=10
10+0 records in
10+0 records out
10485760 bytes (10 MB, 10 MiB) copied, 0.0168434 s, 623 MB/s
############### dd if=/dev/zero of=snap1/file9 bs=1M count=10
10+0 records in
10+0 records out
10485760 bytes (10 MB, 10 MiB) copied, 0.0128683 s, 815 MB/s
############### dd if=/dev/zero of=snap1/file10 bs=1M count=10
10+0 records in
10+0 records out
10485760 bytes (10 MB, 10 MiB) copied, 0.0127684 s, 821 MB/s
############### root_helper /home/fedora/btrfs-progs/btrfs subvolume snapshot . snap2
Create a snapshot of '.' in './snap2'
############### dd if=/dev/zero of=snap2/file1 bs=1M count=10
10+0 records in
10+0 records out
10485760 bytes (10 MB, 10 MiB) copied, 0.0284053 s, 369 MB/s
############### dd if=/dev/zero of=snap2/file2 bs=1M count=10
10+0 records in
10+0 records out
10485760 bytes (10 MB, 10 MiB) copied, 0.0330661 s, 317 MB/s
############### dd if=/dev/zero of=snap2/file3 bs=1M count=10
10+0 records in
10+0 records out
10485760 bytes (10 MB, 10 MiB) copied, 0.0306609 s, 342 MB/s
############### dd if=/dev/zero of=snap2/file4 bs=1M count=10
10+0 records in
10+0 records out
10485760 bytes (10 MB, 10 MiB) copied, 0.0261248 s, 401 MB/s
############### dd if=/dev/zero of=snap2/file5 bs=1M count=10
10+0 records in
10+0 records out
10485760 bytes (10 MB, 10 MiB) copied, 0.0302551 s, 347 MB/s
############### dd if=/dev/zero of=snap2/file6 bs=1M count=10
10+0 records in
10+0 records out
10485760 bytes (10 MB, 10 MiB) copied, 0.0176569 s, 594 MB/s
############### dd if=/dev/zero of=snap2/file7 bs=1M count=10
10+0 records in
10+0 records out
10485760 bytes (10 MB, 10 MiB) copied, 0.00480052 s, 2.2 GB/s
############### dd if=/dev/zero of=snap2/file8 bs=1M count=10
10+0 records in
10+0 records out
10485760 bytes (10 MB, 10 MiB) copied, 0.012763 s, 822 MB/s
############### dd if=/dev/zero of=snap2/file9 bs=1M count=10
10+0 records in
10+0 records out
10485760 bytes (10 MB, 10 MiB) copied, 0.0168736 s, 621 MB/s
############### dd if=/dev/zero of=snap2/file10 bs=1M count=10
10+0 records in
10+0 records out
10485760 bytes (10 MB, 10 MiB) copied, 0.00468813 s, 2.2 GB/s
############### root_helper /home/fedora/btrfs-progs/btrfs subvolume snapshot . snap3
Create a snapshot of '.' in './snap3'
############### dd if=/dev/zero of=snap3/file1 bs=1M count=10
10+0 records in
10+0 records out
10485760 bytes (10 MB, 10 MiB) copied, 0.0303204 s, 346 MB/s
############### dd if=/dev/zero of=snap3/file2 bs=1M count=10
10+0 records in
10+0 records out
10485760 bytes (10 MB, 10 MiB) copied, 0.0289324 s, 362 MB/s
############### dd if=/dev/zero of=snap3/file3 bs=1M count=10
10+0 records in
10+0 records out
10485760 bytes (10 MB, 10 MiB) copied, 0.0320916 s, 327 MB/s
############### dd if=/dev/zero of=snap3/file4 bs=1M count=10
10+0 records in
10+0 records out
10485760 bytes (10 MB, 10 MiB) copied, 0.0305046 s, 344 MB/s
############### dd if=/dev/zero of=snap3/file5 bs=1M count=10
10+0 records in
10+0 records out
10485760 bytes (10 MB, 10 MiB) copied, 0.0304526 s, 344 MB/s
############### dd if=/dev/zero of=snap3/file6 bs=1M count=10
10+0 records in
10+0 records out
10485760 bytes (10 MB, 10 MiB) copied, 0.0128048 s, 819 MB/s
############### dd if=/dev/zero of=snap3/file7 bs=1M count=10
10+0 records in
10+0 records out
10485760 bytes (10 MB, 10 MiB) copied, 0.0127932 s, 820 MB/s
############### dd if=/dev/zero of=snap3/file8 bs=1M count=10
10+0 records in
10+0 records out
10485760 bytes (10 MB, 10 MiB) copied, 0.012826 s, 818 MB/s
############### dd if=/dev/zero of=snap3/file9 bs=1M count=10
10+0 records in
10+0 records out
10485760 bytes (10 MB, 10 MiB) copied, 0.0128144 s, 818 MB/s
############### dd if=/dev/zero of=snap3/file10 bs=1M count=10
10+0 records in
10+0 records out
10485760 bytes (10 MB, 10 MiB) copied, 0.00462915 s, 2.3 GB/s
############### root_helper /home/fedora/btrfs-progs/btrfs subvolume snapshot . snap4
Create a snapshot of '.' in './snap4'
############### dd if=/dev/zero of=snap4/file1 bs=1M count=10
10+0 records in
10+0 records out
10485760 bytes (10 MB, 10 MiB) copied, 0.0346949 s, 302 MB/s
############### dd if=/dev/zero of=snap4/file2 bs=1M count=10
10+0 records in
10+0 records out
10485760 bytes (10 MB, 10 MiB) copied, 0.0303934 s, 345 MB/s
############### dd if=/dev/zero of=snap4/file3 bs=1M count=10
10+0 records in
10+0 records out
10485760 bytes (10 MB, 10 MiB) copied, 0.0304555 s, 344 MB/s
############### dd if=/dev/zero of=snap4/file4 bs=1M count=10
10+0 records in
10+0 records out
10485760 bytes (10 MB, 10 MiB) copied, 0.0303588 s, 345 MB/s
############### dd if=/dev/zero of=snap4/file5 bs=1M count=10
10+0 records in
10+0 records out
10485760 bytes (10 MB, 10 MiB) copied, 0.0303801 s, 345 MB/s
############### dd if=/dev/zero of=snap4/file6 bs=1M count=10
10+0 records in
10+0 records out
10485760 bytes (10 MB, 10 MiB) copied, 0.0128994 s, 813 MB/s
############### dd if=/dev/zero of=snap4/file7 bs=1M count=10
10+0 records in
10+0 records out
10485760 bytes (10 MB, 10 MiB) copied, 0.0127804 s, 820 MB/s
############### dd if=/dev/zero of=snap4/file8 bs=1M count=10
10+0 records in
10+0 records out
10485760 bytes (10 MB, 10 MiB) copied, 0.00467524 s, 2.2 GB/s
############### dd if=/dev/zero of=snap4/file9 bs=1M count=10
10+0 records in
10+0 records out
10485760 bytes (10 MB, 10 MiB) copied, 0.00465685 s, 2.3 GB/s
############### dd if=/dev/zero of=snap4/file10 bs=1M count=10
10+0 records in
10+0 records out
10485760 bytes (10 MB, 10 MiB) copied, 0.00460299 s, 2.3 GB/s
############### root_helper /home/fedora/btrfs-progs/btrfs subvolume list .
ID 258 gen 8 top level 5 path snap1
ID 259 gen 9 top level 5 path snap2
ID 260 gen 10 top level 5 path snap3
ID 261 gen 10 top level 5 path snap4
############### root_helper /home/fedora/btrfs-progs/btrfs subvolume list -d .
############### root_helper /home/fedora/btrfs-progs/btrfs inspect-internal rootid snap3
260
############### root_helper /home/fedora/btrfs-progs/btrfs subvolume delete -c snap3
Delete subvolume (commit): '/home/fedora/btrfs-progs/tests/mnt/snap3'
############### root_helper /home/fedora/btrfs-progs/btrfs subvolume sync . 260
############### /home/fedora/btrfs-progs/btrfs filesystem sync /home/fedora/btrfs-progs/tests/mnt
Subvolume id 260 is gone
############### root_helper /home/fedora/btrfs-progs/btrfs subvolume list -d .
############### /home/fedora/btrfs-progs/btrfs filesystem sync /home/fedora/btrfs-progs/tests/mnt
############### root_helper /home/fedora/btrfs-progs/btrfs subvolume list -d .
############### root_helper umount /home/fedora/btrfs-progs/tests/test.img
=== Entering /home/fedora/btrfs-progs/tests/misc-tests/010-convert-delete-ext2-subvol
$TEST_DEV not given, using /home/fedora/btrfs-progs/tests/test.img as fallback
############### truncate -s 2G /home/fedora/btrfs-progs/tests/test.img
############### mkfs.ext4 -F /home/fedora/btrfs-progs/tests/test.img
mke2fs 1.43.4 (31-Jan-2017)
Discarding device blocks:   4096/524288             done                            
Creating filesystem with 524288 4k blocks and 131072 inodes
Filesystem UUID: a87be510-c820-4df2-86d4-3107f63bc772
Superblock backups stored on blocks: 
	32768, 98304, 163840, 229376, 294912

Allocating group tables:  0/16     done                            
Writing inode tables:  0/16     done                            
Creating journal (16384 blocks): done
Writing superblocks and filesystem accounting information:  0/16     done

############### /home/fedora/btrfs-progs/btrfs-convert /home/fedora/btrfs-progs/tests/test.img
create btrfs filesystem:
	blocksize: 4096
	nodesize:  16384
	features:  extref, skinny-metadata (default)
creating ext2 image file
creating btrfs metadata
copy inodes [o] [         2/        11]
conversion complete
############### root_helper /home/fedora/btrfs-progs/btrfs inspect-internal dump-tree /home/fedora/btrfs-progs/tests/test.img
btrfs-progs v4.14.1-24-g4675af99
root tree
leaf 67305472 items 12 free space 13067 generation 5 owner 1
leaf 67305472 flags 0x1(WRITTEN) backref revision 1
fs uuid 11eac3df-1009-4b6c-9039-7753c08db16f
chunk uuid e65220ed-8af3-4e2c-b6d9-2a61639416de
	item 0 key (EXTENT_TREE ROOT_ITEM 0) itemoff 15844 itemsize 439
		generation 5 root_dirid 0 bytenr 67223552 level 0 refs 1
		lastsnap 0 byte_limit 0 bytes_used 114688 flags 0x0(none)
		uuid 00000000-0000-0000-0000-000000000000
		drop key (0 UNKNOWN.0 0) level 0
	item 1 key (DEV_TREE ROOT_ITEM 0) itemoff 15405 itemsize 439
		generation 2 root_dirid 0 bytenr 67256320 level 0 refs 1
		lastsnap 0 byte_limit 0 bytes_used 16384 flags 0x0(none)
		uuid 00000000-0000-0000-0000-000000000000
		drop key (0 UNKNOWN.0 0) level 0
	item 2 key (FS_TREE INODE_REF 6) itemoff 15388 itemsize 17
		index 0 namelen 7 name: default
	item 3 key (FS_TREE ROOT_ITEM 0) itemoff 14949 itemsize 439
		generation 5 root_dirid 256 bytenr 67190784 level 0 refs 1
		lastsnap 0 byte_limit 0 bytes_used 16384 flags 0x0(none)
		uuid 00000000-0000-0000-0000-000000000000
		drop key (0 UNKNOWN.0 0) level 0
	item 4 key (FS_TREE ROOT_REF 256) itemoff 14921 itemsize 28
		root ref key dirid 256 sequence 3 name ext2_saved
	item 5 key (ROOT_TREE_DIR INODE_ITEM 0) itemoff 14761 itemsize 160
		generation 2 transid 0 size 0 nbytes 16384
		block group 0 mode 40755 links 1 uid 0 gid 0 rdev 0
		sequence 0 flags 0x0(none)
		atime 1516199375.0 (2018-01-17 14:29:35)
		ctime 1516199375.0 (2018-01-17 14:29:35)
		mtime 1516199375.0 (2018-01-17 14:29:35)
		otime 1516199375.0 (2018-01-17 14:29:35)
	item 6 key (ROOT_TREE_DIR INODE_REF 6) itemoff 14749 itemsize 12
		index 0 namelen 2 name: ..
	item 7 key (ROOT_TREE_DIR DIR_ITEM 2378154706) itemoff 14712 itemsize 37
		location key (FS_TREE ROOT_ITEM -1) type DIR
		transid 0 data_len 0 name_len 7
		name: default
	item 8 key (CSUM_TREE ROOT_ITEM 0) itemoff 14273 itemsize 439
		generation 3 root_dirid 0 bytenr 67338240 level 1 refs 1
		lastsnap 0 byte_limit 0 bytes_used 147456 flags 0x0(none)
		uuid 00000000-0000-0000-0000-000000000000
		drop key (0 UNKNOWN.0 0) level 0
	item 9 key (256 ROOT_ITEM EXTENT_TREE) itemoff 13834 itemsize 439
		generation 3 root_dirid 256 bytenr 67174400 level 0 refs 1
		lastsnap 0 byte_limit 0 bytes_used 107151360 flags 0x0(none)
		uuid 00000000-0000-0000-0000-000000000000
		drop key (0 UNKNOWN.0 0) level 0
	item 10 key (256 ROOT_BACKREF 5) itemoff 13806 itemsize 28
		root backref key dirid 256 sequence 3 name ext2_saved
	item 11 key (DATA_RELOC_TREE ROOT_ITEM EXTENT_TREE) itemoff 13367 itemsize 439
		generation 2 root_dirid 256 bytenr 67321856 level 0 refs 1
		lastsnap 0 byte_limit 0 bytes_used 16384 flags 0x0(none)
		uuid 00000000-0000-0000-0000-000000000000
		drop key (0 UNKNOWN.0 0) level 0
chunk tree
leaf 34881536 items 10 free space 15215 generation 2 owner 3
leaf 34881536 flags 0x1(WRITTEN) backref revision 1
fs uuid 11eac3df-1009-4b6c-9039-7753c08db16f
chunk uuid e65220ed-8af3-4e2c-b6d9-2a61639416de
	item 0 key (DEV_ITEMS DEV_ITEM 1) itemoff 16185 itemsize 98
		devid 1 total_bytes 2147483648 bytes_used 306343936
		io_align 4096 io_width 4096 sector_size 4096 type 0
		generation 0 start_offset 0 dev_group 0
		seek_speed 0 bandwidth 0
		uuid ea8c8ddc-ac49-421e-b8db-0b8836492c6d
		fsid 11eac3df-1009-4b6c-9039-7753c08db16f
	item 1 key (FIRST_CHUNK_TREE CHUNK_ITEM 1048576) itemoff 16105 itemsize 80
		length 33714176 owner 2 stripe_len 65536 type DATA
		io_align 65536 io_width 65536 sector_size 4096
		num_stripes 1 sub_stripes 0
			stripe 0 devid 1 offset 1048576
			dev_uuid ea8c8ddc-ac49-421e-b8db-0b8836492c6d
	item 2 key (FIRST_CHUNK_TREE CHUNK_ITEM 34865152) itemoff 16025 itemsize 80
		length 4194304 owner 2 stripe_len 65536 type SYSTEM
		io_align 4096 io_width 4096 sector_size 4096
		num_stripes 1 sub_stripes 0
			stripe 0 devid 1 offset 34865152
			dev_uuid ea8c8ddc-ac49-421e-b8db-0b8836492c6d
	item 3 key (FIRST_CHUNK_TREE CHUNK_ITEM 67174400) itemoff 15945 itemsize 80
		length 33554432 owner 2 stripe_len 65536 type METADATA
		io_align 4096 io_width 4096 sector_size 4096
		num_stripes 1 sub_stripes 0
			stripe 0 devid 1 offset 67174400
			dev_uuid ea8c8ddc-ac49-421e-b8db-0b8836492c6d
	item 4 key (FIRST_CHUNK_TREE CHUNK_ITEM 134217728) itemoff 15865 itemsize 80
		length 33554432 owner 2 stripe_len 65536 type DATA
		io_align 65536 io_width 65536 sector_size 4096
		num_stripes 1 sub_stripes 0
			stripe 0 devid 1 offset 134217728
			dev_uuid ea8c8ddc-ac49-421e-b8db-0b8836492c6d
	item 5 key (FIRST_CHUNK_TREE CHUNK_ITEM 402653184) itemoff 15785 itemsize 80
		length 33554432 owner 2 stripe_len 65536 type DATA
		io_align 65536 io_width 65536 sector_size 4096
		num_stripes 1 sub_stripes 0
			stripe 0 devid 1 offset 402653184
			dev_uuid ea8c8ddc-ac49-421e-b8db-0b8836492c6d
	item 6 key (FIRST_CHUNK_TREE CHUNK_ITEM 671088640) itemoff 15705 itemsize 80
		length 33554432 owner 2 stripe_len 65536 type DATA
		io_align 65536 io_width 65536 sector_size 4096
		num_stripes 1 sub_stripes 0
			stripe 0 devid 1 offset 671088640
			dev_uuid ea8c8ddc-ac49-421e-b8db-0b8836492c6d
	item 7 key (FIRST_CHUNK_TREE CHUNK_ITEM 939524096) itemoff 15625 itemsize 80
		length 33554432 owner 2 stripe_len 65536 type DATA
		io_align 65536 io_width 65536 sector_size 4096
		num_stripes 1 sub_stripes 0
			stripe 0 devid 1 offset 939524096
			dev_uuid ea8c8ddc-ac49-421e-b8db-0b8836492c6d
	item 8 key (FIRST_CHUNK_TREE CHUNK_ITEM 1073741824) itemoff 15545 itemsize 80
		length 67108864 owner 2 stripe_len 65536 type DATA
		io_align 65536 io_width 65536 sector_size 4096
		num_stripes 1 sub_stripes 0
			stripe 0 devid 1 offset 1073741824
			dev_uuid ea8c8ddc-ac49-421e-b8db-0b8836492c6d
	item 9 key (FIRST_CHUNK_TREE CHUNK_ITEM 1207959552) itemoff 15465 itemsize 80
		length 33554432 owner 2 stripe_len 65536 type DATA
		io_align 65536 io_width 65536 sector_size 4096
		num_stripes 1 sub_stripes 0
			stripe 0 devid 1 offset 1207959552
			dev_uuid ea8c8ddc-ac49-421e-b8db-0b8836492c6d
extent tree key (EXTENT_TREE ROOT_ITEM 0) 
leaf 67223552 items 33 free space 14290 generation 5 owner 2
leaf 67223552 flags 0x1(WRITTEN) backref revision 1
fs uuid 11eac3df-1009-4b6c-9039-7753c08db16f
chunk uuid e65220ed-8af3-4e2c-b6d9-2a61639416de
	item 0 key (1048576 EXTENT_ITEM 33714176) itemoff 16230 itemsize 53
		refs 1 gen 0 flags DATA
		extent data backref root 256 objectid 257 offset 1048576 count 1
	item 1 key (1048576 BLOCK_GROUP_ITEM 33714176) itemoff 16206 itemsize 24
		block group used 33714176 chunk_objectid 256 flags DATA
	item 2 key (34865152 BLOCK_GROUP_ITEM 4194304) itemoff 16182 itemsize 24
		block group used 16384 chunk_objectid 256 flags SYSTEM
	item 3 key (34881536 METADATA_ITEM 0) itemoff 16149 itemsize 33
		refs 1 gen 2 flags TREE_BLOCK
		tree block skinny level 0
		tree block backref root 3
	item 4 key (67174400 METADATA_ITEM 0) itemoff 16116 itemsize 33
		refs 1 gen 3 flags TREE_BLOCK
		tree block skinny level 0
		tree block backref root 256
	item 5 key (67174400 BLOCK_GROUP_ITEM 33554432) itemoff 16092 itemsize 24
		block group used 245760 chunk_objectid 256 flags METADATA
	item 6 key (67190784 METADATA_ITEM 0) itemoff 16059 itemsize 33
		refs 1 gen 5 flags TREE_BLOCK
		tree block skinny level 0
		tree block backref root 5
	item 7 key (67207168 METADATA_ITEM 0) itemoff 16026 itemsize 33
		refs 1 gen 3 flags TREE_BLOCK
		tree block skinny level 0
		tree block backref root 7
	item 8 key (67223552 METADATA_ITEM 0) itemoff 15993 itemsize 33
		refs 1 gen 5 flags TREE_BLOCK
		tree block skinny level 0
		tree block backref root 2
	item 9 key (67256320 METADATA_ITEM 0) itemoff 15960 itemsize 33
		refs 1 gen 2 flags TREE_BLOCK
		tree block skinny level 0
		tree block backref root 4
	item 10 key (67305472 METADATA_ITEM 0) itemoff 15927 itemsize 33
		refs 1 gen 5 flags TREE_BLOCK
		tree block skinny level 0
		tree block backref root 1
	item 11 key (67321856 METADATA_ITEM 0) itemoff 15894 itemsize 33
		refs 1 gen 2 flags TREE_BLOCK
		tree block skinny level 0
		tree block backref root 18446744073709551607
	item 12 key (67338240 METADATA_ITEM 1) itemoff 15861 itemsize 33
		refs 1 gen 3 flags TREE_BLOCK
		tree block skinny level 1
		tree block backref root 7
	item 13 key (67354624 METADATA_ITEM 0) itemoff 15828 itemsize 33
		refs 1 gen 3 flags TREE_BLOCK
		tree block skinny level 0
		tree block backref root 7
	item 14 key (67371008 METADATA_ITEM 0) itemoff 15795 itemsize 33
		refs 1 gen 3 flags TREE_BLOCK
		tree block skinny level 0
		tree block backref root 7
	item 15 key (67387392 METADATA_ITEM 0) itemoff 15762 itemsize 33
		refs 1 gen 3 flags TREE_BLOCK
		tree block skinny level 0
		tree block backref root 7
	item 16 key (67403776 METADATA_ITEM 0) itemoff 15729 itemsize 33
		refs 1 gen 3 flags TREE_BLOCK
		tree block skinny level 0
		tree block backref root 7
	item 17 key (67420160 METADATA_ITEM 0) itemoff 15696 itemsize 33
		refs 1 gen 3 flags TREE_BLOCK
		tree block skinny level 0
		tree block backref root 7
	item 18 key (67436544 METADATA_ITEM 0) itemoff 15663 itemsize 33
		refs 1 gen 3 flags TREE_BLOCK
		tree block skinny level 0
		tree block backref root 7
	item 19 key (67452928 METADATA_ITEM 0) itemoff 15630 itemsize 33
		refs 1 gen 3 flags TREE_BLOCK
		tree block skinny level 0
		tree block backref root 7
	item 20 key (134217728 EXTENT_ITEM 1052672) itemoff 15577 itemsize 53
		refs 1 gen 0 flags DATA
		extent data backref root 256 objectid 257 offset 134217728 count 1
	item 21 key (134217728 BLOCK_GROUP_ITEM 33554432) itemoff 15553 itemsize 24
		block group used 2101248 chunk_objectid 256 flags DATA
	item 22 key (135270400 EXTENT_ITEM 1048576) itemoff 15500 itemsize 53
		refs 1 gen 0 flags DATA
		extent data backref root 256 objectid 257 offset 0 count 1
	item 23 key (402653184 EXTENT_ITEM 1052672) itemoff 15447 itemsize 53
		refs 1 gen 0 flags DATA
		extent data backref root 256 objectid 257 offset 402653184 count 1
	item 24 key (402653184 BLOCK_GROUP_ITEM 33554432) itemoff 15423 itemsize 24
		block group used 1052672 chunk_objectid 256 flags DATA
	item 25 key (671088640 EXTENT_ITEM 1052672) itemoff 15370 itemsize 53
		refs 1 gen 0 flags DATA
		extent data backref root 256 objectid 257 offset 671088640 count 1
	item 26 key (671088640 BLOCK_GROUP_ITEM 33554432) itemoff 15346 itemsize 24
		block group used 1052672 chunk_objectid 256 flags DATA
	item 27 key (939524096 EXTENT_ITEM 1052672) itemoff 15293 itemsize 53
		refs 1 gen 0 flags DATA
		extent data backref root 256 objectid 257 offset 939524096 count 1
	item 28 key (939524096 BLOCK_GROUP_ITEM 33554432) itemoff 15269 itemsize 24
		block group used 1052672 chunk_objectid 256 flags DATA
	item 29 key (1073741824 EXTENT_ITEM 67108864) itemoff 15216 itemsize 53
		refs 1 gen 0 flags DATA
		extent data backref root 256 objectid 257 offset 1073741824 count 1
	item 30 key (1073741824 BLOCK_GROUP_ITEM 67108864) itemoff 15192 itemsize 24
		block group used 67108864 chunk_objectid 256 flags DATA
	item 31 key (1207959552 EXTENT_ITEM 1052672) itemoff 15139 itemsize 53
		refs 1 gen 0 flags DATA
		extent data backref root 256 objectid 257 offset 1207959552 count 1
	item 32 key (1207959552 BLOCK_GROUP_ITEM 33554432) itemoff 15115 itemsize 24
		block group used 1052672 chunk_objectid 256 flags DATA
device tree key (DEV_TREE ROOT_ITEM 0) 
leaf 67256320 items 9 free space 15626 generation 2 owner 4
leaf 67256320 flags 0x1(WRITTEN) backref revision 1
fs uuid 11eac3df-1009-4b6c-9039-7753c08db16f
chunk uuid e65220ed-8af3-4e2c-b6d9-2a61639416de
	item 0 key (1 DEV_EXTENT 1048576) itemoff 16235 itemsize 48
		dev extent chunk_tree 3
		chunk_objectid 256 chunk_offset 1048576 length 33714176
		chunk_tree_uuid e65220ed-8af3-4e2c-b6d9-2a61639416de
	item 1 key (1 DEV_EXTENT 34865152) itemoff 16187 itemsize 48
		dev extent chunk_tree 3
		chunk_objectid 256 chunk_offset 34865152 length 4194304
		chunk_tree_uuid 00000000-0000-0000-0000-000000000000
	item 2 key (1 DEV_EXTENT 67174400) itemoff 16139 itemsize 48
		dev extent chunk_tree 3
		chunk_objectid 256 chunk_offset 67174400 length 33554432
		chunk_tree_uuid 00000000-0000-0000-0000-000000000000
	item 3 key (1 DEV_EXTENT 134217728) itemoff 16091 itemsize 48
		dev extent chunk_tree 3
		chunk_objectid 256 chunk_offset 134217728 length 33554432
		chunk_tree_uuid e65220ed-8af3-4e2c-b6d9-2a61639416de
	item 4 key (1 DEV_EXTENT 402653184) itemoff 16043 itemsize 48
		dev extent chunk_tree 3
		chunk_objectid 256 chunk_offset 402653184 length 33554432
		chunk_tree_uuid e65220ed-8af3-4e2c-b6d9-2a61639416de
	item 5 key (1 DEV_EXTENT 671088640) itemoff 15995 itemsize 48
		dev extent chunk_tree 3
		chunk_objectid 256 chunk_offset 671088640 length 33554432
		chunk_tree_uuid e65220ed-8af3-4e2c-b6d9-2a61639416de
	item 6 key (1 DEV_EXTENT 939524096) itemoff 15947 itemsize 48
		dev extent chunk_tree 3
		chunk_objectid 256 chunk_offset 939524096 length 33554432
		chunk_tree_uuid e65220ed-8af3-4e2c-b6d9-2a61639416de
	item 7 key (1 DEV_EXTENT 1073741824) itemoff 15899 itemsize 48
		dev extent chunk_tree 3
		chunk_objectid 256 chunk_offset 1073741824 length 67108864
		chunk_tree_uuid e65220ed-8af3-4e2c-b6d9-2a61639416de
	item 8 key (1 DEV_EXTENT 1207959552) itemoff 15851 itemsize 48
		dev extent chunk_tree 3
		chunk_objectid 256 chunk_offset 1207959552 length 33554432
		chunk_tree_uuid e65220ed-8af3-4e2c-b6d9-2a61639416de
fs tree key (FS_TREE ROOT_ITEM 0) 
leaf 67190784 items 8 free space 15571 generation 5 owner 5
leaf 67190784 flags 0x1(WRITTEN) backref revision 1
fs uuid 11eac3df-1009-4b6c-9039-7753c08db16f
chunk uuid e65220ed-8af3-4e2c-b6d9-2a61639416de
	item 0 key (256 INODE_ITEM 0) itemoff 16123 itemsize 160
		generation 1 transid 1 size 40 nbytes 0
		block group 0 mode 40755 links 1 uid 0 gid 0 rdev 0
		sequence 0 flags 0x0(none)
		atime 1516199375.0 (2018-01-17 14:29:35)
		ctime 1516199375.0 (2018-01-17 14:29:35)
		mtime 1516199375.0 (2018-01-17 14:29:35)
		otime 0.0 (1970-01-01 00:00:00)
	item 1 key (256 INODE_REF 256) itemoff 16111 itemsize 12
		index 0 namelen 2 name: ..
	item 2 key (256 DIR_ITEM 2734183504) itemoff 16071 itemsize 40
		location key (265 INODE_ITEM 0) type DIR
		transid 0 data_len 0 name_len 10
		name: lost+found
	item 3 key (256 DIR_ITEM 3082037031) itemoff 16031 itemsize 40
		location key (256 ROOT_ITEM -1) type DIR
		transid 0 data_len 0 name_len 10
		name: ext2_saved
	item 4 key (256 DIR_INDEX 2) itemoff 15991 itemsize 40
		location key (265 INODE_ITEM 0) type DIR
		transid 0 data_len 0 name_len 10
		name: lost+found
	item 5 key (256 DIR_INDEX 3) itemoff 15951 itemsize 40
		location key (256 ROOT_ITEM -1) type DIR
		transid 5922653 data_len 0 name_len 10
		name: ext2_saved
	item 6 key (265 INODE_ITEM 0) itemoff 15791 itemsize 160
		generation 1 transid 1 size 0 nbytes 0
		block group 0 mode 40700 links 1 uid 0 gid 0 rdev 0
		sequence 0 flags 0x0(none)
		atime 1516199375.0 (2018-01-17 14:29:35)
		ctime 1516199375.0 (2018-01-17 14:29:35)
		mtime 1516199375.0 (2018-01-17 14:29:35)
		otime 0.0 (1970-01-01 00:00:00)
	item 7 key (265 INODE_REF 256) itemoff 15771 itemsize 20
		index 2 namelen 10 name: lost+found
checksum tree key (CSUM_TREE ROOT_ITEM 0) 
node 67338240 level 1 items 8 free 485 generation 3 owner 7
fs uuid 11eac3df-1009-4b6c-9039-7753c08db16f
chunk uuid e65220ed-8af3-4e2c-b6d9-2a61639416de
	key (EXTENT_CSUM EXTENT_CSUM 1048576) block 67207168 (4102) gen 3
	key (EXTENT_CSUM EXTENT_CSUM 17666048) block 67354624 (4111) gen 3
	key (EXTENT_CSUM EXTENT_CSUM 34283520) block 67371008 (4112) gen 3
	key (EXTENT_CSUM EXTENT_CSUM 1073741824) block 67387392 (4113) gen 3
	key (EXTENT_CSUM EXTENT_CSUM 1090359296) block 67403776 (4114) gen 3
	key (EXTENT_CSUM EXTENT_CSUM 1106976768) block 67420160 (4115) gen 3
	key (EXTENT_CSUM EXTENT_CSUM 1123594240) block 67436544 (4116) gen 3
	key (EXTENT_CSUM EXTENT_CSUM 1140211712) block 67452928 (4117) gen 3
leaf 67207168 items 1 free space 30 generation 3 owner 7
leaf 67207168 flags 0x1(WRITTEN) backref revision 1
fs uuid 11eac3df-1009-4b6c-9039-7753c08db16f
chunk uuid e65220ed-8af3-4e2c-b6d9-2a61639416de
	item 0 key (EXTENT_CSUM EXTENT_CSUM 1048576) itemoff 55 itemsize 16228
		range start 1048576 end 17666048 length 16617472
leaf 67354624 items 1 free space 30 generation 3 owner 7
leaf 67354624 flags 0x1(WRITTEN) backref revision 1
fs uuid 11eac3df-1009-4b6c-9039-7753c08db16f
chunk uuid e65220ed-8af3-4e2c-b6d9-2a61639416de
	item 0 key (EXTENT_CSUM EXTENT_CSUM 17666048) itemoff 55 itemsize 16228
		range start 17666048 end 34283520 length 16617472
leaf 67371008 items 5 free space 10554 generation 3 owner 7
leaf 67371008 flags 0x1(WRITTEN) backref revision 1
fs uuid 11eac3df-1009-4b6c-9039-7753c08db16f
chunk uuid e65220ed-8af3-4e2c-b6d9-2a61639416de
	item 0 key (EXTENT_CSUM EXTENT_CSUM 34283520) itemoff 15815 itemsize 468
		range start 34283520 end 34762752 length 479232
	item 1 key (EXTENT_CSUM EXTENT_CSUM 134217728) itemoff 13763 itemsize 2052
		range start 134217728 end 136318976 length 2101248
	item 2 key (EXTENT_CSUM EXTENT_CSUM 402653184) itemoff 12735 itemsize 1028
		range start 402653184 end 403705856 length 1052672
	item 3 key (EXTENT_CSUM EXTENT_CSUM 671088640) itemoff 11707 itemsize 1028
		range start 671088640 end 672141312 length 1052672
	item 4 key (EXTENT_CSUM EXTENT_CSUM 939524096) itemoff 10679 itemsize 1028
		range start 939524096 end 940576768 length 1052672
leaf 67387392 items 1 free space 30 generation 3 owner 7
leaf 67387392 flags 0x1(WRITTEN) backref revision 1
fs uuid 11eac3df-1009-4b6c-9039-7753c08db16f
chunk uuid e65220ed-8af3-4e2c-b6d9-2a61639416de
	item 0 key (EXTENT_CSUM EXTENT_CSUM 1073741824) itemoff 55 itemsize 16228
		range start 1073741824 end 1090359296 length 16617472
leaf 67403776 items 1 free space 30 generation 3 owner 7
leaf 67403776 flags 0x1(WRITTEN) backref revision 1
fs uuid 11eac3df-1009-4b6c-9039-7753c08db16f
chunk uuid e65220ed-8af3-4e2c-b6d9-2a61639416de
	item 0 key (EXTENT_CSUM EXTENT_CSUM 1090359296) itemoff 55 itemsize 16228
		range start 1090359296 end 1106976768 length 16617472
leaf 67420160 items 1 free space 30 generation 3 owner 7
leaf 67420160 flags 0x1(WRITTEN) backref revision 1
fs uuid 11eac3df-1009-4b6c-9039-7753c08db16f
chunk uuid e65220ed-8af3-4e2c-b6d9-2a61639416de
	item 0 key (EXTENT_CSUM EXTENT_CSUM 1106976768) itemoff 55 itemsize 16228
		range start 1106976768 end 1123594240 length 16617472
leaf 67436544 items 1 free space 30 generation 3 owner 7
leaf 67436544 flags 0x1(WRITTEN) backref revision 1
fs uuid 11eac3df-1009-4b6c-9039-7753c08db16f
chunk uuid e65220ed-8af3-4e2c-b6d9-2a61639416de
	item 0 key (EXTENT_CSUM EXTENT_CSUM 1123594240) itemoff 55 itemsize 16228
		range start 1123594240 end 1140211712 length 16617472
leaf 67452928 items 2 free space 14581 generation 3 owner 7
leaf 67452928 flags 0x1(WRITTEN) backref revision 1
fs uuid 11eac3df-1009-4b6c-9039-7753c08db16f
chunk uuid e65220ed-8af3-4e2c-b6d9-2a61639416de
	item 0 key (EXTENT_CSUM EXTENT_CSUM 1140211712) itemoff 15659 itemsize 624
		range start 1140211712 end 1140850688 length 638976
	item 1 key (EXTENT_CSUM EXTENT_CSUM 1207959552) itemoff 14631 itemsize 1028
		range start 1207959552 end 1209012224 length 1052672
file tree key (256 ROOT_ITEM EXTENT_TREE) 
leaf 67174400 items 32 free space 13688 generation 3 owner 256
leaf 67174400 flags 0x1(WRITTEN) backref revision 1
fs uuid 11eac3df-1009-4b6c-9039-7753c08db16f
chunk uuid e65220ed-8af3-4e2c-b6d9-2a61639416de
	item 0 key (256 INODE_ITEM 0) itemoff 16123 itemsize 160
		generation 2 transid 0 size 10 nbytes 16384
		block group 0 mode 40755 links 1 uid 0 gid 0 rdev 0
		sequence 0 flags 0x0(none)
		atime 1516199375.0 (2018-01-17 14:29:35)
		ctime 1516199375.0 (2018-01-17 14:29:35)
		mtime 1516199375.0 (2018-01-17 14:29:35)
		otime 1516199375.0 (2018-01-17 14:29:35)
	item 1 key (256 INODE_REF 256) itemoff 16111 itemsize 12
		index 0 namelen 2 name: ..
	item 2 key (256 DIR_ITEM 1377135853) itemoff 16076 itemsize 35
		location key (257 INODE_ITEM 0) type FILE
		transid 0 data_len 0 name_len 5
		name: image
	item 3 key (256 DIR_INDEX 2) itemoff 16041 itemsize 35
		location key (257 INODE_ITEM 0) type FILE
		transid 0 data_len 0 name_len 5
		name: image
	item 4 key (257 INODE_ITEM 0) itemoff 15881 itemsize 160
		generation 3 transid 0 size 2147483648 nbytes 107134976
		block group 0 mode 100400 links 1 uid 0 gid 0 rdev 0
		sequence 4 flags 0x0(READONLY)
		atime 1516199375.0 (2018-01-17 14:29:35)
		ctime 1516199375.0 (2018-01-17 14:29:35)
		mtime 1516199375.0 (2018-01-17 14:29:35)
		otime 0.0 (1970-01-01 00:00:00)
	item 5 key (257 INODE_REF 256) itemoff 15866 itemsize 15
		index 2 namelen 5 name: image
	item 6 key (257 EXTENT_DATA 0) itemoff 15813 itemsize 53
		generation 3 type 1 (regular)
		extent data disk byte 135270400 nr 1048576
		extent data offset 0 nr 1048576 ram 1048576
		extent compression 0 (none)
	item 7 key (257 EXTENT_DATA 1048576) itemoff 15760 itemsize 53
		generation 3 type 1 (regular)
		extent data disk byte 1048576 nr 33714176
		extent data offset 0 nr 33714176 ram 33714176
		extent compression 0 (none)
	item 8 key (257 EXTENT_DATA 34762752) itemoff 15707 itemsize 53
		generation 3 type 1 (regular)
		extent data disk byte 0 nr 0
		extent data offset 0 nr 32346112 ram 32346112
		extent compression 0 (none)
	item 9 key (257 EXTENT_DATA 67108864) itemoff 15654 itemsize 53
		generation 3 type 1 (regular)
		extent data disk byte 0 nr 0
		extent data offset 0 nr 65536 ram 65536
		extent compression 0 (none)
	item 10 key (257 EXTENT_DATA 67174400) itemoff 15601 itemsize 53
		generation 3 type 1 (regular)
		extent data disk byte 0 nr 0
		extent data offset 0 nr 67043328 ram 67043328
		extent compression 0 (none)
	item 11 key (257 EXTENT_DATA 134217728) itemoff 15548 itemsize 53
		generation 3 type 1 (regular)
		extent data disk byte 134217728 nr 1052672
		extent data offset 0 nr 1052672 ram 1052672
		extent compression 0 (none)
	item 12 key (257 EXTENT_DATA 135270400) itemoff 15495 itemsize 53
		generation 3 type 1 (regular)
